ARM Linker, RVCT4.0 [Build 524] for uVision [Professional]

==============================================================================

Section Cross References

    startup_lpc17xx.o(RESET) refers to startup_lpc17xx.o(STACK) for __initial_sp
    startup_lpc17xx.o(RESET) refers to startup_lpc17xx.o(.text) for Reset_Handler
    startup_lpc17xx.o(RESET) refers to usbhw.o(.text) for USB_IRQHandler
    startup_lpc17xx.o(.text) refers to entry.o(.ARM.Collect$$$$00000000) for __main
    system_lpc17xx.o(.text) refers to system_lpc17xx.o(.data) for SystemFrequency
    usbcore.o(.text) refers to usbhw.o(.text) for USB_ReadEP
    usbcore.o(.text) refers to usbcore.o(i.USB_ReqGetStatus) for USB_ReqGetStatus
    usbcore.o(.text) refers to usbcore.o(i.USB_ReqSetClrFeature) for USB_ReqSetClrFeature
    usbcore.o(.text) refers to usbcore.o(i.USB_ReqGetDescriptor) for USB_ReqGetDescriptor
    usbcore.o(.text) refers to usbcore.o(i.USB_ReqSetConfiguration) for USB_ReqSetConfiguration
    usbcore.o(.text) refers to usbuser.o(.text) for USB_Configure_Event
    usbcore.o(.text) refers to usbcore.o(i.USB_ReqSetInterface) for USB_ReqSetInterface
    usbcore.o(.text) refers to mscuser.o(.text) for MSC_Reset
    usbcore.o(.text) refers to usbcore.o(.data) for USB_DeviceStatus
    usbhw.o(.text) refers to usbcore.o(.data) for USB_DeviceStatus
    usbhw.o(.text) refers to usbuser.o(.text) for USB_Reset_Event
    usbhw.o(.text) refers to usbuser.o(.constdata) for USB_P_EP
    usbuser.o(.text) refers to usbcore.o(.text) for USB_ResetCore
    usbuser.o(.text) refers to memory.o(.text) for LED_Off
    usbuser.o(.text) refers to mscuser.o(.text) for MSC_BulkOut
    usbuser.o(.text) refers to usbcore.o(.data) for USB_Configuration
    usbuser.o(.constdata) refers to usbcore.o(.text) for USB_EndPoint0
    usbuser.o(.constdata) refers to usbuser.o(.text) for USB_EndPoint2
    mscuser.o(.text) refers to usbhw.o(.text) for USB_SetStallEP
    mscuser.o(.text) refers to memory.o(.text) for LED_Off
    mscuser.o(.text) refers to usbcore.o(.data) for USB_EndPointHalt
    mscuser.o(.text) refers to mscuser.o(.bss) for CSW
    mscuser.o(.text) refers to mscuser.o(.data) for BulkStage
    memory.o(.text) refers to system_lpc17xx.o(.text) for SystemInit
    memory.o(.text) refers to usbhw.o(.text) for USB_Init
    memory.o(.text) refers to memory.o(.data) for .data
    memory.o(.text) refers to diskimg.o(.constdata) for DiskImage
    memory.o(.text) refers to mscuser.o(.bss) for Memory
    entry.o(.ARM.Collect$$$$00000000) refers (Special) to entry7.o(.ARM.Collect$$$$00000007) for _main_init
    entry.o(.ARM.Collect$$$$00000000) refers (Special) to entry5.o(.ARM.Collect$$$$00000004) for _main_scatterload
    entry.o(.ARM.Collect$$$$00000000) refers (Special) to entry2.o(.ARM.Collect$$$$00000001) for _main_stk
    entry2.o(.ARM.Collect$$$$00000001) refers to entry2.o(.ARM.Collect$$$$00002712) for __lit__00000000
    entry2.o(.ARM.Collect$$$$00002712) refers to startup_lpc17xx.o(STACK) for __initial_sp
    entry2.o(__vectab_stack_and_reset_area) refers to startup_lpc17xx.o(STACK) for __initial_sp
    entry2.o(__vectab_stack_and_reset_area) refers to entry.o(.ARM.Collect$$$$00000000) for __main
    entry5.o(.ARM.Collect$$$$00000004) refers to init.o(.text) for __scatterload
    entry7.o(.ARM.Collect$$$$00000007) refers to memory.o(.text) for main
    init.o(.text) refers to entry5.o(.ARM.Collect$$$$00000004) for __main_after_scatterload
    usbcore.o(i.USB_ReqGetStatus) refers to usbcore.o(.data) for SetupPacket
    usbcore.o(i.USB_ReqSetClrFeature) refers to usbhw.o(.text) for USB_WakeUpCfg
    usbcore.o(i.USB_ReqSetClrFeature) refers to usbcore.o(.data) for SetupPacket
    usbcore.o(i.USB_ReqSetClrFeature) refers to mscuser.o(.bss) for CSW
    usbcore.o(i.USB_ReqGetDescriptor) refers to usbcore.o(.data) for SetupPacket
    usbcore.o(i.USB_ReqGetDescriptor) refers to usbdesc.o(.constdata) for USB_DeviceDescriptor
    usbcore.o(i.USB_ReqSetConfiguration) refers to usbhw.o(.text) for USB_DisableEP
    usbcore.o(i.USB_ReqSetConfiguration) refers to usbcore.o(.data) for SetupPacket
    usbcore.o(i.USB_ReqSetConfiguration) refers to usbdesc.o(.constdata) for USB_ConfigDescriptor
    usbcore.o(i.USB_ReqSetInterface) refers to usbhw.o(.text) for USB_ConfigEP
    usbcore.o(i.USB_ReqSetInterface) refers to usbcore.o(.data) for SetupPacket
    usbcore.o(i.USB_ReqSetInterface) refers to usbdesc.o(.constdata) for USB_ConfigDescriptor


==============================================================================

Removing Unused input sections from the image.

    Removing startup_lpc17xx.o(HEAP), (0 bytes).

1 unused section(s) (total 0 bytes) removed from the image.

==============================================================================

Image Symbol Table

    Local Symbols

    Symbol Name                              Value     Ov Type        Size  Object(Section)

    RESET                                    0x00000000   Section      204  startup_lpc17xx.o(RESET)
    ../../microlib/init/entry.s              0x00000000   Number         0  entry5.o ABSOLUTE
    ../../microlib/init/entry.s              0x00000000   Number         0  entry2.o ABSOLUTE
    ../../microlib/init/entry.s              0x00000000   Number         0  entry.o ABSOLUTE
    ../../microlib/init/entry.s              0x00000000   Number         0  entry7.o ABSOLUTE
    DiskImg.c                                0x00000000   Number         0  diskimg.o ABSOLUTE
    dc.s                                     0x00000000   Number         0  dc.o ABSOLUTE
    handlers.s                               0x00000000   Number         0  handlers.o ABSOLUTE
    init.s                                   0x00000000   Number         0  init.o ABSOLUTE
    memory.c                                 0x00000000   Number         0  memory.o ABSOLUTE
    mscuser.c                                0x00000000   Number         0  mscuser.o ABSOLUTE
    startup_LPC17xx.s                        0x00000000   Number         0  startup_lpc17xx.o ABSOLUTE
    system_LPC17xx.c                         0x00000000   Number         0  system_lpc17xx.o ABSOLUTE
    usbcore.c                                0x00000000   Number         0  usbcore.o ABSOLUTE
    usbdesc.c                                0x00000000   Number         0  usbdesc.o ABSOLUTE
    usbhw.c                                  0x00000000   Number         0  usbhw.o ABSOLUTE
    usbuser.c                                0x00000000   Number         0  usbuser.o ABSOLUTE
    .ARM.Collect$$$$00000000                 0x000000cc   Section        0  entry.o(.ARM.Collect$$$$00000000)
    .ARM.Collect$$$$00000001                 0x000000cc   Section        4  entry2.o(.ARM.Collect$$$$00000001)
    .ARM.Collect$$$$00000004                 0x000000d0   Section        4  entry5.o(.ARM.Collect$$$$00000004)
    .ARM.Collect$$$$00000007                 0x000000d4   Section        8  entry7.o(.ARM.Collect$$$$00000007)
    .ARM.Collect$$$$00002712                 0x000000dc   Section        4  entry2.o(.ARM.Collect$$$$00002712)
    __lit__00000000                          0x000000dc   Data           4  entry2.o(.ARM.Collect$$$$00002712)
    .text                                    0x000000e0   Section       28  startup_lpc17xx.o(.text)
    .text                                    0x000000fc   Section      120  usbuser.o(.text)
    .text                                    0x00000174   Section      256  memory.o(.text)
    .text                                    0x00000274   Section       36  init.o(.text)
    i.__scatterload_copy                     0x00000298   Section       14  handlers.o(i.__scatterload_copy)
    i.__scatterload_null                     0x000002a6   Section        2  handlers.o(i.__scatterload_null)
    i.__scatterload_zeroinit                 0x000002a8   Section       14  handlers.o(i.__scatterload_zeroinit)
    .constdata                               0x000002b8   Section       64  usbuser.o(.constdata)
    .ARM.__at_0x02FC                         0x000002fc   Section        4  startup_lpc17xx.o(.ARM.__at_0x02FC)
    .text                                    0x00000300   Section      548  system_lpc17xx.o(.text)
    .text                                    0x00000524   Section      840  usbcore.o(.text)
    .text                                    0x0000086c   Section     1340  usbhw.o(.text)
    .text                                    0x00000da8   Section     2052  mscuser.o(.text)
    i.USB_ReqGetDescriptor                   0x000015ac   Section      184  usbcore.o(i.USB_ReqGetDescriptor)
    i.USB_ReqGetStatus                       0x00001664   Section      192  usbcore.o(i.USB_ReqGetStatus)
    i.USB_ReqSetClrFeature                   0x00001724   Section      276  usbcore.o(i.USB_ReqSetClrFeature)
    i.USB_ReqSetConfiguration                0x00001838   Section      440  usbcore.o(i.USB_ReqSetConfiguration)
    i.USB_ReqSetInterface                    0x000019f0   Section      308  usbcore.o(i.USB_ReqSetInterface)
    .constdata                               0x00001b24   Section      163  usbdesc.o(.constdata)
    .constdata                               0x00001bc7   Section     4096  diskimg.o(.constdata)
    .data                                    0x10000000   Section        4  system_lpc17xx.o(.data)
    .data                                    0x10000004   Section       44  usbcore.o(.data)
    .data                                    0x10000030   Section       14  mscuser.o(.data)
    .data                                    0x10000040   Section       36  memory.o(.data)
    led_mask                                 0x10000044   Data          32  memory.o(.data)
    .bss                                     0x10000064   Section    16492  mscuser.o(.bss)
    STACK                                    0x100040d0   Section      512  startup_lpc17xx.o(STACK)

    Global Symbols

    Symbol Name                              Value     Ov Type        Size  Object(Section)

    BuildAttributes$$THM_ISAv4$P$D$K$B$S$PE$A:L22UL41UL21$X:L11$S22US41US21$IEEE1$IW$USESV6$~STKCKD$USESV7$~SHL$OSPACE$EBA8$MICROLIB$REQ8$PRES8$EABIv2 0x00000000   Number         0  anon$$obj.o ABSOLUTE
    __ARM_use_no_argv                        0x00000000   Number         0  memory.o ABSOLUTE
    __Vectors                                0x00000000   Data           4  startup_lpc17xx.o(RESET)
    __decompress                              - Undefined Weak Reference
    __main                                   0x000000cd   Thumb Code     0  entry.o(.ARM.Collect$$$$00000000)
    _main_stk                                0x000000cd   Thumb Code     0  entry2.o(.ARM.Collect$$$$00000001)
    _main_scatterload                        0x000000d1   Thumb Code     0  entry5.o(.ARM.Collect$$$$00000004)
    __main_after_scatterload                 0x000000d5   Thumb Code     0  entry5.o(.ARM.Collect$$$$00000004)
    _main_init                               0x000000d5   Thumb Code     0  entry7.o(.ARM.Collect$$$$00000007)
    Reset_Handler                            0x000000e1   Thumb Code     4  startup_lpc17xx.o(.text)
    NMI_Handler                              0x000000e5   Thumb Code     2  startup_lpc17xx.o(.text)
    HardFault_Handler                        0x000000e7   Thumb Code     2  startup_lpc17xx.o(.text)
    MemManage_Handler                        0x000000e9   Thumb Code     2  startup_lpc17xx.o(.text)
    BusFault_Handler                         0x000000eb   Thumb Code     2  startup_lpc17xx.o(.text)
    UsageFault_Handler                       0x000000ed   Thumb Code     2  startup_lpc17xx.o(.text)
    SVC_Handler                              0x000000ef   Thumb Code     2  startup_lpc17xx.o(.text)
    DebugMon_Handler                         0x000000f1   Thumb Code     2  startup_lpc17xx.o(.text)
    PendSV_Handler                           0x000000f3   Thumb Code     2  startup_lpc17xx.o(.text)
    SysTick_Handler                          0x000000f5   Thumb Code     2  startup_lpc17xx.o(.text)
    ADC_IRQHandler                           0x000000f7   Thumb Code     0  startup_lpc17xx.o(.text)
    BOD_IRQHandler                           0x000000f7   Thumb Code     0  startup_lpc17xx.o(.text)
    CANActivity_IRQHandler                   0x000000f7   Thumb Code     0  startup_lpc17xx.o(.text)
    CAN_IRQHandler                           0x000000f7   Thumb Code     0  startup_lpc17xx.o(.text)
    DMA_IRQHandler                           0x000000f7   Thumb Code     0  startup_lpc17xx.o(.text)
    EINT0_IRQHandler                         0x000000f7   Thumb Code     0  startup_lpc17xx.o(.text)
    EINT1_IRQHandler                         0x000000f7   Thumb Code     0  startup_lpc17xx.o(.text)
    EINT2_IRQHandler                         0x000000f7   Thumb Code     0  startup_lpc17xx.o(.text)
    EINT3_IRQHandler                         0x000000f7   Thumb Code     0  startup_lpc17xx.o(.text)
    ENET_IRQHandler                          0x000000f7   Thumb Code     0  startup_lpc17xx.o(.text)
    I2C0_IRQHandler                          0x000000f7   Thumb Code     0  startup_lpc17xx.o(.text)
    I2C1_IRQHandler                          0x000000f7   Thumb Code     0  startup_lpc17xx.o(.text)
    I2C2_IRQHandler                          0x000000f7   Thumb Code     0  startup_lpc17xx.o(.text)
    I2S_IRQHandler                           0x000000f7   Thumb Code     0  startup_lpc17xx.o(.text)
    MCPWM_IRQHandler                         0x000000f7   Thumb Code     0  startup_lpc17xx.o(.text)
    PLL0_IRQHandler                          0x000000f7   Thumb Code     0  startup_lpc17xx.o(.text)
    PLL1_IRQHandler                          0x000000f7   Thumb Code     0  startup_lpc17xx.o(.text)
    PWM1_IRQHandler                          0x000000f7   Thumb Code     0  startup_lpc17xx.o(.text)
    QEI_IRQHandler                           0x000000f7   Thumb Code     0  startup_lpc17xx.o(.text)
    RIT_IRQHandler                           0x000000f7   Thumb Code     0  startup_lpc17xx.o(.text)
    RTC_IRQHandler                           0x000000f7   Thumb Code     0  startup_lpc17xx.o(.text)
    SPI_IRQHandler                           0x000000f7   Thumb Code     0  startup_lpc17xx.o(.text)
    SSP0_IRQHandler                          0x000000f7   Thumb Code     0  startup_lpc17xx.o(.text)
    SSP1_IRQHandler                          0x000000f7   Thumb Code     0  startup_lpc17xx.o(.text)
    TIMER0_IRQHandler                        0x000000f7   Thumb Code     0  startup_lpc17xx.o(.text)
    TIMER1_IRQHandler                        0x000000f7   Thumb Code     0  startup_lpc17xx.o(.text)
    TIMER2_IRQHandler                        0x000000f7   Thumb Code     0  startup_lpc17xx.o(.text)
    TIMER3_IRQHandler                        0x000000f7   Thumb Code     0  startup_lpc17xx.o(.text)
    UART0_IRQHandler                         0x000000f7   Thumb Code     0  startup_lpc17xx.o(.text)
    UART1_IRQHandler                         0x000000f7   Thumb Code     0  startup_lpc17xx.o(.text)
    UART2_IRQHandler                         0x000000f7   Thumb Code     0  startup_lpc17xx.o(.text)
    UART3_IRQHandler                         0x000000f7   Thumb Code     0  startup_lpc17xx.o(.text)
    USBActivity_IRQHandler                   0x000000f7   Thumb Code     0  startup_lpc17xx.o(.text)
    WDT_IRQHandler                           0x000000f7   Thumb Code     0  startup_lpc17xx.o(.text)
    USB_Reset_Event                          0x000000fd   Thumb Code    14  usbuser.o(.text)
    USB_Suspend_Event                        0x0000010b   Thumb Code    10  usbuser.o(.text)
    USB_Resume_Event                         0x00000115   Thumb Code    10  usbuser.o(.text)
    USB_Configure_Event                      0x0000011f   Thumb Code    24  usbuser.o(.text)
    USB_EndPoint1                            0x00000137   Thumb Code     2  usbuser.o(.text)
    USB_EndPoint2                            0x00000139   Thumb Code    30  usbuser.o(.text)
    USB_EndPoint3                            0x00000157   Thumb Code     2  usbuser.o(.text)
    USB_EndPoint4                            0x00000159   Thumb Code     2  usbuser.o(.text)
    USB_EndPoint5                            0x0000015b   Thumb Code     2  usbuser.o(.text)
    USB_EndPoint6                            0x0000015d   Thumb Code     2  usbuser.o(.text)
    USB_EndPoint7                            0x0000015f   Thumb Code     2  usbuser.o(.text)
    USB_EndPoint8                            0x00000161   Thumb Code     2  usbuser.o(.text)
    USB_EndPoint9                            0x00000163   Thumb Code     2  usbuser.o(.text)
    USB_EndPoint10                           0x00000165   Thumb Code     2  usbuser.o(.text)
    USB_EndPoint11                           0x00000167   Thumb Code     2  usbuser.o(.text)
    USB_EndPoint12                           0x00000169   Thumb Code     2  usbuser.o(.text)
    USB_EndPoint13                           0x0000016b   Thumb Code     2  usbuser.o(.text)
    USB_EndPoint14                           0x0000016d   Thumb Code     2  usbuser.o(.text)
    USB_EndPoint15                           0x0000016f   Thumb Code     2  usbuser.o(.text)
    LED_Set                                  0x00000175   Thumb Code    98  memory.o(.text)
    LED_On                                   0x000001d7   Thumb Code    24  memory.o(.text)
    LED_Off                                  0x000001ef   Thumb Code    24  memory.o(.text)
    main                                     0x00000207   Thumb Code    90  memory.o(.text)
    __scatterload                            0x00000275   Thumb Code    28  init.o(.text)
    __scatterload_rt2                        0x00000275   Thumb Code     0  init.o(.text)
    __scatterload_copy                       0x00000299   Thumb Code    14  handlers.o(i.__scatterload_copy)
    __scatterload_null                       0x000002a7   Thumb Code     2  handlers.o(i.__scatterload_null)
    __scatterload_zeroinit                   0x000002a9   Thumb Code    14  handlers.o(i.__scatterload_zeroinit)
    USB_P_EP                                 0x000002b8   Data          64  usbuser.o(.constdata)
    SystemInit                               0x00000301   Thumb Code   520  system_lpc17xx.o(.text)
    USB_ResetCore                            0x00000525   Thumb Code    34  usbcore.o(.text)
    USB_SetupStage                           0x00000547   Thumb Code    12  usbcore.o(.text)
    USB_DataInStage                          0x00000553   Thumb Code    52  usbcore.o(.text)
    USB_DataOutStage                         0x00000587   Thumb Code    34  usbcore.o(.text)
    USB_StatusInStage                        0x000005a9   Thumb Code    14  usbcore.o(.text)
    USB_StatusOutStage                       0x000005b7   Thumb Code    12  usbcore.o(.text)
    USB_EndPoint0                            0x000005c3   Thumb Code   636  usbcore.o(.text)
    EPAdr                                    0x0000086d   Thumb Code    16  usbhw.o(.text)
    WrCmd                                    0x0000087d   Thumb Code    28  usbhw.o(.text)
    WrCmdDat                                 0x00000899   Thumb Code    54  usbhw.o(.text)
    WrCmdEP                                  0x000008cf   Thumb Code    74  usbhw.o(.text)
    RdCmdDat                                 0x00000919   Thumb Code    36  usbhw.o(.text)
    USB_SetAddress                           0x0000093d   Thumb Code    42  usbhw.o(.text)
    USB_Reset                                0x00000967   Thumb Code    76  usbhw.o(.text)
    USB_Init                                 0x000009b3   Thumb Code   142  usbhw.o(.text)
    USB_Connect                              0x00000a41   Thumb Code    28  usbhw.o(.text)
    USB_Suspend                              0x00000a5d   Thumb Code     2  usbhw.o(.text)
    USB_Resume                               0x00000a5f   Thumb Code     2  usbhw.o(.text)
    USB_WakeUp                               0x00000a61   Thumb Code    22  usbhw.o(.text)
    USB_WakeUpCfg                            0x00000a77   Thumb Code     2  usbhw.o(.text)
    USB_Configure                            0x00000a79   Thumb Code    58  usbhw.o(.text)
    USB_ConfigEP                             0x00000ab3   Thumb Code    68  usbhw.o(.text)
    USB_DirCtrlEP                            0x00000af7   Thumb Code     2  usbhw.o(.text)
    USB_EnableEP                             0x00000af9   Thumb Code    26  usbhw.o(.text)
    USB_DisableEP                            0x00000b13   Thumb Code    26  usbhw.o(.text)
    USB_ResetEP                              0x00000b2d   Thumb Code    26  usbhw.o(.text)
    USB_SetStallEP                           0x00000b47   Thumb Code    26  usbhw.o(.text)
    USB_ClrStallEP                           0x00000b61   Thumb Code    26  usbhw.o(.text)
    USB_ClearEPBuf                           0x00000b7b   Thumb Code    14  usbhw.o(.text)
    USB_ReadEP                               0x00000b89   Thumb Code   100  usbhw.o(.text)
    USB_WriteEP                              0x00000bed   Thumb Code    74  usbhw.o(.text)
    USB_GetFrame                             0x00000c37   Thumb Code    30  usbhw.o(.text)
    USB_IRQHandler                           0x00000c55   Thumb Code   328  usbhw.o(.text)
    MSC_SetStallEP                           0x00000da9   Thumb Code    44  mscuser.o(.text)
    MSC_Reset                                0x00000dd5   Thumb Code    26  mscuser.o(.text)
    MSC_GetMaxLUN                            0x00000def   Thumb Code    10  mscuser.o(.text)
    MSC_MemoryRead                           0x00000df9   Thumb Code   124  mscuser.o(.text)
    MSC_SetCSW                               0x00000e75   Thumb Code    24  mscuser.o(.text)
    MSC_MemoryWrite                          0x00000e8d   Thumb Code   142  mscuser.o(.text)
    MSC_MemoryVerify                         0x00000f1b   Thumb Code   160  mscuser.o(.text)
    MSC_RWSetup                              0x00000fbb   Thumb Code   200  mscuser.o(.text)
    DataInFormat                             0x00001083   Thumb Code    56  mscuser.o(.text)
    DataInTransfer                           0x000010bb   Thumb Code    68  mscuser.o(.text)
    MSC_TestUnitReady                        0x000010ff   Thumb Code    44  mscuser.o(.text)
    MSC_RequestSense                         0x0000112b   Thumb Code    78  mscuser.o(.text)
    MSC_Inquiry                              0x00001179   Thumb Code   220  mscuser.o(.text)
    MSC_ModeSense6                           0x00001255   Thumb Code    36  mscuser.o(.text)
    MSC_ModeSense10                          0x00001279   Thumb Code    46  mscuser.o(.text)
    MSC_ReadCapacity                         0x000012a7   Thumb Code    50  mscuser.o(.text)
    MSC_ReadFormatCapacity                   0x000012d9   Thumb Code    64  mscuser.o(.text)
    MSC_GetCBW                               0x00001319   Thumb Code   452  mscuser.o(.text)
    MSC_BulkIn                               0x000014dd   Thumb Code    80  mscuser.o(.text)
    MSC_BulkOut                              0x0000152d   Thumb Code    96  mscuser.o(.text)
    USB_ReqGetDescriptor                     0x000015ad   Thumb Code   162  usbcore.o(i.USB_ReqGetDescriptor)
    USB_ReqGetStatus                         0x00001665   Thumb Code   160  usbcore.o(i.USB_ReqGetStatus)
    USB_ReqSetClrFeature                     0x00001725   Thumb Code   244  usbcore.o(i.USB_ReqSetClrFeature)
    USB_ReqSetConfiguration                  0x00001839   Thumb Code   402  usbcore.o(i.USB_ReqSetConfiguration)
    USB_ReqSetInterface                      0x000019f1   Thumb Code   282  usbcore.o(i.USB_ReqSetInterface)
    USB_DeviceDescriptor                     0x00001b24   Data          18  usbdesc.o(.constdata)
    USB_ConfigDescriptor                     0x00001b36   Data          33  usbdesc.o(.constdata)
    USB_StringDescriptor                     0x00001b57   Data         112  usbdesc.o(.constdata)
    DiskImage                                0x00001bc7   Data        4096  diskimg.o(.constdata)
    Region$$Table$$Base                      0x00002bc8   Number         0  anon$$obj.o(Region$$Table)
    Region$$Table$$Limit                     0x00002be8   Number         0  anon$$obj.o(Region$$Table)
    SystemFrequency                          0x10000000   Data           4  system_lpc17xx.o(.data)
    USB_DeviceStatus                         0x10000004   Data           2  usbcore.o(.data)
    USB_DeviceAddress                        0x10000006   Data           1  usbcore.o(.data)
    USB_Configuration                        0x10000007   Data           1  usbcore.o(.data)
    USB_EndPointMask                         0x10000008   Data           4  usbcore.o(.data)
    USB_EndPointHalt                         0x1000000c   Data           4  usbcore.o(.data)
    USB_EndPointStall                        0x10000010   Data           4  usbcore.o(.data)
    USB_NumInterfaces                        0x10000014   Data           1  usbcore.o(.data)
    USB_AltSetting                           0x10000015   Data           1  usbcore.o(.data)
    EP0Buf                                   0x10000016   Data           8  usbcore.o(.data)
    EP0Data                                  0x10000020   Data           8  usbcore.o(.data)
    SetupPacket                              0x10000028   Data           8  usbcore.o(.data)
    MemOK                                    0x10000030   Data           4  mscuser.o(.data)
    Offset                                   0x10000034   Data           4  mscuser.o(.data)
    Length                                   0x10000038   Data           4  mscuser.o(.data)
    BulkStage                                0x1000003c   Data           1  mscuser.o(.data)
    BulkLen                                  0x1000003d   Data           1  mscuser.o(.data)
    LED_State                                0x10000040   Data           4  memory.o(.data)
    Memory                                   0x10000064   Data       16384  mscuser.o(.bss)
    BulkBuf                                  0x10004064   Data          64  mscuser.o(.bss)
    CBW                                      0x100040a4   Data          31  mscuser.o(.bss)
    CSW                                      0x100040c3   Data          13  mscuser.o(.bss)
    __initial_sp                             0x100042d0   Data           0  startup_lpc17xx.o(STACK)



==============================================================================

Memory Map of the image

  Image Entry point : 0x000000cd

  Load Region LR_IROM1 (Base: 0x00000000, Size: 0x00002c4c, Max: 0x00080000, ABSOLUTE)

    Execution Region ER_IROM1 (Base: 0x00000000, Size: 0x00002be8, Max: 0x00080000, ABSOLUTE)

    Base Addr    Size         Type   Attr      Idx    E Section Name        Object

    0x00000000   0x000000cc   Data   RO            3    RESET               startup_lpc17xx.o
    0x000000cc   0x00000000   Code   RO          235  * .ARM.Collect$$$$00000000  entry.o(mc_w.l)
    0x000000cc   0x00000004   Code   RO          238    .ARM.Collect$$$$00000001  entry2.o(mc_w.l)
    0x000000d0   0x00000004   Code   RO          241    .ARM.Collect$$$$00000004  entry5.o(mc_w.l)
    0x000000d4   0x00000008   Code   RO          242    .ARM.Collect$$$$00000007  entry7.o(mc_w.l)
    0x000000dc   0x00000004   Code   RO          239    .ARM.Collect$$$$00002712  entry2.o(mc_w.l)
    0x000000e0   0x0000001c   Code   RO            5    .text               startup_lpc17xx.o
    0x000000fc   0x00000078   Code   RO          166    .text               usbuser.o
    0x00000174   0x00000100   Code   RO          204    .text               memory.o
    0x00000274   0x00000024   Code   RO          243    .text               init.o(mc_w.l)
    0x00000298   0x0000000e   Code   RO          247    i.__scatterload_copy  handlers.o(mc_w.l)
    0x000002a6   0x00000002   Code   RO          248    i.__scatterload_null  handlers.o(mc_w.l)
    0x000002a8   0x0000000e   Code   RO          249    i.__scatterload_zeroinit  handlers.o(mc_w.l)
    0x000002b6   0x00000002   PAD
    0x000002b8   0x00000040   Data   RO          167    .constdata          usbuser.o
    0x000002f8   0x00000004   PAD
    0x000002fc   0x00000004   Code   RO            4    .ARM.__at_0x02FC    startup_lpc17xx.o
    0x00000300   0x00000224   Code   RO           13    .text               system_lpc17xx.o
    0x00000524   0x00000348   Code   RO           41    .text               usbcore.o
    0x0000086c   0x0000053c   Code   RO          137    .text               usbhw.o
    0x00000da8   0x00000804   Code   RO          188    .text               mscuser.o
    0x000015ac   0x000000b8   Code   RO           65    i.USB_ReqGetDescriptor  usbcore.o
    0x00001664   0x000000c0   Code   RO           53    i.USB_ReqGetStatus  usbcore.o
    0x00001724   0x00000114   Code   RO           59    i.USB_ReqSetClrFeature  usbcore.o
    0x00001838   0x000001b8   Code   RO           71    i.USB_ReqSetConfiguration  usbcore.o
    0x000019f0   0x00000134   Code   RO           77    i.USB_ReqSetInterface  usbcore.o
    0x00001b24   0x000000a3   Data   RO          125    .constdata          usbdesc.o
    0x00001bc7   0x00001000   Data   RO          223    .constdata          diskimg.o
    0x00002bc7   0x00000001   PAD
    0x00002bc8   0x00000020   Data   RO          245    Region$$Table       anon$$obj.o


    Execution Region RW_IRAM1 (Base: 0x10000000, Size: 0x000042d0, Max: 0x00008000, ABSOLUTE)

    Base Addr    Size         Type   Attr      Idx    E Section Name        Object

    0x10000000   0x00000004   Data   RW           14    .data               system_lpc17xx.o
    0x10000004   0x0000002c   Data   RW           42    .data               usbcore.o
    0x10000030   0x0000000e   Data   RW          190    .data               mscuser.o
    0x1000003e   0x00000002   PAD
    0x10000040   0x00000024   Data   RW          205    .data               memory.o
    0x10000064   0x0000406c   Zero   RW          189    .bss                mscuser.o
    0x100040d0   0x00000200   Zero   RW            1    STACK               startup_lpc17xx.o


==============================================================================

Image component sizes


      Code (inc. data)   RO Data    RW Data    ZI Data      Debug   Object Name

         0          0       4096          0          0        464   diskimg.o
       256         20          0         36          0       1266   memory.o
      2052         84          0         14      16492       5135   mscuser.o
        32          8        204          0        512        652   startup_lpc17xx.o
       548         28          0          4          0       4987   system_lpc17xx.o
      2240        216          0         44          0      14541   usbcore.o
         0          0        163          0          0        661   usbdesc.o
      1340         90          0          0          0      27786   usbhw.o
       120          4         64          0          0       3472   usbuser.o

    ----------------------------------------------------------------------
      6588        450       4564        100      17004      58964   Object Totals
         0          0         32          0          0          0   (incl. Generated)
         0          0          5          2          0          0   (incl. Padding)

    ----------------------------------------------------------------------

      Code (inc. data)   RO Data    RW Data    ZI Data      Debug   Library Member Name

         0          0          0          0          0          0   entry.o
         8          4          0          0          0          0   entry2.o
         4          0          0          0          0          0   entry5.o
         8          4          0          0          0          0   entry7.o
        30          0          0          0          0          0   handlers.o
        36          8          0          0          0         68   init.o

    ----------------------------------------------------------------------
        88         16          0          0          0         68   Library Totals
         2          0          0          0          0          0   (incl. Padding)

    ----------------------------------------------------------------------

      Code (inc. data)   RO Data    RW Data    ZI Data      Debug   Library Name

        86         16          0          0          0         68   mc_w.l

    ----------------------------------------------------------------------
        88         16          0          0          0         68   Library Totals

    ----------------------------------------------------------------------

==============================================================================


      Code (inc. data)   RO Data    RW Data    ZI Data      Debug   

      6676        466       4564        100      17004      58332   Grand Totals
      6676        466       4564        100      17004      58332   ELF Image Totals
      6676        466       4564        100          0          0   ROM Totals

==============================================================================

    Total RO  Size (Code + RO Data)                11240 (  10.98kB)
    Total RW  Size (RW Data + ZI Data)             17104 (  16.70kB)
    Total ROM Size (Code + RO Data + RW Data)      11340 (  11.07kB)

==============================================================================

