ARM Linker, 4.1 [Build 713] [Standard]

==============================================================================

Section Cross References

    uart.o(.text) refers to uidiv.o(.text) for __aeabi_uidivmod
    uart.o(.text) refers to uart.o(.data) for UARTStatus
    uart.o(.text) refers to uart.o(.bss) for UARTBuffer
    uart.o(.text) refers to system_lpc11xx.o(.data) for SystemAHBFrequency
    system_lpc11xx.o(.text) refers to system_lpc11xx.o(.data) for ClockSource
    startup_lpc11xx.o(RESET) refers to startup_lpc11xx.o(STACK) for __initial_sp
    startup_lpc11xx.o(RESET) refers to startup_lpc11xx.o(.text) for Reset_Handler
    startup_lpc11xx.o(RESET) refers to uart.o(.text) for UART_IRQHandler
    startup_lpc11xx.o(.text) refers to entry.o(.ARM.Collect$$$$00000000) for __main
    uarttest.o(.text) refers to system_lpc11xx.o(.text) for SystemInit
    uarttest.o(.text) refers to uart.o(.text) for UARTInit
    uarttest.o(.text) refers to uart.o(.data) for UARTCount
    uarttest.o(.text) refers to uart.o(.bss) for UARTBuffer
    entry.o(.ARM.Collect$$$$00000000) refers (Special) to entry7.o(.ARM.Collect$$$$00000007) for _main_init
    entry.o(.ARM.Collect$$$$00000000) refers (Special) to entry5.o(.ARM.Collect$$$$00000004) for _main_scatterload
    entry.o(.ARM.Collect$$$$00000000) refers (Special) to entry2.o(.ARM.Collect$$$$00000001) for _main_stk
    entry2.o(.ARM.Collect$$$$00000001) refers to entry2.o(.ARM.Collect$$$$00002712) for __lit__00000000
    entry2.o(.ARM.Collect$$$$00002712) refers to startup_lpc11xx.o(STACK) for __initial_sp
    entry2.o(__vectab_stack_and_reset_area) refers to startup_lpc11xx.o(STACK) for __initial_sp
    entry2.o(__vectab_stack_and_reset_area) refers to entry.o(.ARM.Collect$$$$00000000) for __main
    entry5.o(.ARM.Collect$$$$00000004) refers to init.o(.text) for __scatterload
    entry7.o(.ARM.Collect$$$$00000007) refers to uarttest.o(.text) for main
    init.o(.text) refers to entry5.o(.ARM.Collect$$$$00000004) for __main_after_scatterload


==============================================================================

Removing Unused input sections from the image.

    Removing startup_lpc11xx.o(HEAP), (0 bytes).

1 unused section(s) (total 0 bytes) removed from the image.

==============================================================================

Image Symbol Table

    Local Symbols

    Symbol Name                              Value     Ov Type        Size  Object(Section)

    RESET                                    0x00000000   Section      192  startup_lpc11xx.o(RESET)
    ../../microlib/division.c                0x00000000   Number         0  uidiv.o ABSOLUTE
    ../../microlib/init/entry.s              0x00000000   Number         0  entry7.o ABSOLUTE
    ../../microlib/init/entry.s              0x00000000   Number         0  entry5.o ABSOLUTE
    ../../microlib/init/entry.s              0x00000000   Number         0  entry2.o ABSOLUTE
    ../../microlib/init/entry.s              0x00000000   Number         0  entry.o ABSOLUTE
    ..\Common\src\core_cm0.c                 0x00000000   Number         0  core_cm0.o ABSOLUTE
    ..\Common\src\startup_LPC11xx.s          0x00000000   Number         0  startup_lpc11xx.o ABSOLUTE
    ..\Common\src\system_LPC11xx.c           0x00000000   Number         0  system_lpc11xx.o ABSOLUTE
    ..\Common\src\uart.c                     0x00000000   Number         0  uart.o ABSOLUTE
    dc.s                                     0x00000000   Number         0  dc.o ABSOLUTE
    handlers.s                               0x00000000   Number         0  handlers.o ABSOLUTE
    init.s                                   0x00000000   Number         0  init.o ABSOLUTE
    uarttest.c                               0x00000000   Number         0  uarttest.o ABSOLUTE
    .ARM.Collect$$$$00000000                 0x000000c0   Section        0  entry.o(.ARM.Collect$$$$00000000)
    .ARM.Collect$$$$00000001                 0x000000c0   Section        4  entry2.o(.ARM.Collect$$$$00000001)
    .ARM.Collect$$$$00000004                 0x000000c4   Section        4  entry5.o(.ARM.Collect$$$$00000004)
    .ARM.Collect$$$$00000007                 0x000000c8   Section        8  entry7.o(.ARM.Collect$$$$00000007)
    .ARM.Collect$$$$00002712                 0x000000d0   Section        4  entry2.o(.ARM.Collect$$$$00002712)
    __lit__00000000                          0x000000d0   Data           4  entry2.o(.ARM.Collect$$$$00002712)
    .text                                    0x000000d4   Section        0  uart.o(.text)
    .text                                    0x00000294   Section        0  system_lpc11xx.o(.text)
    .text                                    0x00000374   Section       28  startup_lpc11xx.o(.text)
    .text                                    0x00000390   Section        0  uarttest.o(.text)
    .text                                    0x000003d0   Section        0  uidiv.o(.text)
    .text                                    0x000003fc   Section       36  init.o(.text)
    i.__scatterload_copy                     0x00000420   Section       14  handlers.o(i.__scatterload_copy)
    i.__scatterload_null                     0x0000042e   Section        2  handlers.o(i.__scatterload_null)
    i.__scatterload_zeroinit                 0x00000430   Section       14  handlers.o(i.__scatterload_zeroinit)
    .data                                    0x10000000   Section       12  uart.o(.data)
    .data                                    0x1000000c   Section       12  system_lpc11xx.o(.data)
    .bss                                     0x10000018   Section       64  uart.o(.bss)
    STACK                                    0x10000058   Section      512  startup_lpc11xx.o(STACK)

    Global Symbols

    Symbol Name                              Value     Ov Type        Size  Object(Section)

    BuildAttributes$$THM_ISAv3M$S$PE$A:L22$X:L11$S22$IEEE1$IW$USESV6$~STKCKD$USESV7$~SHL$OSPACE$EBA8$MICROLIB$REQ8$PRES8$EABIv2 0x00000000   Number         0  anon$$obj.o ABSOLUTE
    __ARM_use_no_argv                        0x00000000   Number         0  uarttest.o ABSOLUTE
    __Vectors                                0x00000000   Data           4  startup_lpc11xx.o(RESET)
    __decompress                              - Undefined Weak Reference
    __main                                   0x000000c1   Thumb Code     0  entry.o(.ARM.Collect$$$$00000000)
    _main_stk                                0x000000c1   Thumb Code     0  entry2.o(.ARM.Collect$$$$00000001)
    _main_scatterload                        0x000000c5   Thumb Code     0  entry5.o(.ARM.Collect$$$$00000004)
    __main_after_scatterload                 0x000000c9   Thumb Code     0  entry5.o(.ARM.Collect$$$$00000004)
    _main_init                               0x000000c9   Thumb Code     0  entry7.o(.ARM.Collect$$$$00000007)
    UART_IRQHandler                          0x000000d5   Thumb Code   180  uart.o(.text)
    UARTInit                                 0x00000189   Thumb Code   194  uart.o(.text)
    UARTSend                                 0x0000024b   Thumb Code    30  uart.o(.text)
    Main_PLL_Setup                           0x00000295   Thumb Code   134  system_lpc11xx.o(.text)
    SystemInit                               0x0000031b   Thumb Code    56  system_lpc11xx.o(.text)
    Reset_Handler                            0x00000375   Thumb Code     4  startup_lpc11xx.o(.text)
    NMI_Handler                              0x00000379   Thumb Code     2  startup_lpc11xx.o(.text)
    HardFault_Handler                        0x0000037b   Thumb Code     2  startup_lpc11xx.o(.text)
    MemManage_Handler                        0x0000037d   Thumb Code     2  startup_lpc11xx.o(.text)
    BusFault_Handler                         0x0000037f   Thumb Code     2  startup_lpc11xx.o(.text)
    UsageFault_Handler                       0x00000381   Thumb Code     2  startup_lpc11xx.o(.text)
    SVC_Handler                              0x00000383   Thumb Code     2  startup_lpc11xx.o(.text)
    DebugMon_Handler                         0x00000385   Thumb Code     2  startup_lpc11xx.o(.text)
    PendSV_Handler                           0x00000387   Thumb Code     2  startup_lpc11xx.o(.text)
    SysTick_Handler                          0x00000389   Thumb Code     2  startup_lpc11xx.o(.text)
    ADC_IRQHandler                           0x0000038b   Thumb Code     0  startup_lpc11xx.o(.text)
    BOD_IRQHandler                           0x0000038b   Thumb Code     0  startup_lpc11xx.o(.text)
    CAN_IRQHandler                           0x0000038b   Thumb Code     0  startup_lpc11xx.o(.text)
    FMC_IRQHandler                           0x0000038b   Thumb Code     0  startup_lpc11xx.o(.text)
    I2C_IRQHandler                           0x0000038b   Thumb Code     0  startup_lpc11xx.o(.text)
    PIOINT0_IRQHandler                       0x0000038b   Thumb Code     0  startup_lpc11xx.o(.text)
    PIOINT1_IRQHandler                       0x0000038b   Thumb Code     0  startup_lpc11xx.o(.text)
    PIOINT2_IRQHandler                       0x0000038b   Thumb Code     0  startup_lpc11xx.o(.text)
    PIOINT3_IRQHandler                       0x0000038b   Thumb Code     0  startup_lpc11xx.o(.text)
    SSP0_IRQHandler                          0x0000038b   Thumb Code     0  startup_lpc11xx.o(.text)
    SSP1_IRQHandler                          0x0000038b   Thumb Code     0  startup_lpc11xx.o(.text)
    TIMER16_0_IRQHandler                     0x0000038b   Thumb Code     0  startup_lpc11xx.o(.text)
    TIMER16_1_IRQHandler                     0x0000038b   Thumb Code     0  startup_lpc11xx.o(.text)
    TIMER32_0_IRQHandler                     0x0000038b   Thumb Code     0  startup_lpc11xx.o(.text)
    TIMER32_1_IRQHandler                     0x0000038b   Thumb Code     0  startup_lpc11xx.o(.text)
    USB_FIQHandler                           0x0000038b   Thumb Code     0  startup_lpc11xx.o(.text)
    USB_IRQHandler                           0x0000038b   Thumb Code     0  startup_lpc11xx.o(.text)
    WAKEUP_IRQHandler                        0x0000038b   Thumb Code     0  startup_lpc11xx.o(.text)
    WDT_IRQHandler                           0x0000038b   Thumb Code     0  startup_lpc11xx.o(.text)
    main                                     0x00000391   Thumb Code    52  uarttest.o(.text)
    __aeabi_uidiv                            0x000003d1   Thumb Code     0  uidiv.o(.text)
    __aeabi_uidivmod                         0x000003d1   Thumb Code    44  uidiv.o(.text)
    __scatterload                            0x000003fd   Thumb Code    28  init.o(.text)
    __scatterload_rt2                        0x000003fd   Thumb Code     0  init.o(.text)
    __scatterload_copy                       0x00000421   Thumb Code    14  handlers.o(i.__scatterload_copy)
    __scatterload_null                       0x0000042f   Thumb Code     2  handlers.o(i.__scatterload_null)
    __scatterload_zeroinit                   0x00000431   Thumb Code    14  handlers.o(i.__scatterload_zeroinit)
    Region$$Table$$Base                      0x00000440   Number         0  anon$$obj.o(Region$$Table)
    Region$$Table$$Limit                     0x00000450   Number         0  anon$$obj.o(Region$$Table)
    UARTTxEmpty                              0x10000000   Data           1  uart.o(.data)
    UARTCount                                0x10000004   Data           4  uart.o(.data)
    UARTStatus                               0x10000008   Data           4  uart.o(.data)
    ClockSource                              0x1000000c   Data           4  system_lpc11xx.o(.data)
    SystemFrequency                          0x10000010   Data           4  system_lpc11xx.o(.data)
    SystemAHBFrequency                       0x10000014   Data           4  system_lpc11xx.o(.data)
    UARTBuffer                               0x10000018   Data          64  uart.o(.bss)
    __initial_sp                             0x10000258   Data           0  startup_lpc11xx.o(STACK)



==============================================================================

Memory Map of the image

  Image Entry point : 0x000000c1

  Load Region LR_IROM1 (Base: 0x00000000, Size: 0x00000468, Max: 0x00008000, ABSOLUTE)

    Execution Region ER_IROM1 (Base: 0x00000000, Size: 0x00000450, Max: 0x00008000, ABSOLUTE)

    Base Addr    Size         Type   Attr      Idx    E Section Name        Object

    0x00000000   0x000000c0   Data   RO           64    RESET               startup_lpc11xx.o
    0x000000c0   0x00000000   Code   RO           83  * .ARM.Collect$$$$00000000  mc_p.l(entry.o)
    0x000000c0   0x00000004   Code   RO           88    .ARM.Collect$$$$00000001  mc_p.l(entry2.o)
    0x000000c4   0x00000004   Code   RO           91    .ARM.Collect$$$$00000004  mc_p.l(entry5.o)
    0x000000c8   0x00000008   Code   RO           92    .ARM.Collect$$$$00000007  mc_p.l(entry7.o)
    0x000000d0   0x00000004   Code   RO           89    .ARM.Collect$$$$00002712  mc_p.l(entry2.o)
    0x000000d4   0x000001c0   Code   RO            1    .text               uart.o
    0x00000294   0x000000e0   Code   RO           35    .text               system_lpc11xx.o
    0x00000374   0x0000001c   Code   RO           65    .text               startup_lpc11xx.o
    0x00000390   0x00000040   Code   RO           70    .text               uarttest.o
    0x000003d0   0x0000002c   Code   RO           86    .text               mc_p.l(uidiv.o)
    0x000003fc   0x00000024   Code   RO           93    .text               mc_p.l(init.o)
    0x00000420   0x0000000e   Code   RO           97    i.__scatterload_copy  mc_p.l(handlers.o)
    0x0000042e   0x00000002   Code   RO           98    i.__scatterload_null  mc_p.l(handlers.o)
    0x00000430   0x0000000e   Code   RO           99    i.__scatterload_zeroinit  mc_p.l(handlers.o)
    0x0000043e   0x00000002   PAD
    0x00000440   0x00000010   Data   RO           95    Region$$Table       anon$$obj.o


    Execution Region RW_IRAM1 (Base: 0x10000000, Size: 0x00000258, Max: 0x00002000, ABSOLUTE, UNINIT)

    Base Addr    Size         Type   Attr      Idx    E Section Name        Object

    0x10000000   0x0000000c   Data   RW            3    .data               uart.o
    0x1000000c   0x0000000c   Data   RW           36    .data               system_lpc11xx.o
    0x10000018   0x00000040   Zero   RW            2    .bss                uart.o
    0x10000058   0x00000200   Zero   RW           62    STACK               startup_lpc11xx.o


==============================================================================

Image component sizes


      Code (inc. data)   RO Data    RW Data    ZI Data      Debug   Object Name

        28          4        192          0        512        764   startup_lpc11xx.o
       224         34          0         12          0        985   system_lpc11xx.o
       448         44          0         12         64      15926   uart.o
        64         12          0          0          0        383   uarttest.o

    ----------------------------------------------------------------------
       764         94        208         24        576      18058   Object Totals
         0          0         16          0          0          0   (incl. Generated)
         0          0          0          0          0          0   (incl. Padding)

    ----------------------------------------------------------------------

      Code (inc. data)   RO Data    RW Data    ZI Data      Debug   Library Member Name

         0          0          0          0          0          0   entry.o
         8          4          0          0          0          0   entry2.o
         4          0          0          0          0          0   entry5.o
         8          4          0          0          0          0   entry7.o
        30          0          0          0          0          0   handlers.o
        36          8          0          0          0         68   init.o
        44          0          0          0          0         72   uidiv.o

    ----------------------------------------------------------------------
       132         16          0          0          0        140   Library Totals
         2          0          0          0          0          0   (incl. Padding)

    ----------------------------------------------------------------------

      Code (inc. data)   RO Data    RW Data    ZI Data      Debug   Library Name

       130         16          0          0          0        140   mc_p.l

    ----------------------------------------------------------------------
       132         16          0          0          0        140   Library Totals

    ----------------------------------------------------------------------

==============================================================================


      Code (inc. data)   RO Data    RW Data    ZI Data      Debug   

       896        110        208         24        576      18058   Grand Totals
       896        110        208         24        576      18058   ELF Image Totals
       896        110        208         24          0          0   ROM Totals

==============================================================================

    Total RO  Size (Code + RO Data)                 1104 (   1.08kB)
    Total RW  Size (RW Data + ZI Data)               600 (   0.59kB)
    Total ROM Size (Code + RO Data + RW Data)       1128 (   1.10kB)

==============================================================================

