<html>
<body>
<pre>
<h1>µVision Build Log</h1>
<h2>Project:</h2>
C:\Documents and Settings\PowerARM\◊¿√Ê\LPC1768≤‚ ‘≥Ã–Ú\USBHID\HID.uvproj
Project File Date:  <unknown>

<h2>Output:</h2>
Build target 'MCB1700'
assembling startup_LPC17xx.s...
compiling system_LPC17xx.c...
compiling usbcore.c...
compiling usbdesc.c...
compiling usbhw.c...
compiling usbuser.c...
compiling hiduser.c...
compiling demo.c...
linking...
Program Size: Code=5004 RO-data=492 RW-data=88 ZI-data=512  
FromELF: creating hex file...
".\Obj\HID.axf" - 0 Error(s), 0 Warning(s).
Load "C:\\Documents and Settings\\PowerARM\\◊¿√Ê\\LPC1768≤‚ ‘≥Ã–Ú\\USBHID\\Obj\\HID.AXF" 

JLink info:
-----------
DLL: V4.14a, compiled Apr 21 2010 20:54:28
Firmware: J-Link ARM-OB STM32 compiled Mar 01 2010 17:00:09
Hardware: V7.00
S/N : 20090928 
Feature(s) : RDI,FlashDL,FlashBP,JFlash,GDBFull 
---
* JLink Info: TotalIRLen = 4, IRPrint = 0x01
* JLink Info: Found Cortex-M3 r2p0, Little endian.
* JLink Info: TPIU fitted.
* JLink Info: ETM fitted.
* JLink Info:   FPUnit: 6 code (BP) slots and 2 literal slots
* JLink Info: TotalIRLen = 4, IRPrint = 0x01
* JLink Info: Found Cortex-M3 r2p0, Little endian.
* JLink Info: TPIU fitted.
* JLink Info: ETM fitted.
* JLink Info:   FPUnit: 6 code (BP) slots and 2 literal slots
* JLink Info: Core is locked-up!
* JLink Info: Can not halt CPU
**JLink Warning: CPU did not halt after bootloader.
* JLink Info: CPU did not halt, trying to disable WDT.
***JLink Error: Bad JTAG communication: Write to IR: Expected 0x1, got 0x0 (TAP Command : 11) @ Off 0x5.
Failed to halt CPU
Can not read register 20 (CFBP) while CPU is running
Load "C:\\Documents and Settings\\PowerARM\\◊¿√Ê\\LPC1768≤‚ ‘≥Ã–Ú\\USBHID\\Obj\\HID.AXF" 

JLink info:
-----------
DLL: V4.14a, compiled Apr 21 2010 20:54:28
Firmware: J-Link ARM-OB STM32 compiled Mar 01 2010 17:00:09
Hardware: V7.00
S/N : 20090928 
Feature(s) : RDI,FlashDL,FlashBP,JFlash,GDBFull 
---
* JLink Info: Found SWD-DP with ID 0x2BA01477
* JLink Info: TPIU fitted.
* JLink Info: ETM fitted.
* JLink Info:   FPUnit: 6 code (BP) slots and 2 literal slots
* JLink Info: Found SWD-DP with ID 0x2BA01477
* JLink Info: TPIU fitted.
* JLink Info: ETM fitted.
* JLink Info:   FPUnit: 6 code (BP) slots and 2 literal slots

Target info:
------------
Device: LPC1768
VTarget = 3.300V
State of Pins: 
TCK: 0, TDI: 0, TDO: 0, TMS: 0, TRES: 1, TRST: 1
* JLink Info: Found SWD-DP with ID 0x2BA01477
* JLink Info: TPIU fitted.
* JLink Info: ETM fitted.
* JLink Info:   FPUnit: 6 code (BP) slots and 2 literal slots
Hardware-Breakpoints: 6
Software-Breakpoints: 2048
Watchpoints:          4
JTAG speed: 2000 kHz
---
* JLink Info: Found SWD-DP with ID 0x2BA01477
* JLink Info: TPIU fitted.
* JLink Info: ETM fitted.
* JLink Info:   FPUnit: 6 code (BP) slots and 2 literal slots
Erase Done.
Programming Done.
Verify OK.
* JLink Info: Found SWD-DP with ID 0x2BA01477
* JLink Info: TPIU fitted.
* JLink Info: ETM fitted.
* JLink Info:   FPUnit: 6 code (BP) slots and 2 literal slots
**JLink Warning: CPU did not halt after bootloader.
Application running ...
Build target 'MCB1700'
linking...
Program Size: Code=5004 RO-data=492 RW-data=88 ZI-data=512  
FromELF: creating hex file...
".\Obj\HID.axf" - 0 Error(s), 0 Warning(s).
