<html>
<body>
<pre>
<h1>µVision Build Log</h1>
<h2>Project:</h2>
C:\Documents and Settings\PowerARM\◊¿√Ê\LPC1768≤‚ ‘≥Ã–Ú\USBCDC\USBCDC.uvproj
Project File Date:  05/13/2010

<h2>Output:</h2>
Build target 'LPC17xx Flash'
compiling usbcore.c...
usbcore.c(24): error:  #5: cannot open source input file "type.h": No such file or directory
usbcore.c:   #include "type.h"
usbcore.c:                    ^
usbcore.c: usbcore.c: 0 warnings, 1 error
compiling usbdesc.c...
usbdesc.c(22): error:  #5: cannot open source input file "type.h": No such file or directory
usbdesc.c:   #include "type.h"
usbdesc.c:                    ^
usbdesc.c: usbdesc.c: 0 warnings, 1 error
compiling usbhw.c...
usbhw.c(22): error:  #5: cannot open source input file "LPC17xx.h": No such file or directory
usbhw.c:   #include "LPC17xx.h"                        /* LPC17xx definitions */
usbhw.c:                                                                        ^
usbhw.c: usbhw.c: 0 warnings, 1 error
compiling usbuser.c...
usbuser.c(18): error:  #5: cannot open source input file "type.h": No such file or directory
usbuser.c:   #include "type.h"
usbuser.c:                    ^
usbuser.c: usbuser.c: 0 warnings, 1 error
compiling cdcuser.c...
cdcuser.c(19): error:  #5: cannot open source input file "type.h": No such file or directory
cdcuser.c:   #include "type.h"
cdcuser.c:                    ^
cdcuser.c: cdcuser.c: 0 warnings, 1 error
compiling vcomdemo.c...
vcomdemo.c(17): error:  #5: cannot open source input file "LPC17xx.h": No such file or directory
vcomdemo.c:   #include "LPC17xx.h"    
vcomdemo.c:                           ^
vcomdemo.c: vcomdemo.c: 0 warnings, 1 error
compiling serial.c...
serial.c(16): error:  #5: cannot open source input file "LPC17xx.h": No such file or directory
serial.c:   #include "LPC17xx.h"                                   // LPC17xx definitions
serial.c:                                                                                ^
serial.c: serial.c: 0 warnings, 1 error
assembling startup_LPC17xx.s...
compiling core_cm3.c...
compiling system_LPC17xx.c...
common\src\system_LPC17xx.c(25): error:  #5: cannot open source input file "LPC17xx.h": No such file or directory
common\src\system_LPC17xx.c:   #include "LPC17xx.h"
common\src\system_LPC17xx.c:                       ^
common\src\system_LPC17xx.c: common\src\system_LPC17xx.c: 0 warnings, 1 error
Target not created
Build target 'LPC17xx Flash'
compiling usbcore.c...
compiling usbdesc.c...
compiling usbhw.c...
compiling usbuser.c...
compiling cdcuser.c...
compiling vcomdemo.c...
compiling serial.c...
compiling core_cm3.c...
compiling system_LPC17xx.c...
linking...
Program Size: Code=6900 RO-data=536 RW-data=76 ZI-data=1092  
FromELF: creating hex file...
".\Obj\USBCDC.axf" - 0 Error(s), 0 Warning(s).
