ARM Linker, 4.1 [Build 713] [Standard]

==============================================================================

Section Cross References

    gpiotest.o(.text) refers to system_lpc11xx.o(.text) for SystemInit
    gpiotest.o(.text) refers to gpio.o(.text) for GPIOInit
    system_lpc11xx.o(.text) refers to system_lpc11xx.o(.data) for ClockSource
    startup_lpc11xx.o(RESET) refers to startup_lpc11xx.o(STACK) for __initial_sp
    startup_lpc11xx.o(RESET) refers to startup_lpc11xx.o(.text) for Reset_Handler
    startup_lpc11xx.o(RESET) refers to gpio.o(.text) for PIOINT3_IRQHandler
    startup_lpc11xx.o(.text) refers to entry.o(.ARM.Collect$$$$00000000) for __main
    gpio.o(.text) refers to gpio.o(.data) for gpio0_counter
    gpio.o(.text) refers to gpio.o(.constdata) for LPC_GPIO
    entry.o(.ARM.Collect$$$$00000000) refers (Special) to entry7.o(.ARM.Collect$$$$00000007) for _main_init
    entry.o(.ARM.Collect$$$$00000000) refers (Special) to entry5.o(.ARM.Collect$$$$00000004) for _main_scatterload
    entry.o(.ARM.Collect$$$$00000000) refers (Special) to entry2.o(.ARM.Collect$$$$00000001) for _main_stk
    entry2.o(.ARM.Collect$$$$00000001) refers to entry2.o(.ARM.Collect$$$$00002712) for __lit__00000000
    entry2.o(.ARM.Collect$$$$00002712) refers to startup_lpc11xx.o(STACK) for __initial_sp
    entry2.o(__vectab_stack_and_reset_area) refers to startup_lpc11xx.o(STACK) for __initial_sp
    entry2.o(__vectab_stack_and_reset_area) refers to entry.o(.ARM.Collect$$$$00000000) for __main
    entry5.o(.ARM.Collect$$$$00000004) refers to init.o(.text) for __scatterload
    entry7.o(.ARM.Collect$$$$00000007) refers to gpiotest.o(.text) for main
    init.o(.text) refers to entry5.o(.ARM.Collect$$$$00000004) for __main_after_scatterload


==============================================================================

Removing Unused input sections from the image.

    Removing gpiotest.o(.constdata), (16 bytes).
    Removing startup_lpc11xx.o(HEAP), (0 bytes).

2 unused section(s) (total 16 bytes) removed from the image.

==============================================================================

Image Symbol Table

    Local Symbols

    Symbol Name                              Value     Ov Type        Size  Object(Section)

    RESET                                    0x00000000   Section      192  startup_lpc11xx.o(RESET)
    ../../microlib/init/entry.s              0x00000000   Number         0  entry.o ABSOLUTE
    ../../microlib/init/entry.s              0x00000000   Number         0  entry2.o ABSOLUTE
    ../../microlib/init/entry.s              0x00000000   Number         0  entry7.o ABSOLUTE
    ../../microlib/init/entry.s              0x00000000   Number         0  entry5.o ABSOLUTE
    ..\Common\src\core_cm0.c                 0x00000000   Number         0  core_cm0.o ABSOLUTE
    ..\Common\src\gpio.c                     0x00000000   Number         0  gpio.o ABSOLUTE
    ..\Common\src\startup_LPC11xx.s          0x00000000   Number         0  startup_lpc11xx.o ABSOLUTE
    ..\Common\src\system_LPC11xx.c           0x00000000   Number         0  system_lpc11xx.o ABSOLUTE
    dc.s                                     0x00000000   Number         0  dc.o ABSOLUTE
    gpiotest.c                               0x00000000   Number         0  gpiotest.o ABSOLUTE
    handlers.s                               0x00000000   Number         0  handlers.o ABSOLUTE
    init.s                                   0x00000000   Number         0  init.o ABSOLUTE
    .ARM.Collect$$$$00000000                 0x000000c0   Section        0  entry.o(.ARM.Collect$$$$00000000)
    .ARM.Collect$$$$00000001                 0x000000c0   Section        4  entry2.o(.ARM.Collect$$$$00000001)
    .ARM.Collect$$$$00000004                 0x000000c4   Section        4  entry5.o(.ARM.Collect$$$$00000004)
    .ARM.Collect$$$$00000007                 0x000000c8   Section        8  entry7.o(.ARM.Collect$$$$00000007)
    .ARM.Collect$$$$00002712                 0x000000d0   Section        4  entry2.o(.ARM.Collect$$$$00002712)
    __lit__00000000                          0x000000d0   Data           4  entry2.o(.ARM.Collect$$$$00002712)
    .text                                    0x000000d4   Section        0  gpiotest.o(.text)
    .text                                    0x00000168   Section        0  system_lpc11xx.o(.text)
    .text                                    0x00000248   Section       28  startup_lpc11xx.o(.text)
    .text                                    0x00000264   Section       36  init.o(.text)
    i.__scatterload_copy                     0x00000288   Section       14  handlers.o(i.__scatterload_copy)
    i.__scatterload_null                     0x00000296   Section        2  handlers.o(i.__scatterload_null)
    i.__scatterload_zeroinit                 0x00000298   Section       14  handlers.o(i.__scatterload_zeroinit)
    .constdata                               0x000002a8   Section       16  gpio.o(.constdata)
    LPC_GPIO                                 0x000002a8   Data          16  gpio.o(.constdata)
    .ARM.__at_0x02FC                         0x000002fc   Section        4  startup_lpc11xx.o(.ARM.__at_0x02FC)
    .text                                    0x00000300   Section        0  gpio.o(.text)
    NVIC_EnableIRQ                           0x0000079f   Thumb Code    14  gpio.o(.text)
    .data                                    0x10000000   Section       12  system_lpc11xx.o(.data)
    .data                                    0x1000000c   Section       32  gpio.o(.data)
    STACK                                    0x10000030   Section      512  startup_lpc11xx.o(STACK)

    Global Symbols

    Symbol Name                              Value     Ov Type        Size  Object(Section)

    BuildAttributes$$THM_ISAv3M$S$PE$A:L22$X:L11$S22$IEEE1$IW$USESV6$~STKCKD$USESV7$~SHL$OSPACE$EBA8$MICROLIB$REQ8$PRES8$EABIv2 0x00000000   Number         0  anon$$obj.o ABSOLUTE
    __ARM_use_no_argv                        0x00000000   Number         0  gpiotest.o ABSOLUTE
    __Vectors                                0x00000000   Data           4  startup_lpc11xx.o(RESET)
    __decompress                              - Undefined Weak Reference
    __main                                   0x000000c1   Thumb Code     0  entry.o(.ARM.Collect$$$$00000000)
    _main_stk                                0x000000c1   Thumb Code     0  entry2.o(.ARM.Collect$$$$00000001)
    _main_scatterload                        0x000000c5   Thumb Code     0  entry5.o(.ARM.Collect$$$$00000004)
    __main_after_scatterload                 0x000000c9   Thumb Code     0  entry5.o(.ARM.Collect$$$$00000004)
    _main_init                               0x000000c9   Thumb Code     0  entry7.o(.ARM.Collect$$$$00000007)
    main                                     0x000000d5   Thumb Code   148  gpiotest.o(.text)
    Main_PLL_Setup                           0x00000169   Thumb Code   134  system_lpc11xx.o(.text)
    SystemInit                               0x000001ef   Thumb Code    56  system_lpc11xx.o(.text)
    Reset_Handler                            0x00000249   Thumb Code     4  startup_lpc11xx.o(.text)
    NMI_Handler                              0x0000024d   Thumb Code     2  startup_lpc11xx.o(.text)
    HardFault_Handler                        0x0000024f   Thumb Code     2  startup_lpc11xx.o(.text)
    MemManage_Handler                        0x00000251   Thumb Code     2  startup_lpc11xx.o(.text)
    BusFault_Handler                         0x00000253   Thumb Code     2  startup_lpc11xx.o(.text)
    UsageFault_Handler                       0x00000255   Thumb Code     2  startup_lpc11xx.o(.text)
    SVC_Handler                              0x00000257   Thumb Code     2  startup_lpc11xx.o(.text)
    DebugMon_Handler                         0x00000259   Thumb Code     2  startup_lpc11xx.o(.text)
    PendSV_Handler                           0x0000025b   Thumb Code     2  startup_lpc11xx.o(.text)
    SysTick_Handler                          0x0000025d   Thumb Code     2  startup_lpc11xx.o(.text)
    ADC_IRQHandler                           0x0000025f   Thumb Code     0  startup_lpc11xx.o(.text)
    BOD_IRQHandler                           0x0000025f   Thumb Code     0  startup_lpc11xx.o(.text)
    CAN_IRQHandler                           0x0000025f   Thumb Code     0  startup_lpc11xx.o(.text)
    FMC_IRQHandler                           0x0000025f   Thumb Code     0  startup_lpc11xx.o(.text)
    I2C_IRQHandler                           0x0000025f   Thumb Code     0  startup_lpc11xx.o(.text)
    SSP0_IRQHandler                          0x0000025f   Thumb Code     0  startup_lpc11xx.o(.text)
    SSP1_IRQHandler                          0x0000025f   Thumb Code     0  startup_lpc11xx.o(.text)
    TIMER16_0_IRQHandler                     0x0000025f   Thumb Code     0  startup_lpc11xx.o(.text)
    TIMER16_1_IRQHandler                     0x0000025f   Thumb Code     0  startup_lpc11xx.o(.text)
    TIMER32_0_IRQHandler                     0x0000025f   Thumb Code     0  startup_lpc11xx.o(.text)
    TIMER32_1_IRQHandler                     0x0000025f   Thumb Code     0  startup_lpc11xx.o(.text)
    UART_IRQHandler                          0x0000025f   Thumb Code     0  startup_lpc11xx.o(.text)
    USB_FIQHandler                           0x0000025f   Thumb Code     0  startup_lpc11xx.o(.text)
    USB_IRQHandler                           0x0000025f   Thumb Code     0  startup_lpc11xx.o(.text)
    WAKEUP_IRQHandler                        0x0000025f   Thumb Code     0  startup_lpc11xx.o(.text)
    WDT_IRQHandler                           0x0000025f   Thumb Code     0  startup_lpc11xx.o(.text)
    __scatterload                            0x00000265   Thumb Code    28  init.o(.text)
    __scatterload_rt2                        0x00000265   Thumb Code     0  init.o(.text)
    __scatterload_copy                       0x00000289   Thumb Code    14  handlers.o(i.__scatterload_copy)
    __scatterload_null                       0x00000297   Thumb Code     2  handlers.o(i.__scatterload_null)
    __scatterload_zeroinit                   0x00000299   Thumb Code    14  handlers.o(i.__scatterload_zeroinit)
    Region$$Table$$Base                      0x000002b8   Number         0  anon$$obj.o(Region$$Table)
    Region$$Table$$Limit                     0x000002c8   Number         0  anon$$obj.o(Region$$Table)
    GPIOIntClear                             0x00000301   Thumb Code    88  gpio.o(.text)
    GPIOIntStatus                            0x00000359   Thumb Code    94  gpio.o(.text)
    PIOINT0_IRQHandler                       0x000003b7   Thumb Code    46  gpio.o(.text)
    PIOINT1_IRQHandler                       0x000003e5   Thumb Code    46  gpio.o(.text)
    PIOINT2_IRQHandler                       0x00000413   Thumb Code    46  gpio.o(.text)
    PIOINT3_IRQHandler                       0x00000441   Thumb Code    46  gpio.o(.text)
    GPIOInit                                 0x0000046f   Thumb Code    40  gpio.o(.text)
    GPIOSetInterrupt                         0x00000497   Thumb Code   446  gpio.o(.text)
    GPIOIntEnable                            0x00000655   Thumb Code    88  gpio.o(.text)
    GPIOIntDisable                           0x000006ad   Thumb Code   142  gpio.o(.text)
    GPIOSetValue                             0x0000073b   Thumb Code    22  gpio.o(.text)
    GPIOSetDir                               0x00000751   Thumb Code    78  gpio.o(.text)
    ClockSource                              0x10000000   Data           4  system_lpc11xx.o(.data)
    SystemFrequency                          0x10000004   Data           4  system_lpc11xx.o(.data)
    SystemAHBFrequency                       0x10000008   Data           4  system_lpc11xx.o(.data)
    gpio0_counter                            0x1000000c   Data           4  gpio.o(.data)
    gpio1_counter                            0x10000010   Data           4  gpio.o(.data)
    gpio2_counter                            0x10000014   Data           4  gpio.o(.data)
    gpio3_counter                            0x10000018   Data           4  gpio.o(.data)
    p0_1_counter                             0x1000001c   Data           4  gpio.o(.data)
    p1_1_counter                             0x10000020   Data           4  gpio.o(.data)
    p2_1_counter                             0x10000024   Data           4  gpio.o(.data)
    p3_1_counter                             0x10000028   Data           4  gpio.o(.data)
    __initial_sp                             0x10000230   Data           0  startup_lpc11xx.o(STACK)



==============================================================================

Memory Map of the image

  Image Entry point : 0x000000c1

  Load Region LR_IROM1 (Base: 0x00000000, Size: 0x000007e0, Max: 0x00008000, ABSOLUTE)

    Execution Region ER_IROM1 (Base: 0x00000000, Size: 0x000007b4, Max: 0x00008000, ABSOLUTE)

    Base Addr    Size         Type   Attr      Idx    E Section Name        Object

    0x00000000   0x000000c0   Data   RO           59    RESET               startup_lpc11xx.o
    0x000000c0   0x00000000   Code   RO           87  * .ARM.Collect$$$$00000000  mc_p.l(entry.o)
    0x000000c0   0x00000004   Code   RO           90    .ARM.Collect$$$$00000001  mc_p.l(entry2.o)
    0x000000c4   0x00000004   Code   RO           93    .ARM.Collect$$$$00000004  mc_p.l(entry5.o)
    0x000000c8   0x00000008   Code   RO           94    .ARM.Collect$$$$00000007  mc_p.l(entry7.o)
    0x000000d0   0x00000004   Code   RO           91    .ARM.Collect$$$$00002712  mc_p.l(entry2.o)
    0x000000d4   0x00000094   Code   RO            1    .text               gpiotest.o
    0x00000168   0x000000e0   Code   RO           39    .text               system_lpc11xx.o
    0x00000248   0x0000001c   Code   RO           61    .text               startup_lpc11xx.o
    0x00000264   0x00000024   Code   RO           95    .text               mc_p.l(init.o)
    0x00000288   0x0000000e   Code   RO           99    i.__scatterload_copy  mc_p.l(handlers.o)
    0x00000296   0x00000002   Code   RO          100    i.__scatterload_null  mc_p.l(handlers.o)
    0x00000298   0x0000000e   Code   RO          101    i.__scatterload_zeroinit  mc_p.l(handlers.o)
    0x000002a6   0x00000002   PAD
    0x000002a8   0x00000010   Data   RO           69    .constdata          gpio.o
    0x000002b8   0x00000010   Data   RO           97    Region$$Table       anon$$obj.o
    0x000002c8   0x00000034   PAD
    0x000002fc   0x00000004   Code   RO           60    .ARM.__at_0x02FC    startup_lpc11xx.o
    0x00000300   0x000004b4   Code   RO           68    .text               gpio.o


    Execution Region RW_IRAM1 (Base: 0x10000000, Size: 0x00000230, Max: 0x00002000, ABSOLUTE, UNINIT)

    Base Addr    Size         Type   Attr      Idx    E Section Name        Object

    0x10000000   0x0000000c   Data   RW           40    .data               system_lpc11xx.o
    0x1000000c   0x00000020   Data   RW           70    .data               gpio.o
    0x1000002c   0x00000004   PAD
    0x10000030   0x00000200   Zero   RW           57    STACK               startup_lpc11xx.o


==============================================================================

Image component sizes


      Code (inc. data)   RO Data    RW Data    ZI Data      Debug   Object Name

      1204         62         16         32          0       6674   gpio.o
       148          0          0          0          0      12083   gpiotest.o
        32          8        192          0        512        932   startup_lpc11xx.o
       224         34          0         12          0        985   system_lpc11xx.o

    ----------------------------------------------------------------------
      1608        104        276         44        516      20674   Object Totals
         0          0         16          0          0          0   (incl. Generated)
         0          0         52          0          4          0   (incl. Padding)

    ----------------------------------------------------------------------

      Code (inc. data)   RO Data    RW Data    ZI Data      Debug   Library Member Name

         0          0          0          0          0          0   entry.o
         8          4          0          0          0          0   entry2.o
         4          0          0          0          0          0   entry5.o
         8          4          0          0          0          0   entry7.o
        30          0          0          0          0          0   handlers.o
        36          8          0          0          0         68   init.o

    ----------------------------------------------------------------------
        88         16          0          0          0         68   Library Totals
         2          0          0          0          0          0   (incl. Padding)

    ----------------------------------------------------------------------

      Code (inc. data)   RO Data    RW Data    ZI Data      Debug   Library Name

        86         16          0          0          0         68   mc_p.l

    ----------------------------------------------------------------------
        88         16          0          0          0         68   Library Totals

    ----------------------------------------------------------------------

==============================================================================


      Code (inc. data)   RO Data    RW Data    ZI Data      Debug   

      1696        120        276         44        516      20602   Grand Totals
      1696        120        276         44        516      20602   ELF Image Totals
      1696        120        276         44          0          0   ROM Totals

==============================================================================

    Total RO  Size (Code + RO Data)                 1972 (   1.93kB)
    Total RW  Size (RW Data + ZI Data)               560 (   0.55kB)
    Total ROM Size (Code + RO Data + RW Data)       2016 (   1.97kB)

==============================================================================

