<html>
<body>
<pre>
<h1>µVision Build Log</h1>
<h2>Project:</h2>
E:\embedPrjs\LPC11xx_SampleSoftware.104\timer32\timer32.uvproj
Project File Date:  08/25/2010

<h2>Output:</h2>
Build target 'TMR32_Debug'
compiling tmr32test.c...
compiling core_cm0.c...
compiling system_LPC11xx.c...
assembling startup_LPC11xx.s...
compiling gpio.c...
compiling timer32.c...
linking...
Program Size: Code=2808 RO-data=224 RW-data=68 ZI-data=516  
FromELF: creating hex file...
".\Obj\timer32.axf" - 0 Error(s), 0 Warning(s).
