ARM Linker, 4.1 [Build 713] [Standard]

==============================================================================

Section Cross References

    tmr32test.o(.text) refers to system_lpc11xx.o(.text) for SystemInit
    tmr32test.o(.text) refers to uidiv.o(.text) for __aeabi_uidivmod
    tmr32test.o(.text) refers to timer32.o(.text) for init_timer32
    tmr32test.o(.text) refers to gpio.o(.text) for GPIOSetDir
    tmr32test.o(.text) refers to system_lpc11xx.o(.data) for SystemAHBFrequency
    tmr32test.o(.text) refers to timer32.o(.data) for timer32_0_counter
    system_lpc11xx.o(.text) refers to system_lpc11xx.o(.data) for ClockSource
    startup_lpc11xx.o(RESET) refers to startup_lpc11xx.o(STACK) for __initial_sp
    startup_lpc11xx.o(RESET) refers to startup_lpc11xx.o(.text) for Reset_Handler
    startup_lpc11xx.o(RESET) refers to timer32.o(.text) for TIMER32_0_IRQHandler
    startup_lpc11xx.o(RESET) refers to gpio.o(.text) for PIOINT3_IRQHandler
    startup_lpc11xx.o(.text) refers to entry.o(.ARM.Collect$$$$00000000) for __main
    gpio.o(.text) refers to gpio.o(.data) for gpio0_counter
    gpio.o(.text) refers to gpio.o(.constdata) for LPC_GPIO
    timer32.o(.text) refers to uidiv.o(.text) for __aeabi_uidivmod
    timer32.o(.text) refers to system_lpc11xx.o(.data) for SystemAHBFrequency
    timer32.o(.text) refers to timer32.o(.data) for timer32_0_counter
    entry.o(.ARM.Collect$$$$00000000) refers (Special) to entry7.o(.ARM.Collect$$$$00000007) for _main_init
    entry.o(.ARM.Collect$$$$00000000) refers (Special) to entry5.o(.ARM.Collect$$$$00000004) for _main_scatterload
    entry.o(.ARM.Collect$$$$00000000) refers (Special) to entry2.o(.ARM.Collect$$$$00000001) for _main_stk
    entry2.o(.ARM.Collect$$$$00000001) refers to entry2.o(.ARM.Collect$$$$00002712) for __lit__00000000
    entry2.o(.ARM.Collect$$$$00002712) refers to startup_lpc11xx.o(STACK) for __initial_sp
    entry2.o(__vectab_stack_and_reset_area) refers to startup_lpc11xx.o(STACK) for __initial_sp
    entry2.o(__vectab_stack_and_reset_area) refers to entry.o(.ARM.Collect$$$$00000000) for __main
    entry5.o(.ARM.Collect$$$$00000004) refers to init.o(.text) for __scatterload
    entry7.o(.ARM.Collect$$$$00000007) refers to tmr32test.o(.text) for main
    init.o(.text) refers to entry5.o(.ARM.Collect$$$$00000004) for __main_after_scatterload


==============================================================================

Removing Unused input sections from the image.

    Removing tmr32test.o(.constdata), (16 bytes).
    Removing startup_lpc11xx.o(HEAP), (0 bytes).

2 unused section(s) (total 16 bytes) removed from the image.

==============================================================================

Image Symbol Table

    Local Symbols

    Symbol Name                              Value     Ov Type        Size  Object(Section)

    ../../microlib/division.c                0x00000000   Number         0  uidiv.o ABSOLUTE
    ../../microlib/init/entry.s              0x00000000   Number         0  entry.o ABSOLUTE
    ../../microlib/init/entry.s              0x00000000   Number         0  entry2.o ABSOLUTE
    ../../microlib/init/entry.s              0x00000000   Number         0  entry7.o ABSOLUTE
    ../../microlib/init/entry.s              0x00000000   Number         0  entry5.o ABSOLUTE
    ..\Common\src\core_cm0.c                 0x00000000   Number         0  core_cm0.o ABSOLUTE
    ..\Common\src\gpio.c                     0x00000000   Number         0  gpio.o ABSOLUTE
    ..\Common\src\startup_LPC11xx.s          0x00000000   Number         0  startup_lpc11xx.o ABSOLUTE
    ..\Common\src\system_LPC11xx.c           0x00000000   Number         0  system_lpc11xx.o ABSOLUTE
    ..\Common\src\timer32.c                  0x00000000   Number         0  timer32.o ABSOLUTE
    dc.s                                     0x00000000   Number         0  dc.o ABSOLUTE
    handlers.s                               0x00000000   Number         0  handlers.o ABSOLUTE
    init.s                                   0x00000000   Number         0  init.o ABSOLUTE
    tmr32test.c                              0x00000000   Number         0  tmr32test.o ABSOLUTE
    .ARM.__at_0x02FC                         0x000002fc   Section        4  startup_lpc11xx.o(.ARM.__at_0x02FC)
    RESET                                    0x10000000   Section      192  startup_lpc11xx.o(RESET)
    .ARM.Collect$$$$00000000                 0x100000c0   Section        0  entry.o(.ARM.Collect$$$$00000000)
    .ARM.Collect$$$$00000001                 0x100000c0   Section        4  entry2.o(.ARM.Collect$$$$00000001)
    .ARM.Collect$$$$00000004                 0x100000c4   Section        4  entry5.o(.ARM.Collect$$$$00000004)
    .ARM.Collect$$$$00000007                 0x100000c8   Section        8  entry7.o(.ARM.Collect$$$$00000007)
    .ARM.Collect$$$$00002712                 0x100000d0   Section        4  entry2.o(.ARM.Collect$$$$00002712)
    __lit__00000000                          0x100000d0   Data           4  entry2.o(.ARM.Collect$$$$00002712)
    .text                                    0x100000d4   Section        0  tmr32test.o(.text)
    .text                                    0x1000015c   Section        0  system_lpc11xx.o(.text)
    .text                                    0x1000023c   Section       28  startup_lpc11xx.o(.text)
    .text                                    0x10000258   Section        0  gpio.o(.text)
    NVIC_EnableIRQ                           0x100006f7   Thumb Code    14  gpio.o(.text)
    .text                                    0x1000070c   Section        0  timer32.o(.text)
    NVIC_EnableIRQ                           0x10000ae5   Thumb Code    14  timer32.o(.text)
    .text                                    0x10000b44   Section        0  uidiv.o(.text)
    .text                                    0x10000b70   Section       36  init.o(.text)
    i.__scatterload_copy                     0x10000b94   Section       14  handlers.o(i.__scatterload_copy)
    i.__scatterload_null                     0x10000ba2   Section        2  handlers.o(i.__scatterload_null)
    i.__scatterload_zeroinit                 0x10000ba4   Section       14  handlers.o(i.__scatterload_zeroinit)
    .constdata                               0x10000bb4   Section       16  gpio.o(.constdata)
    LPC_GPIO                                 0x10000bb4   Data          16  gpio.o(.constdata)
    .data                                    0x10001c00   Section       12  system_lpc11xx.o(.data)
    .data                                    0x10001c0c   Section       32  gpio.o(.data)
    .data                                    0x10001c2c   Section       24  timer32.o(.data)
    STACK                                    0x10001c48   Section      512  startup_lpc11xx.o(STACK)

    Global Symbols

    Symbol Name                              Value     Ov Type        Size  Object(Section)

    BuildAttributes$$THM_ISAv3M$S$PE$A:L22$X:L11$S22$IEEE1$IW$USESV6$~STKCKD$USESV7$~SHL$OSPACE$EBA8$MICROLIB$REQ8$PRES8$EABIv2 0x00000000   Number         0  anon$$obj.o ABSOLUTE
    __ARM_use_no_argv                        0x00000000   Number         0  tmr32test.o ABSOLUTE
    __decompress                              - Undefined Weak Reference
    __Vectors                                0x10000000   Data           4  startup_lpc11xx.o(RESET)
    __main                                   0x100000c1   Thumb Code     0  entry.o(.ARM.Collect$$$$00000000)
    _main_stk                                0x100000c1   Thumb Code     0  entry2.o(.ARM.Collect$$$$00000001)
    _main_scatterload                        0x100000c5   Thumb Code     0  entry5.o(.ARM.Collect$$$$00000004)
    __main_after_scatterload                 0x100000c9   Thumb Code     0  entry5.o(.ARM.Collect$$$$00000004)
    _main_init                               0x100000c9   Thumb Code     0  entry7.o(.ARM.Collect$$$$00000007)
    main                                     0x100000d5   Thumb Code   124  tmr32test.o(.text)
    Main_PLL_Setup                           0x1000015d   Thumb Code   134  system_lpc11xx.o(.text)
    SystemInit                               0x100001e3   Thumb Code    56  system_lpc11xx.o(.text)
    Reset_Handler                            0x1000023d   Thumb Code     4  startup_lpc11xx.o(.text)
    NMI_Handler                              0x10000241   Thumb Code     2  startup_lpc11xx.o(.text)
    HardFault_Handler                        0x10000243   Thumb Code     2  startup_lpc11xx.o(.text)
    MemManage_Handler                        0x10000245   Thumb Code     2  startup_lpc11xx.o(.text)
    BusFault_Handler                         0x10000247   Thumb Code     2  startup_lpc11xx.o(.text)
    UsageFault_Handler                       0x10000249   Thumb Code     2  startup_lpc11xx.o(.text)
    SVC_Handler                              0x1000024b   Thumb Code     2  startup_lpc11xx.o(.text)
    DebugMon_Handler                         0x1000024d   Thumb Code     2  startup_lpc11xx.o(.text)
    PendSV_Handler                           0x1000024f   Thumb Code     2  startup_lpc11xx.o(.text)
    SysTick_Handler                          0x10000251   Thumb Code     2  startup_lpc11xx.o(.text)
    ADC_IRQHandler                           0x10000253   Thumb Code     0  startup_lpc11xx.o(.text)
    BOD_IRQHandler                           0x10000253   Thumb Code     0  startup_lpc11xx.o(.text)
    CAN_IRQHandler                           0x10000253   Thumb Code     0  startup_lpc11xx.o(.text)
    FMC_IRQHandler                           0x10000253   Thumb Code     0  startup_lpc11xx.o(.text)
    I2C_IRQHandler                           0x10000253   Thumb Code     0  startup_lpc11xx.o(.text)
    SSP0_IRQHandler                          0x10000253   Thumb Code     0  startup_lpc11xx.o(.text)
    SSP1_IRQHandler                          0x10000253   Thumb Code     0  startup_lpc11xx.o(.text)
    TIMER16_0_IRQHandler                     0x10000253   Thumb Code     0  startup_lpc11xx.o(.text)
    TIMER16_1_IRQHandler                     0x10000253   Thumb Code     0  startup_lpc11xx.o(.text)
    UART_IRQHandler                          0x10000253   Thumb Code     0  startup_lpc11xx.o(.text)
    USB_FIQHandler                           0x10000253   Thumb Code     0  startup_lpc11xx.o(.text)
    USB_IRQHandler                           0x10000253   Thumb Code     0  startup_lpc11xx.o(.text)
    WAKEUP_IRQHandler                        0x10000253   Thumb Code     0  startup_lpc11xx.o(.text)
    WDT_IRQHandler                           0x10000253   Thumb Code     0  startup_lpc11xx.o(.text)
    GPIOIntClear                             0x10000259   Thumb Code    88  gpio.o(.text)
    GPIOIntStatus                            0x100002b1   Thumb Code    94  gpio.o(.text)
    PIOINT0_IRQHandler                       0x1000030f   Thumb Code    46  gpio.o(.text)
    PIOINT1_IRQHandler                       0x1000033d   Thumb Code    46  gpio.o(.text)
    PIOINT2_IRQHandler                       0x1000036b   Thumb Code    46  gpio.o(.text)
    PIOINT3_IRQHandler                       0x10000399   Thumb Code    46  gpio.o(.text)
    GPIOInit                                 0x100003c7   Thumb Code    40  gpio.o(.text)
    GPIOSetInterrupt                         0x100003ef   Thumb Code   446  gpio.o(.text)
    GPIOIntEnable                            0x100005ad   Thumb Code    88  gpio.o(.text)
    GPIOIntDisable                           0x10000605   Thumb Code   142  gpio.o(.text)
    GPIOSetValue                             0x10000693   Thumb Code    22  gpio.o(.text)
    GPIOSetDir                               0x100006a9   Thumb Code    78  gpio.o(.text)
    delay32Ms                                0x1000070d   Thumb Code   118  timer32.o(.text)
    TIMER32_0_IRQHandler                     0x10000783   Thumb Code    54  timer32.o(.text)
    TIMER32_1_IRQHandler                     0x100007b9   Thumb Code    54  timer32.o(.text)
    enable_timer32                           0x100007ef   Thumb Code    20  timer32.o(.text)
    disable_timer32                          0x10000803   Thumb Code    20  timer32.o(.text)
    reset_timer32                            0x10000817   Thumb Code    34  timer32.o(.text)
    init_timer32                             0x10000839   Thumb Code   220  timer32.o(.text)
    init_timer32PWM                          0x10000915   Thumb Code   366  timer32.o(.text)
    setMatch_timer32PWM                      0x10000a83   Thumb Code    98  timer32.o(.text)
    __aeabi_uidiv                            0x10000b45   Thumb Code     0  uidiv.o(.text)
    __aeabi_uidivmod                         0x10000b45   Thumb Code    44  uidiv.o(.text)
    __scatterload                            0x10000b71   Thumb Code    28  init.o(.text)
    __scatterload_rt2                        0x10000b71   Thumb Code     0  init.o(.text)
    __scatterload_copy                       0x10000b95   Thumb Code    14  handlers.o(i.__scatterload_copy)
    __scatterload_null                       0x10000ba3   Thumb Code     2  handlers.o(i.__scatterload_null)
    __scatterload_zeroinit                   0x10000ba5   Thumb Code    14  handlers.o(i.__scatterload_zeroinit)
    Region$$Table$$Base                      0x10000bc4   Number         0  anon$$obj.o(Region$$Table)
    Region$$Table$$Limit                     0x10000bd4   Number         0  anon$$obj.o(Region$$Table)
    ClockSource                              0x10001c00   Data           4  system_lpc11xx.o(.data)
    SystemFrequency                          0x10001c04   Data           4  system_lpc11xx.o(.data)
    SystemAHBFrequency                       0x10001c08   Data           4  system_lpc11xx.o(.data)
    gpio0_counter                            0x10001c0c   Data           4  gpio.o(.data)
    gpio1_counter                            0x10001c10   Data           4  gpio.o(.data)
    gpio2_counter                            0x10001c14   Data           4  gpio.o(.data)
    gpio3_counter                            0x10001c18   Data           4  gpio.o(.data)
    p0_1_counter                             0x10001c1c   Data           4  gpio.o(.data)
    p1_1_counter                             0x10001c20   Data           4  gpio.o(.data)
    p2_1_counter                             0x10001c24   Data           4  gpio.o(.data)
    p3_1_counter                             0x10001c28   Data           4  gpio.o(.data)
    timer32_0_counter                        0x10001c2c   Data           4  timer32.o(.data)
    timer32_1_counter                        0x10001c30   Data           4  timer32.o(.data)
    timer32_0_capture                        0x10001c34   Data           4  timer32.o(.data)
    timer32_1_capture                        0x10001c38   Data           4  timer32.o(.data)
    timer32_0_period                         0x10001c3c   Data           4  timer32.o(.data)
    timer32_1_period                         0x10001c40   Data           4  timer32.o(.data)
    __initial_sp                             0x10001e48   Data           0  startup_lpc11xx.o(STACK)



==============================================================================

Memory Map of the image

  Image Entry point : 0x100000c1

  Load Region LR_IROM1 (Base: 0x10000000, Size: 0x00000c18, Max: 0x00001c00, ABSOLUTE)

    Execution Region ER_IROM1 (Base: 0x10000000, Size: 0x00000bd4, Max: 0x00001c00, ABSOLUTE)

    Base Addr    Size         Type   Attr      Idx    E Section Name        Object

    0x10000000   0x000000c0   Data   RO           63    RESET               startup_lpc11xx.o
    0x100000c0   0x00000000   Code   RO          106  * .ARM.Collect$$$$00000000  mc_p.l(entry.o)
    0x100000c0   0x00000004   Code   RO          111    .ARM.Collect$$$$00000001  mc_p.l(entry2.o)
    0x100000c4   0x00000004   Code   RO          114    .ARM.Collect$$$$00000004  mc_p.l(entry5.o)
    0x100000c8   0x00000008   Code   RO          115    .ARM.Collect$$$$00000007  mc_p.l(entry7.o)
    0x100000d0   0x00000004   Code   RO          112    .ARM.Collect$$$$00002712  mc_p.l(entry2.o)
    0x100000d4   0x00000088   Code   RO            1    .text               tmr32test.o
    0x1000015c   0x000000e0   Code   RO           43    .text               system_lpc11xx.o
    0x1000023c   0x0000001c   Code   RO           65    .text               startup_lpc11xx.o
    0x10000258   0x000004b4   Code   RO           72    .text               gpio.o
    0x1000070c   0x00000438   Code   RO           91    .text               timer32.o
    0x10000b44   0x0000002c   Code   RO          109    .text               mc_p.l(uidiv.o)
    0x10000b70   0x00000024   Code   RO          116    .text               mc_p.l(init.o)
    0x10000b94   0x0000000e   Code   RO          120    i.__scatterload_copy  mc_p.l(handlers.o)
    0x10000ba2   0x00000002   Code   RO          121    i.__scatterload_null  mc_p.l(handlers.o)
    0x10000ba4   0x0000000e   Code   RO          122    i.__scatterload_zeroinit  mc_p.l(handlers.o)
    0x10000bb2   0x00000002   PAD
    0x10000bb4   0x00000010   Data   RO           73    .constdata          gpio.o
    0x10000bc4   0x00000010   Data   RO          118    Region$$Table       anon$$obj.o


    Execution Region RW_IRAM1 (Base: 0x10001c00, Size: 0x00000248, Max: 0x00000400, ABSOLUTE, UNINIT)

    Base Addr    Size         Type   Attr      Idx    E Section Name        Object

    0x10001c00   0x0000000c   Data   RW           44    .data               system_lpc11xx.o
    0x10001c0c   0x00000020   Data   RW           74    .data               gpio.o
    0x10001c2c   0x00000018   Data   RW           92    .data               timer32.o
    0x10001c44   0x00000004   PAD
    0x10001c48   0x00000200   Zero   RW           61    STACK               startup_lpc11xx.o



  Load Region LR$$.ARM.__at_0x02FC (Base: 0x000002fc, Size: 0x00000004, Max: 0x00000004, ABSOLUTE)

    Execution Region ER$$.ARM.__at_0x02FC (Base: 0x000002fc, Size: 0x00000004, Max: 0x00000004, ABSOLUTE, UNINIT)

    Base Addr    Size         Type   Attr      Idx    E Section Name        Object

    0x000002fc   0x00000004   Code   RO           64    .ARM.__at_0x02FC    startup_lpc11xx.o


==============================================================================

Image component sizes


      Code (inc. data)   RO Data    RW Data    ZI Data      Debug   Object Name

      1204         62         16         32          0       6686   gpio.o
        32          8        192          0        512        940   startup_lpc11xx.o
       224         34          0         12          0        993   system_lpc11xx.o
      1080         82          0         24          0       3444   timer32.o
       136         12          0          0          0      12095   tmr32test.o

    ----------------------------------------------------------------------
      2676        198        224         68        516      24158   Object Totals
         0          0         16          0          0          0   (incl. Generated)
         0          0          0          0          4          0   (incl. Padding)

    ----------------------------------------------------------------------

      Code (inc. data)   RO Data    RW Data    ZI Data      Debug   Library Member Name

         0          0          0          0          0          0   entry.o
         8          4          0          0          0          0   entry2.o
         4          0          0          0          0          0   entry5.o
         8          4          0          0          0          0   entry7.o
        30          0          0          0          0          0   handlers.o
        36          8          0          0          0         68   init.o
        44          0          0          0          0         72   uidiv.o

    ----------------------------------------------------------------------
       132         16          0          0          0        140   Library Totals
         2          0          0          0          0          0   (incl. Padding)

    ----------------------------------------------------------------------

      Code (inc. data)   RO Data    RW Data    ZI Data      Debug   Library Name

       130         16          0          0          0        140   mc_p.l

    ----------------------------------------------------------------------
       132         16          0          0          0        140   Library Totals

    ----------------------------------------------------------------------

==============================================================================


      Code (inc. data)   RO Data    RW Data    ZI Data      Debug   

      2808        214        224         68        516      24070   Grand Totals
      2808        214        224         68        516      24070   ELF Image Totals
      2808        214        224         68          0          0   ROM Totals

==============================================================================

    Total RO  Size (Code + RO Data)                 3032 (   2.96kB)
    Total RW  Size (RW Data + ZI Data)               584 (   0.57kB)
    Total ROM Size (Code + RO Data + RW Data)       3100 (   3.03kB)

==============================================================================

