ARM Linker, 4.1 [Build 713] [Standard]

==============================================================================

Section Cross References

    ssp.o(.text) refers to gpio.o(.text) for GPIOSetDir
    ssp.o(.text) refers to ssp.o(.data) for interruptOverRunStat0
    ssptest.o(.text) refers to gpio.o(.text) for GPIOSetValue
    ssptest.o(.text) refers to ssp.o(.text) for SSP_Send
    ssptest.o(.text) refers to system_lpc11xx.o(.text) for SystemInit
    ssptest.o(.text) refers to ssptest.o(.bss) for src_addr
    system_lpc11xx.o(.text) refers to system_lpc11xx.o(.data) for ClockSource
    startup_lpc11xx.o(RESET) refers to startup_lpc11xx.o(STACK) for __initial_sp
    startup_lpc11xx.o(RESET) refers to startup_lpc11xx.o(.text) for Reset_Handler
    startup_lpc11xx.o(RESET) refers to ssp.o(.text) for SSP1_IRQHandler
    startup_lpc11xx.o(RESET) refers to uart.o(.text) for UART_IRQHandler
    startup_lpc11xx.o(RESET) refers to gpio.o(.text) for PIOINT3_IRQHandler
    startup_lpc11xx.o(.text) refers to entry.o(.ARM.Collect$$$$00000000) for __main
    gpio.o(.text) refers to gpio.o(.data) for gpio0_counter
    gpio.o(.text) refers to gpio.o(.constdata) for LPC_GPIO
    uart.o(.text) refers to uidiv.o(.text) for __aeabi_uidivmod
    uart.o(.text) refers to uart.o(.data) for UARTStatus
    uart.o(.text) refers to uart.o(.bss) for UARTBuffer
    uart.o(.text) refers to system_lpc11xx.o(.data) for SystemAHBFrequency
    entry.o(.ARM.Collect$$$$00000000) refers (Special) to entry7.o(.ARM.Collect$$$$00000007) for _main_init
    entry.o(.ARM.Collect$$$$00000000) refers (Special) to entry5.o(.ARM.Collect$$$$00000004) for _main_scatterload
    entry.o(.ARM.Collect$$$$00000000) refers (Special) to entry2.o(.ARM.Collect$$$$00000001) for _main_stk
    entry2.o(.ARM.Collect$$$$00000001) refers to entry2.o(.ARM.Collect$$$$00002712) for __lit__00000000
    entry2.o(.ARM.Collect$$$$00002712) refers to startup_lpc11xx.o(STACK) for __initial_sp
    entry2.o(__vectab_stack_and_reset_area) refers to startup_lpc11xx.o(STACK) for __initial_sp
    entry2.o(__vectab_stack_and_reset_area) refers to entry.o(.ARM.Collect$$$$00000000) for __main
    entry5.o(.ARM.Collect$$$$00000004) refers to init.o(.text) for __scatterload
    entry7.o(.ARM.Collect$$$$00000007) refers to ssptest.o(.text) for main
    init.o(.text) refers to entry5.o(.ARM.Collect$$$$00000004) for __main_after_scatterload


==============================================================================

Removing Unused input sections from the image.

    Removing ssp.o(.constdata), (16 bytes).
    Removing ssptest.o(.constdata), (16 bytes).
    Removing startup_lpc11xx.o(HEAP), (0 bytes).

3 unused section(s) (total 32 bytes) removed from the image.

==============================================================================

Image Symbol Table

    Local Symbols

    Symbol Name                              Value     Ov Type        Size  Object(Section)

    RESET                                    0x00000000   Section      192  startup_lpc11xx.o(RESET)
    ../../microlib/division.c                0x00000000   Number         0  uidiv.o ABSOLUTE
    ../../microlib/init/entry.s              0x00000000   Number         0  entry.o ABSOLUTE
    ../../microlib/init/entry.s              0x00000000   Number         0  entry7.o ABSOLUTE
    ../../microlib/init/entry.s              0x00000000   Number         0  entry5.o ABSOLUTE
    ../../microlib/init/entry.s              0x00000000   Number         0  entry2.o ABSOLUTE
    ..\Common\src\core_cm0.c                 0x00000000   Number         0  core_cm0.o ABSOLUTE
    ..\Common\src\gpio.c                     0x00000000   Number         0  gpio.o ABSOLUTE
    ..\Common\src\startup_LPC11xx.s          0x00000000   Number         0  startup_lpc11xx.o ABSOLUTE
    ..\Common\src\system_LPC11xx.c           0x00000000   Number         0  system_lpc11xx.o ABSOLUTE
    ..\Common\src\uart.c                     0x00000000   Number         0  uart.o ABSOLUTE
    dc.s                                     0x00000000   Number         0  dc.o ABSOLUTE
    handlers.s                               0x00000000   Number         0  handlers.o ABSOLUTE
    init.s                                   0x00000000   Number         0  init.o ABSOLUTE
    ssp.c                                    0x00000000   Number         0  ssp.o ABSOLUTE
    ssptest.c                                0x00000000   Number         0  ssptest.o ABSOLUTE
    .ARM.Collect$$$$00000000                 0x000000c0   Section        0  entry.o(.ARM.Collect$$$$00000000)
    .ARM.Collect$$$$00000001                 0x000000c0   Section        4  entry2.o(.ARM.Collect$$$$00000001)
    .ARM.Collect$$$$00000004                 0x000000c4   Section        4  entry5.o(.ARM.Collect$$$$00000004)
    .ARM.Collect$$$$00000007                 0x000000c8   Section        8  entry7.o(.ARM.Collect$$$$00000007)
    .ARM.Collect$$$$00002712                 0x000000d0   Section        4  entry2.o(.ARM.Collect$$$$00002712)
    __lit__00000000                          0x000000d0   Data           4  entry2.o(.ARM.Collect$$$$00002712)
    .text                                    0x000000d4   Section        0  system_lpc11xx.o(.text)
    .text                                    0x000001b4   Section       28  startup_lpc11xx.o(.text)
    .text                                    0x000001d0   Section        0  uidiv.o(.text)
    .text                                    0x000001fc   Section       36  init.o(.text)
    i.__scatterload_copy                     0x00000220   Section       14  handlers.o(i.__scatterload_copy)
    i.__scatterload_null                     0x0000022e   Section        2  handlers.o(i.__scatterload_null)
    i.__scatterload_zeroinit                 0x00000230   Section       14  handlers.o(i.__scatterload_zeroinit)
    .constdata                               0x00000240   Section       16  gpio.o(.constdata)
    LPC_GPIO                                 0x00000240   Data          16  gpio.o(.constdata)
    .ARM.__at_0x02FC                         0x000002fc   Section        4  startup_lpc11xx.o(.ARM.__at_0x02FC)
    .text                                    0x00000300   Section        0  ssp.o(.text)
    NVIC_EnableIRQ                           0x000005bd   Thumb Code    14  ssp.o(.text)
    .text                                    0x00000610   Section        0  ssptest.o(.text)
    .text                                    0x000009a8   Section        0  gpio.o(.text)
    NVIC_EnableIRQ                           0x00000e47   Thumb Code    14  gpio.o(.text)
    .text                                    0x00000e5c   Section        0  uart.o(.text)
    .data                                    0x10000000   Section       24  ssp.o(.data)
    .data                                    0x10000018   Section       12  system_lpc11xx.o(.data)
    .data                                    0x10000024   Section       32  gpio.o(.data)
    .data                                    0x10000044   Section       12  uart.o(.data)
    .bss                                     0x10000050   Section       32  ssptest.o(.bss)
    .bss                                     0x10000070   Section       64  uart.o(.bss)
    STACK                                    0x100000b0   Section      512  startup_lpc11xx.o(STACK)

    Global Symbols

    Symbol Name                              Value     Ov Type        Size  Object(Section)

    BuildAttributes$$THM_ISAv3M$S$PE$A:L22$X:L11$S22$IEEE1$IW$USESV6$~STKCKD$USESV7$~SHL$OSPACE$EBA8$MICROLIB$REQ8$PRES8$EABIv2 0x00000000   Number         0  anon$$obj.o ABSOLUTE
    __ARM_use_no_argv                        0x00000000   Number         0  ssptest.o ABSOLUTE
    __Vectors                                0x00000000   Data           4  startup_lpc11xx.o(RESET)
    __decompress                              - Undefined Weak Reference
    __main                                   0x000000c1   Thumb Code     0  entry.o(.ARM.Collect$$$$00000000)
    _main_stk                                0x000000c1   Thumb Code     0  entry2.o(.ARM.Collect$$$$00000001)
    _main_scatterload                        0x000000c5   Thumb Code     0  entry5.o(.ARM.Collect$$$$00000004)
    __main_after_scatterload                 0x000000c9   Thumb Code     0  entry5.o(.ARM.Collect$$$$00000004)
    _main_init                               0x000000c9   Thumb Code     0  entry7.o(.ARM.Collect$$$$00000007)
    Main_PLL_Setup                           0x000000d5   Thumb Code   134  system_lpc11xx.o(.text)
    SystemInit                               0x0000015b   Thumb Code    56  system_lpc11xx.o(.text)
    Reset_Handler                            0x000001b5   Thumb Code     4  startup_lpc11xx.o(.text)
    NMI_Handler                              0x000001b9   Thumb Code     2  startup_lpc11xx.o(.text)
    HardFault_Handler                        0x000001bb   Thumb Code     2  startup_lpc11xx.o(.text)
    MemManage_Handler                        0x000001bd   Thumb Code     2  startup_lpc11xx.o(.text)
    BusFault_Handler                         0x000001bf   Thumb Code     2  startup_lpc11xx.o(.text)
    UsageFault_Handler                       0x000001c1   Thumb Code     2  startup_lpc11xx.o(.text)
    SVC_Handler                              0x000001c3   Thumb Code     2  startup_lpc11xx.o(.text)
    DebugMon_Handler                         0x000001c5   Thumb Code     2  startup_lpc11xx.o(.text)
    PendSV_Handler                           0x000001c7   Thumb Code     2  startup_lpc11xx.o(.text)
    SysTick_Handler                          0x000001c9   Thumb Code     2  startup_lpc11xx.o(.text)
    ADC_IRQHandler                           0x000001cb   Thumb Code     0  startup_lpc11xx.o(.text)
    BOD_IRQHandler                           0x000001cb   Thumb Code     0  startup_lpc11xx.o(.text)
    CAN_IRQHandler                           0x000001cb   Thumb Code     0  startup_lpc11xx.o(.text)
    FMC_IRQHandler                           0x000001cb   Thumb Code     0  startup_lpc11xx.o(.text)
    I2C_IRQHandler                           0x000001cb   Thumb Code     0  startup_lpc11xx.o(.text)
    TIMER16_0_IRQHandler                     0x000001cb   Thumb Code     0  startup_lpc11xx.o(.text)
    TIMER16_1_IRQHandler                     0x000001cb   Thumb Code     0  startup_lpc11xx.o(.text)
    TIMER32_0_IRQHandler                     0x000001cb   Thumb Code     0  startup_lpc11xx.o(.text)
    TIMER32_1_IRQHandler                     0x000001cb   Thumb Code     0  startup_lpc11xx.o(.text)
    USB_FIQHandler                           0x000001cb   Thumb Code     0  startup_lpc11xx.o(.text)
    USB_IRQHandler                           0x000001cb   Thumb Code     0  startup_lpc11xx.o(.text)
    WAKEUP_IRQHandler                        0x000001cb   Thumb Code     0  startup_lpc11xx.o(.text)
    WDT_IRQHandler                           0x000001cb   Thumb Code     0  startup_lpc11xx.o(.text)
    __aeabi_uidiv                            0x000001d1   Thumb Code     0  uidiv.o(.text)
    __aeabi_uidivmod                         0x000001d1   Thumb Code    44  uidiv.o(.text)
    __scatterload                            0x000001fd   Thumb Code    28  init.o(.text)
    __scatterload_rt2                        0x000001fd   Thumb Code     0  init.o(.text)
    __scatterload_copy                       0x00000221   Thumb Code    14  handlers.o(i.__scatterload_copy)
    __scatterload_null                       0x0000022f   Thumb Code     2  handlers.o(i.__scatterload_null)
    __scatterload_zeroinit                   0x00000231   Thumb Code    14  handlers.o(i.__scatterload_zeroinit)
    Region$$Table$$Base                      0x00000250   Number         0  anon$$obj.o(Region$$Table)
    Region$$Table$$Limit                     0x00000260   Number         0  anon$$obj.o(Region$$Table)
    SSP0_IRQHandler                          0x00000301   Thumb Code    66  ssp.o(.text)
    SSP1_IRQHandler                          0x00000343   Thumb Code    66  ssp.o(.text)
    SSP_IOConfig                             0x00000385   Thumb Code   284  ssp.o(.text)
    SSP_Init                                 0x000004a1   Thumb Code   102  ssp.o(.text)
    SSP_Send                                 0x00000507   Thumb Code   106  ssp.o(.text)
    SSP_Receive                              0x00000571   Thumb Code    76  ssp.o(.text)
    SSP_LoopbackTest                         0x00000611   Thumb Code   120  ssptest.o(.text)
    SSP_SEEPROMTest                          0x00000689   Thumb Code   712  ssptest.o(.text)
    main                                     0x00000951   Thumb Code    74  ssptest.o(.text)
    GPIOIntClear                             0x000009a9   Thumb Code    88  gpio.o(.text)
    GPIOIntStatus                            0x00000a01   Thumb Code    94  gpio.o(.text)
    PIOINT0_IRQHandler                       0x00000a5f   Thumb Code    46  gpio.o(.text)
    PIOINT1_IRQHandler                       0x00000a8d   Thumb Code    46  gpio.o(.text)
    PIOINT2_IRQHandler                       0x00000abb   Thumb Code    46  gpio.o(.text)
    PIOINT3_IRQHandler                       0x00000ae9   Thumb Code    46  gpio.o(.text)
    GPIOInit                                 0x00000b17   Thumb Code    40  gpio.o(.text)
    GPIOSetInterrupt                         0x00000b3f   Thumb Code   446  gpio.o(.text)
    GPIOIntEnable                            0x00000cfd   Thumb Code    88  gpio.o(.text)
    GPIOIntDisable                           0x00000d55   Thumb Code   142  gpio.o(.text)
    GPIOSetValue                             0x00000de3   Thumb Code    22  gpio.o(.text)
    GPIOSetDir                               0x00000df9   Thumb Code    78  gpio.o(.text)
    UART_IRQHandler                          0x00000e5d   Thumb Code   180  uart.o(.text)
    UARTInit                                 0x00000f11   Thumb Code   194  uart.o(.text)
    UARTSend                                 0x00000fd3   Thumb Code    30  uart.o(.text)
    interruptRxStat0                         0x10000000   Data           4  ssp.o(.data)
    interruptOverRunStat0                    0x10000004   Data           4  ssp.o(.data)
    interruptRxTimeoutStat0                  0x10000008   Data           4  ssp.o(.data)
    interruptRxStat1                         0x1000000c   Data           4  ssp.o(.data)
    interruptOverRunStat1                    0x10000010   Data           4  ssp.o(.data)
    interruptRxTimeoutStat1                  0x10000014   Data           4  ssp.o(.data)
    ClockSource                              0x10000018   Data           4  system_lpc11xx.o(.data)
    SystemFrequency                          0x1000001c   Data           4  system_lpc11xx.o(.data)
    SystemAHBFrequency                       0x10000020   Data           4  system_lpc11xx.o(.data)
    gpio0_counter                            0x10000024   Data           4  gpio.o(.data)
    gpio1_counter                            0x10000028   Data           4  gpio.o(.data)
    gpio2_counter                            0x1000002c   Data           4  gpio.o(.data)
    gpio3_counter                            0x10000030   Data           4  gpio.o(.data)
    p0_1_counter                             0x10000034   Data           4  gpio.o(.data)
    p1_1_counter                             0x10000038   Data           4  gpio.o(.data)
    p2_1_counter                             0x1000003c   Data           4  gpio.o(.data)
    p3_1_counter                             0x10000040   Data           4  gpio.o(.data)
    UARTTxEmpty                              0x10000044   Data           1  uart.o(.data)
    UARTCount                                0x10000048   Data           4  uart.o(.data)
    UARTStatus                               0x1000004c   Data           4  uart.o(.data)
    src_addr                                 0x10000050   Data          16  ssptest.o(.bss)
    dest_addr                                0x10000060   Data          16  ssptest.o(.bss)
    UARTBuffer                               0x10000070   Data          64  uart.o(.bss)
    __initial_sp                             0x100002b0   Data           0  startup_lpc11xx.o(STACK)



==============================================================================

Memory Map of the image

  Image Entry point : 0x000000c1

  Load Region LR_IROM1 (Base: 0x00000000, Size: 0x0000106c, Max: 0x00008000, ABSOLUTE)

    Execution Region ER_IROM1 (Base: 0x00000000, Size: 0x0000101c, Max: 0x00008000, ABSOLUTE)

    Base Addr    Size         Type   Attr      Idx    E Section Name        Object

    0x00000000   0x000000c0   Data   RO           83    RESET               startup_lpc11xx.o
    0x000000c0   0x00000000   Code   RO          130  * .ARM.Collect$$$$00000000  mc_p.l(entry.o)
    0x000000c0   0x00000004   Code   RO          135    .ARM.Collect$$$$00000001  mc_p.l(entry2.o)
    0x000000c4   0x00000004   Code   RO          138    .ARM.Collect$$$$00000004  mc_p.l(entry5.o)
    0x000000c8   0x00000008   Code   RO          139    .ARM.Collect$$$$00000007  mc_p.l(entry7.o)
    0x000000d0   0x00000004   Code   RO          136    .ARM.Collect$$$$00002712  mc_p.l(entry2.o)
    0x000000d4   0x000000e0   Code   RO           63    .text               system_lpc11xx.o
    0x000001b4   0x0000001c   Code   RO           85    .text               startup_lpc11xx.o
    0x000001d0   0x0000002c   Code   RO          133    .text               mc_p.l(uidiv.o)
    0x000001fc   0x00000024   Code   RO          140    .text               mc_p.l(init.o)
    0x00000220   0x0000000e   Code   RO          144    i.__scatterload_copy  mc_p.l(handlers.o)
    0x0000022e   0x00000002   Code   RO          145    i.__scatterload_null  mc_p.l(handlers.o)
    0x00000230   0x0000000e   Code   RO          146    i.__scatterload_zeroinit  mc_p.l(handlers.o)
    0x0000023e   0x00000002   PAD
    0x00000240   0x00000010   Data   RO           93    .constdata          gpio.o
    0x00000250   0x00000010   Data   RO          142    Region$$Table       anon$$obj.o
    0x00000260   0x0000009c   PAD
    0x000002fc   0x00000004   Code   RO           84    .ARM.__at_0x02FC    startup_lpc11xx.o
    0x00000300   0x00000310   Code   RO            1    .text               ssp.o
    0x00000610   0x00000398   Code   RO           38    .text               ssptest.o
    0x000009a8   0x000004b4   Code   RO           92    .text               gpio.o
    0x00000e5c   0x000001c0   Code   RO          108    .text               uart.o


    Execution Region RW_IRAM1 (Base: 0x10000000, Size: 0x000002b0, Max: 0x00002000, ABSOLUTE, UNINIT)

    Base Addr    Size         Type   Attr      Idx    E Section Name        Object

    0x10000000   0x00000018   Data   RW            3    .data               ssp.o
    0x10000018   0x0000000c   Data   RW           64    .data               system_lpc11xx.o
    0x10000024   0x00000020   Data   RW           94    .data               gpio.o
    0x10000044   0x0000000c   Data   RW          110    .data               uart.o
    0x10000050   0x00000020   Zero   RW           39    .bss                ssptest.o
    0x10000070   0x00000040   Zero   RW          109    .bss                uart.o
    0x100000b0   0x00000200   Zero   RW           81    STACK               startup_lpc11xx.o


==============================================================================

Image component sizes


      Code (inc. data)   RO Data    RW Data    ZI Data      Debug   Object Name

      1204         62         16         32          0       3986   gpio.o
       784         70          0         24          0      17109   ssp.o
       920         14          0          0         32       2145   ssptest.o
        32          8        192          0        512        932   startup_lpc11xx.o
       224         34          0         12          0        985   system_lpc11xx.o
       448         44          0         12         64       4522   uart.o

    ----------------------------------------------------------------------
      3612        232        380         80        608      29679   Object Totals
         0          0         16          0          0          0   (incl. Generated)
         0          0        156          0          0          0   (incl. Padding)

    ----------------------------------------------------------------------

      Code (inc. data)   RO Data    RW Data    ZI Data      Debug   Library Member Name

         0          0          0          0          0          0   entry.o
         8          4          0          0          0          0   entry2.o
         4          0          0          0          0          0   entry5.o
         8          4          0          0          0          0   entry7.o
        30          0          0          0          0          0   handlers.o
        36          8          0          0          0         68   init.o
        44          0          0          0          0         72   uidiv.o

    ----------------------------------------------------------------------
       132         16          0          0          0        140   Library Totals
         2          0          0          0          0          0   (incl. Padding)

    ----------------------------------------------------------------------

      Code (inc. data)   RO Data    RW Data    ZI Data      Debug   Library Name

       130         16          0          0          0        140   mc_p.l

    ----------------------------------------------------------------------
       132         16          0          0          0        140   Library Totals

    ----------------------------------------------------------------------

==============================================================================


      Code (inc. data)   RO Data    RW Data    ZI Data      Debug   

      3744        248        380         80        608      29547   Grand Totals
      3744        248        380         80        608      29547   ELF Image Totals
      3744        248        380         80          0          0   ROM Totals

==============================================================================

    Total RO  Size (Code + RO Data)                 4124 (   4.03kB)
    Total RW  Size (RW Data + ZI Data)               688 (   0.67kB)
    Total ROM Size (Code + RO Data + RW Data)       4204 (   4.11kB)

==============================================================================

