<!doctype html public "-//w3c//dtd html 4.0 transitional//en">
<html><head>
<title>Static Call Graph - [.\Obj\UART.axf]</title></head>
<body><HR>
<H1>Static Call Graph for image .\Obj\UART.axf</H1><HR>
<BR><P>#&#060CALLGRAPH&#062# ARM Linker, 4.1 [Build 713]: Last Updated: Sun Aug 28 19:57:28 2011
<BR><P>
<H3>Maximum Stack Usage =         36 bytes + Unknown(Cycles, Untraceable Function Pointers)</H3><H3>
Call chain for Maximum Stack Depth:</H3>
main &rArr; UARTInit &rArr; __aeabi_uidivmod
<P>
<H3>
Mutually Recursive functions
</H3> <LI><a href="#[1]">NMI_Handler</a>&nbsp;&nbsp;&nbsp;&rArr;&nbsp;&nbsp;&nbsp;<a href="#[1]">NMI_Handler</a><BR>
 <LI><a href="#[2]">HardFault_Handler</a>&nbsp;&nbsp;&nbsp;&rArr;&nbsp;&nbsp;&nbsp;<a href="#[2]">HardFault_Handler</a><BR>
 <LI><a href="#[3]">MemManage_Handler</a>&nbsp;&nbsp;&nbsp;&rArr;&nbsp;&nbsp;&nbsp;<a href="#[3]">MemManage_Handler</a><BR>
 <LI><a href="#[4]">BusFault_Handler</a>&nbsp;&nbsp;&nbsp;&rArr;&nbsp;&nbsp;&nbsp;<a href="#[4]">BusFault_Handler</a><BR>
 <LI><a href="#[5]">UsageFault_Handler</a>&nbsp;&nbsp;&nbsp;&rArr;&nbsp;&nbsp;&nbsp;<a href="#[5]">UsageFault_Handler</a><BR>
 <LI><a href="#[6]">SVC_Handler</a>&nbsp;&nbsp;&nbsp;&rArr;&nbsp;&nbsp;&nbsp;<a href="#[6]">SVC_Handler</a><BR>
 <LI><a href="#[7]">DebugMon_Handler</a>&nbsp;&nbsp;&nbsp;&rArr;&nbsp;&nbsp;&nbsp;<a href="#[7]">DebugMon_Handler</a><BR>
 <LI><a href="#[8]">PendSV_Handler</a>&nbsp;&nbsp;&nbsp;&rArr;&nbsp;&nbsp;&nbsp;<a href="#[8]">PendSV_Handler</a><BR>
 <LI><a href="#[9]">SysTick_Handler</a>&nbsp;&nbsp;&nbsp;&rArr;&nbsp;&nbsp;&nbsp;<a href="#[9]">SysTick_Handler</a><BR>
 <LI><a href="#[16]">ADC_IRQHandler</a>&nbsp;&nbsp;&nbsp;&rArr;&nbsp;&nbsp;&nbsp;<a href="#[16]">ADC_IRQHandler</a><BR>
</UL>
<P>
<H3>
Function Pointers
</H3><UL>
 <LI><a href="#[16]">ADC_IRQHandler</a> from startup_lpc11xx.o(.text) referenced from startup_lpc11xx.o(RESET)
 <LI><a href="#[18]">BOD_IRQHandler</a> from startup_lpc11xx.o(.text) referenced from startup_lpc11xx.o(RESET)
 <LI><a href="#[4]">BusFault_Handler</a> from startup_lpc11xx.o(.text) referenced from startup_lpc11xx.o(RESET)
 <LI><a href="#[b]">CAN_IRQHandler</a> from startup_lpc11xx.o(.text) referenced from startup_lpc11xx.o(RESET)
 <LI><a href="#[7]">DebugMon_Handler</a> from startup_lpc11xx.o(.text) referenced from startup_lpc11xx.o(RESET)
 <LI><a href="#[19]">FMC_IRQHandler</a> from startup_lpc11xx.o(.text) referenced from startup_lpc11xx.o(RESET)
 <LI><a href="#[2]">HardFault_Handler</a> from startup_lpc11xx.o(.text) referenced from startup_lpc11xx.o(RESET)
 <LI><a href="#[d]">I2C_IRQHandler</a> from startup_lpc11xx.o(.text) referenced from startup_lpc11xx.o(RESET)
 <LI><a href="#[3]">MemManage_Handler</a> from startup_lpc11xx.o(.text) referenced from startup_lpc11xx.o(RESET)
 <LI><a href="#[1]">NMI_Handler</a> from startup_lpc11xx.o(.text) referenced from startup_lpc11xx.o(RESET)
 <LI><a href="#[1d]">PIOINT0_IRQHandler</a> from startup_lpc11xx.o(.text) referenced from startup_lpc11xx.o(RESET)
 <LI><a href="#[1c]">PIOINT1_IRQHandler</a> from startup_lpc11xx.o(.text) referenced from startup_lpc11xx.o(RESET)
 <LI><a href="#[1b]">PIOINT2_IRQHandler</a> from startup_lpc11xx.o(.text) referenced from startup_lpc11xx.o(RESET)
 <LI><a href="#[1a]">PIOINT3_IRQHandler</a> from startup_lpc11xx.o(.text) referenced from startup_lpc11xx.o(RESET)
 <LI><a href="#[8]">PendSV_Handler</a> from startup_lpc11xx.o(.text) referenced from startup_lpc11xx.o(RESET)
 <LI><a href="#[0]">Reset_Handler</a> from startup_lpc11xx.o(.text) referenced from startup_lpc11xx.o(RESET)
 <LI><a href="#[12]">SSP0_IRQHandler</a> from startup_lpc11xx.o(.text) referenced from startup_lpc11xx.o(RESET)
 <LI><a href="#[c]">SSP1_IRQHandler</a> from startup_lpc11xx.o(.text) referenced from startup_lpc11xx.o(RESET)
 <LI><a href="#[6]">SVC_Handler</a> from startup_lpc11xx.o(.text) referenced from startup_lpc11xx.o(RESET)
 <LI><a href="#[9]">SysTick_Handler</a> from startup_lpc11xx.o(.text) referenced from startup_lpc11xx.o(RESET)
 <LI><a href="#[e]">TIMER16_0_IRQHandler</a> from startup_lpc11xx.o(.text) referenced from startup_lpc11xx.o(RESET)
 <LI><a href="#[f]">TIMER16_1_IRQHandler</a> from startup_lpc11xx.o(.text) referenced from startup_lpc11xx.o(RESET)
 <LI><a href="#[10]">TIMER32_0_IRQHandler</a> from startup_lpc11xx.o(.text) referenced from startup_lpc11xx.o(RESET)
 <LI><a href="#[11]">TIMER32_1_IRQHandler</a> from startup_lpc11xx.o(.text) referenced from startup_lpc11xx.o(RESET)
 <LI><a href="#[13]">UART_IRQHandler</a> from uart.o(.text) referenced from startup_lpc11xx.o(RESET)
 <LI><a href="#[15]">USB_FIQHandler</a> from startup_lpc11xx.o(.text) referenced from startup_lpc11xx.o(RESET)
 <LI><a href="#[14]">USB_IRQHandler</a> from startup_lpc11xx.o(.text) referenced from startup_lpc11xx.o(RESET)
 <LI><a href="#[5]">UsageFault_Handler</a> from startup_lpc11xx.o(.text) referenced from startup_lpc11xx.o(RESET)
 <LI><a href="#[a]">WAKEUP_IRQHandler</a> from startup_lpc11xx.o(.text) referenced 13 times from startup_lpc11xx.o(RESET)
 <LI><a href="#[17]">WDT_IRQHandler</a> from startup_lpc11xx.o(.text) referenced from startup_lpc11xx.o(RESET)
 <LI><a href="#[1f]">__main</a> from entry.o(.ARM.Collect$$$$00000000) referenced from startup_lpc11xx.o(.text)
 <LI><a href="#[1e]">main</a> from uarttest.o(.text) referenced from entry7.o(.ARM.Collect$$$$00000007)
</UL>
<P>
<H3>
Global Symbols
</H3>
<P><STRONG><a name="[1f]"></a>__main</STRONG> (Thumb, 0 bytes, Stack size unknown bytes, entry.o(.ARM.Collect$$$$00000000))
<BR>[Address Reference Count : 1]<UL><LI> startup_lpc11xx.o(.text)
</UL>
<P><STRONG><a name="[28]"></a>_main_stk</STRONG> (Thumb, 0 bytes, Stack size unknown bytes, entry2.o(.ARM.Collect$$$$00000001))

<P><STRONG><a name="[20]"></a>_main_scatterload</STRONG> (Thumb, 0 bytes, Stack size unknown bytes, entry5.o(.ARM.Collect$$$$00000004))
<BR><BR>[Calls]<UL><LI><a href="#[21]">&gt;&gt;</a>&nbsp;&nbsp;&nbsp;__scatterload
</UL>

<P><STRONG><a name="[27]"></a>__main_after_scatterload</STRONG> (Thumb, 0 bytes, Stack size unknown bytes, entry5.o(.ARM.Collect$$$$00000004))
<BR><BR>[Called By]<UL><LI><a href="#[21]">&gt;&gt;</a>&nbsp;&nbsp;&nbsp;__scatterload
</UL>

<P><STRONG><a name="[29]"></a>_main_init</STRONG> (Thumb, 0 bytes, Stack size unknown bytes, entry7.o(.ARM.Collect$$$$00000007))

<P><STRONG><a name="[13]"></a>UART_IRQHandler</STRONG> (Thumb, 180 bytes, Stack size 16 bytes, uart.o(.text))
<BR><BR>[Stack]<UL><LI>Max Depth = 16<LI>Call Chain = UART_IRQHandler
</UL>
<BR>[Address Reference Count : 1]<UL><LI> startup_lpc11xx.o(RESET)
</UL>
<P><STRONG><a name="[22]"></a>UARTInit</STRONG> (Thumb, 194 bytes, Stack size 24 bytes, uart.o(.text))
<BR><BR>[Stack]<UL><LI>Max Depth = 36<LI>Call Chain = UARTInit &rArr; __aeabi_uidivmod
</UL>
<BR>[Calls]<UL><LI><a href="#[23]">&gt;&gt;</a>&nbsp;&nbsp;&nbsp;__aeabi_uidivmod
</UL>
<BR>[Called By]<UL><LI><a href="#[1e]">&gt;&gt;</a>&nbsp;&nbsp;&nbsp;main
</UL>

<P><STRONG><a name="[26]"></a>UARTSend</STRONG> (Thumb, 30 bytes, Stack size 0 bytes, uart.o(.text))
<BR><BR>[Called By]<UL><LI><a href="#[1e]">&gt;&gt;</a>&nbsp;&nbsp;&nbsp;main
</UL>

<P><STRONG><a name="[25]"></a>Main_PLL_Setup</STRONG> (Thumb, 134 bytes, Stack size 0 bytes, system_lpc11xx.o(.text))
<BR><BR>[Called By]<UL><LI><a href="#[24]">&gt;&gt;</a>&nbsp;&nbsp;&nbsp;SystemInit
</UL>

<P><STRONG><a name="[24]"></a>SystemInit</STRONG> (Thumb, 56 bytes, Stack size 4 bytes, system_lpc11xx.o(.text))
<BR><BR>[Stack]<UL><LI>Max Depth = 4<LI>Call Chain = SystemInit
</UL>
<BR>[Calls]<UL><LI><a href="#[25]">&gt;&gt;</a>&nbsp;&nbsp;&nbsp;Main_PLL_Setup
</UL>
<BR>[Called By]<UL><LI><a href="#[1e]">&gt;&gt;</a>&nbsp;&nbsp;&nbsp;main
</UL>

<P><STRONG><a name="[0]"></a>Reset_Handler</STRONG> (Thumb, 4 bytes, Stack size 0 bytes, startup_lpc11xx.o(.text))
<BR>[Address Reference Count : 1]<UL><LI> startup_lpc11xx.o(RESET)
</UL>
<P><STRONG><a name="[1]"></a>NMI_Handler</STRONG> (Thumb, 2 bytes, Stack size 0 bytes, startup_lpc11xx.o(.text))
<BR><BR>[Calls]<UL><LI><a href="#[1]">&gt;&gt;</a>&nbsp;&nbsp;&nbsp;NMI_Handler
</UL>
<BR>[Called By]<UL><LI><a href="#[1]">&gt;&gt;</a>&nbsp;&nbsp;&nbsp;NMI_Handler
</UL>
<BR>[Address Reference Count : 1]<UL><LI> startup_lpc11xx.o(RESET)
</UL>
<P><STRONG><a name="[2]"></a>HardFault_Handler</STRONG> (Thumb, 2 bytes, Stack size 0 bytes, startup_lpc11xx.o(.text))
<BR><BR>[Calls]<UL><LI><a href="#[2]">&gt;&gt;</a>&nbsp;&nbsp;&nbsp;HardFault_Handler
</UL>
<BR>[Called By]<UL><LI><a href="#[2]">&gt;&gt;</a>&nbsp;&nbsp;&nbsp;HardFault_Handler
</UL>
<BR>[Address Reference Count : 1]<UL><LI> startup_lpc11xx.o(RESET)
</UL>
<P><STRONG><a name="[3]"></a>MemManage_Handler</STRONG> (Thumb, 2 bytes, Stack size 0 bytes, startup_lpc11xx.o(.text))
<BR><BR>[Calls]<UL><LI><a href="#[3]">&gt;&gt;</a>&nbsp;&nbsp;&nbsp;MemManage_Handler
</UL>
<BR>[Called By]<UL><LI><a href="#[3]">&gt;&gt;</a>&nbsp;&nbsp;&nbsp;MemManage_Handler
</UL>
<BR>[Address Reference Count : 1]<UL><LI> startup_lpc11xx.o(RESET)
</UL>
<P><STRONG><a name="[4]"></a>BusFault_Handler</STRONG> (Thumb, 2 bytes, Stack size 0 bytes, startup_lpc11xx.o(.text))
<BR><BR>[Calls]<UL><LI><a href="#[4]">&gt;&gt;</a>&nbsp;&nbsp;&nbsp;BusFault_Handler
</UL>
<BR>[Called By]<UL><LI><a href="#[4]">&gt;&gt;</a>&nbsp;&nbsp;&nbsp;BusFault_Handler
</UL>
<BR>[Address Reference Count : 1]<UL><LI> startup_lpc11xx.o(RESET)
</UL>
<P><STRONG><a name="[5]"></a>UsageFault_Handler</STRONG> (Thumb, 2 bytes, Stack size 0 bytes, startup_lpc11xx.o(.text))
<BR><BR>[Calls]<UL><LI><a href="#[5]">&gt;&gt;</a>&nbsp;&nbsp;&nbsp;UsageFault_Handler
</UL>
<BR>[Called By]<UL><LI><a href="#[5]">&gt;&gt;</a>&nbsp;&nbsp;&nbsp;UsageFault_Handler
</UL>
<BR>[Address Reference Count : 1]<UL><LI> startup_lpc11xx.o(RESET)
</UL>
<P><STRONG><a name="[6]"></a>SVC_Handler</STRONG> (Thumb, 2 bytes, Stack size 0 bytes, startup_lpc11xx.o(.text))
<BR><BR>[Calls]<UL><LI><a href="#[6]">&gt;&gt;</a>&nbsp;&nbsp;&nbsp;SVC_Handler
</UL>
<BR>[Called By]<UL><LI><a href="#[6]">&gt;&gt;</a>&nbsp;&nbsp;&nbsp;SVC_Handler
</UL>
<BR>[Address Reference Count : 1]<UL><LI> startup_lpc11xx.o(RESET)
</UL>
<P><STRONG><a name="[7]"></a>DebugMon_Handler</STRONG> (Thumb, 2 bytes, Stack size 0 bytes, startup_lpc11xx.o(.text))
<BR><BR>[Calls]<UL><LI><a href="#[7]">&gt;&gt;</a>&nbsp;&nbsp;&nbsp;DebugMon_Handler
</UL>
<BR>[Called By]<UL><LI><a href="#[7]">&gt;&gt;</a>&nbsp;&nbsp;&nbsp;DebugMon_Handler
</UL>
<BR>[Address Reference Count : 1]<UL><LI> startup_lpc11xx.o(RESET)
</UL>
<P><STRONG><a name="[8]"></a>PendSV_Handler</STRONG> (Thumb, 2 bytes, Stack size 0 bytes, startup_lpc11xx.o(.text))
<BR><BR>[Calls]<UL><LI><a href="#[8]">&gt;&gt;</a>&nbsp;&nbsp;&nbsp;PendSV_Handler
</UL>
<BR>[Called By]<UL><LI><a href="#[8]">&gt;&gt;</a>&nbsp;&nbsp;&nbsp;PendSV_Handler
</UL>
<BR>[Address Reference Count : 1]<UL><LI> startup_lpc11xx.o(RESET)
</UL>
<P><STRONG><a name="[9]"></a>SysTick_Handler</STRONG> (Thumb, 2 bytes, Stack size 0 bytes, startup_lpc11xx.o(.text))
<BR><BR>[Calls]<UL><LI><a href="#[9]">&gt;&gt;</a>&nbsp;&nbsp;&nbsp;SysTick_Handler
</UL>
<BR>[Called By]<UL><LI><a href="#[9]">&gt;&gt;</a>&nbsp;&nbsp;&nbsp;SysTick_Handler
</UL>
<BR>[Address Reference Count : 1]<UL><LI> startup_lpc11xx.o(RESET)
</UL>
<P><STRONG><a name="[16]"></a>ADC_IRQHandler</STRONG> (Thumb, 0 bytes, Stack size 0 bytes, startup_lpc11xx.o(.text))
<BR><BR>[Calls]<UL><LI><a href="#[16]">&gt;&gt;</a>&nbsp;&nbsp;&nbsp;ADC_IRQHandler
</UL>
<BR>[Called By]<UL><LI><a href="#[16]">&gt;&gt;</a>&nbsp;&nbsp;&nbsp;ADC_IRQHandler
</UL>
<BR>[Address Reference Count : 1]<UL><LI> startup_lpc11xx.o(RESET)
</UL>
<P><STRONG><a name="[18]"></a>BOD_IRQHandler</STRONG> (Thumb, 0 bytes, Stack size 0 bytes, startup_lpc11xx.o(.text))
<BR>[Address Reference Count : 1]<UL><LI> startup_lpc11xx.o(RESET)
</UL>
<P><STRONG><a name="[b]"></a>CAN_IRQHandler</STRONG> (Thumb, 0 bytes, Stack size 0 bytes, startup_lpc11xx.o(.text))
<BR>[Address Reference Count : 1]<UL><LI> startup_lpc11xx.o(RESET)
</UL>
<P><STRONG><a name="[19]"></a>FMC_IRQHandler</STRONG> (Thumb, 0 bytes, Stack size 0 bytes, startup_lpc11xx.o(.text))
<BR>[Address Reference Count : 1]<UL><LI> startup_lpc11xx.o(RESET)
</UL>
<P><STRONG><a name="[d]"></a>I2C_IRQHandler</STRONG> (Thumb, 0 bytes, Stack size 0 bytes, startup_lpc11xx.o(.text))
<BR>[Address Reference Count : 1]<UL><LI> startup_lpc11xx.o(RESET)
</UL>
<P><STRONG><a name="[1d]"></a>PIOINT0_IRQHandler</STRONG> (Thumb, 0 bytes, Stack size 0 bytes, startup_lpc11xx.o(.text))
<BR>[Address Reference Count : 1]<UL><LI> startup_lpc11xx.o(RESET)
</UL>
<P><STRONG><a name="[1c]"></a>PIOINT1_IRQHandler</STRONG> (Thumb, 0 bytes, Stack size 0 bytes, startup_lpc11xx.o(.text))
<BR>[Address Reference Count : 1]<UL><LI> startup_lpc11xx.o(RESET)
</UL>
<P><STRONG><a name="[1b]"></a>PIOINT2_IRQHandler</STRONG> (Thumb, 0 bytes, Stack size 0 bytes, startup_lpc11xx.o(.text))
<BR>[Address Reference Count : 1]<UL><LI> startup_lpc11xx.o(RESET)
</UL>
<P><STRONG><a name="[1a]"></a>PIOINT3_IRQHandler</STRONG> (Thumb, 0 bytes, Stack size 0 bytes, startup_lpc11xx.o(.text))
<BR>[Address Reference Count : 1]<UL><LI> startup_lpc11xx.o(RESET)
</UL>
<P><STRONG><a name="[12]"></a>SSP0_IRQHandler</STRONG> (Thumb, 0 bytes, Stack size 0 bytes, startup_lpc11xx.o(.text))
<BR>[Address Reference Count : 1]<UL><LI> startup_lpc11xx.o(RESET)
</UL>
<P><STRONG><a name="[c]"></a>SSP1_IRQHandler</STRONG> (Thumb, 0 bytes, Stack size 0 bytes, startup_lpc11xx.o(.text))
<BR>[Address Reference Count : 1]<UL><LI> startup_lpc11xx.o(RESET)
</UL>
<P><STRONG><a name="[e]"></a>TIMER16_0_IRQHandler</STRONG> (Thumb, 0 bytes, Stack size 0 bytes, startup_lpc11xx.o(.text))
<BR>[Address Reference Count : 1]<UL><LI> startup_lpc11xx.o(RESET)
</UL>
<P><STRONG><a name="[f]"></a>TIMER16_1_IRQHandler</STRONG> (Thumb, 0 bytes, Stack size 0 bytes, startup_lpc11xx.o(.text))
<BR>[Address Reference Count : 1]<UL><LI> startup_lpc11xx.o(RESET)
</UL>
<P><STRONG><a name="[10]"></a>TIMER32_0_IRQHandler</STRONG> (Thumb, 0 bytes, Stack size 0 bytes, startup_lpc11xx.o(.text))
<BR>[Address Reference Count : 1]<UL><LI> startup_lpc11xx.o(RESET)
</UL>
<P><STRONG><a name="[11]"></a>TIMER32_1_IRQHandler</STRONG> (Thumb, 0 bytes, Stack size 0 bytes, startup_lpc11xx.o(.text))
<BR>[Address Reference Count : 1]<UL><LI> startup_lpc11xx.o(RESET)
</UL>
<P><STRONG><a name="[15]"></a>USB_FIQHandler</STRONG> (Thumb, 0 bytes, Stack size 0 bytes, startup_lpc11xx.o(.text))
<BR>[Address Reference Count : 1]<UL><LI> startup_lpc11xx.o(RESET)
</UL>
<P><STRONG><a name="[14]"></a>USB_IRQHandler</STRONG> (Thumb, 0 bytes, Stack size 0 bytes, startup_lpc11xx.o(.text))
<BR>[Address Reference Count : 1]<UL><LI> startup_lpc11xx.o(RESET)
</UL>
<P><STRONG><a name="[a]"></a>WAKEUP_IRQHandler</STRONG> (Thumb, 0 bytes, Stack size 0 bytes, startup_lpc11xx.o(.text))
<BR>[Address Reference Count : 1]<UL><LI> startup_lpc11xx.o(RESET)
</UL>
<P><STRONG><a name="[17]"></a>WDT_IRQHandler</STRONG> (Thumb, 0 bytes, Stack size 0 bytes, startup_lpc11xx.o(.text))
<BR>[Address Reference Count : 1]<UL><LI> startup_lpc11xx.o(RESET)
</UL>
<P><STRONG><a name="[1e]"></a>main</STRONG> (Thumb, 52 bytes, Stack size 0 bytes, uarttest.o(.text))
<BR><BR>[Stack]<UL><LI>Max Depth = 36<LI>Call Chain = main &rArr; UARTInit &rArr; __aeabi_uidivmod
</UL>
<BR>[Calls]<UL><LI><a href="#[24]">&gt;&gt;</a>&nbsp;&nbsp;&nbsp;SystemInit
<LI><a href="#[26]">&gt;&gt;</a>&nbsp;&nbsp;&nbsp;UARTSend
<LI><a href="#[22]">&gt;&gt;</a>&nbsp;&nbsp;&nbsp;UARTInit
</UL>
<BR>[Address Reference Count : 1]<UL><LI> entry7.o(.ARM.Collect$$$$00000007)
</UL>
<P><STRONG><a name="[2a]"></a>__aeabi_uidiv</STRONG> (Thumb, 0 bytes, Stack size 12 bytes, uidiv.o(.text), UNUSED)

<P><STRONG><a name="[23]"></a>__aeabi_uidivmod</STRONG> (Thumb, 44 bytes, Stack size 12 bytes, uidiv.o(.text))
<BR><BR>[Stack]<UL><LI>Max Depth = 12<LI>Call Chain = __aeabi_uidivmod
</UL>
<BR>[Called By]<UL><LI><a href="#[22]">&gt;&gt;</a>&nbsp;&nbsp;&nbsp;UARTInit
</UL>

<P><STRONG><a name="[21]"></a>__scatterload</STRONG> (Thumb, 28 bytes, Stack size 0 bytes, init.o(.text))
<BR><BR>[Calls]<UL><LI><a href="#[27]">&gt;&gt;</a>&nbsp;&nbsp;&nbsp;__main_after_scatterload
</UL>
<BR>[Called By]<UL><LI><a href="#[20]">&gt;&gt;</a>&nbsp;&nbsp;&nbsp;_main_scatterload
</UL>

<P><STRONG><a name="[2b]"></a>__scatterload_rt2</STRONG> (Thumb, 0 bytes, Stack size 0 bytes, init.o(.text), UNUSED)

<P><STRONG><a name="[2c]"></a>__scatterload_copy</STRONG> (Thumb, 14 bytes, Stack size unknown bytes, handlers.o(i.__scatterload_copy), UNUSED)

<P><STRONG><a name="[2d]"></a>__scatterload_null</STRONG> (Thumb, 2 bytes, Stack size unknown bytes, handlers.o(i.__scatterload_null), UNUSED)

<P><STRONG><a name="[2e]"></a>__scatterload_zeroinit</STRONG> (Thumb, 14 bytes, Stack size unknown bytes, handlers.o(i.__scatterload_zeroinit), UNUSED)
<P>
<H3>
Local Symbols
</H3><P>
<H3>
Undefined Global Symbols
</H3><HR></body></html>
