ARM Linker, RVCT4.0 [Build 728] [Standard]

==============================================================================

Section Cross References

    system_lpc17xx.o(.text) refers to system_lpc17xx.o(.data) for SystemFrequency
    usbhost_uart.o(.text) refers to c89vsprintf.o(.text) for __c89vsprintf
    usbhost_uart.o(.text) refers to system_lpc17xx.o(.data) for SystemFrequency
    usbhost_uart.o(.text) refers to usbhost_uart.o(.bss) for .bss
    usbhost_fat.o(.text) refers to usbhost_ms.o(.text) for MS_BulkRecv
    usbhost_fat.o(.text) refers to usbhost_lpc17xx.o(.text) for ReadLE16U
    usbhost_fat.o(.text) refers to usbhost_uart.o(.text) for UART_Printf
    usbhost_fat.o(.text) refers to usbhost_fat.o(.bss) for .bss
    usbhost_fat.o(.text) refers to usbhost_lpc17xx.o(.data) for FATBuffer
    usbhost_fat.o(.text) refers to usbhost_fat.o(.constdata) for .constdata
    usbhost_ms.o(.text) refers to usbhost_lpc17xx.o(.text) for WriteLE32U
    usbhost_ms.o(.text) refers to usbhost_uart.o(.text) for UART_Printf
    usbhost_ms.o(.text) refers to usbhost_lpc17xx.o(.data) for TDBuffer
    usbhost_ms.o(.text) refers to usbhost_ms.o(.data) for .data
    usbhost_ms.o(.text) refers to usbhost_ms.o(.constdata) for .constdata
    usbhost_lpc17xx.o(.text) refers to usbhost_uart.o(.text) for UART_Printf
    usbhost_lpc17xx.o(.text) refers to usbhost_lpc17xx.o(.data) for Hcca
    usbhost_lpc17xx.o(.text) refers to usbhost_ms.o(.text) for MS_ParseConfiguration
    usbhost_lpc17xx.o(.text) refers to usbhost_lpc17xx.o(.constdata) for .constdata
    usbhost_main.o(.text) refers to usbhost_fat.o(.text) for FILE_Open
    usbhost_main.o(.text) refers to usbhost_uart.o(.text) for UART_Printf
    usbhost_main.o(.text) refers to system_lpc17xx.o(.text) for SystemInit
    usbhost_main.o(.text) refers to usbhost_lpc17xx.o(.text) for Host_Init
    usbhost_main.o(.text) refers to usbhost_ms.o(.text) for MS_Init
    usbhost_main.o(.text) refers to usbhost_lpc17xx.o(.data) for UserBuffer
    startup_lpc17xx.o(STACK) refers (Special) to heapauxi.o(.text) for __use_two_region_memory
    startup_lpc17xx.o(HEAP) refers (Special) to heapauxi.o(.text) for __use_two_region_memory
    startup_lpc17xx.o(RESET) refers (Special) to heapauxi.o(.text) for __use_two_region_memory
    startup_lpc17xx.o(RESET) refers to startup_lpc17xx.o(STACK) for __initial_sp
    startup_lpc17xx.o(RESET) refers to startup_lpc17xx.o(.text) for Reset_Handler
    startup_lpc17xx.o(RESET) refers to usbhost_lpc17xx.o(.text) for USB_IRQHandler
    startup_lpc17xx.o(.ARM.__at_0x02FC) refers (Special) to heapauxi.o(.text) for __use_two_region_memory
    startup_lpc17xx.o(.text) refers (Special) to heapauxi.o(.text) for __use_two_region_memory
    startup_lpc17xx.o(.text) refers to __main.o(!!!main) for __main
    startup_lpc17xx.o(.text) refers to startup_lpc17xx.o(HEAP) for Heap_Mem
    startup_lpc17xx.o(.text) refers to startup_lpc17xx.o(STACK) for Stack_Mem
    c89vsprintf.o(.text) refers (Special) to _printf_a.o(.ARM.Collect$$_printf_percent$$00000006) for _printf_a
    c89vsprintf.o(.text) refers (Special) to _printf_c.o(.ARM.Collect$$_printf_percent$$00000013) for _printf_c
    c89vsprintf.o(.text) refers (Special) to _printf_charcount.o(.text) for _printf_charcount
    c89vsprintf.o(.text) refers (Special) to _printf_d.o(.ARM.Collect$$_printf_percent$$00000009) for _printf_d
    c89vsprintf.o(.text) refers (Special) to _printf_e.o(.ARM.Collect$$_printf_percent$$00000004) for _printf_e
    c89vsprintf.o(.text) refers (Special) to _printf_f.o(.ARM.Collect$$_printf_percent$$00000003) for _printf_f
    c89vsprintf.o(.text) refers (Special) to printf1.o(x$fpl$printf1) for _printf_fp_dec
    c89vsprintf.o(.text) refers (Special) to _printf_g.o(.ARM.Collect$$_printf_percent$$00000005) for _printf_g
    c89vsprintf.o(.text) refers (Special) to _printf_i.o(.ARM.Collect$$_printf_percent$$00000008) for _printf_i
    c89vsprintf.o(.text) refers (Special) to _printf_dec.o(.text) for _printf_int_dec
    c89vsprintf.o(.text) refers (Special) to _printf_l.o(.ARM.Collect$$_printf_percent$$00000012) for _printf_l
    c89vsprintf.o(.text) refers (Special) to _printf_lc.o(.ARM.Collect$$_printf_percent$$00000015) for _printf_lc
    c89vsprintf.o(.text) refers (Special) to _printf_ll.o(.ARM.Collect$$_printf_percent$$00000007) for _printf_ll
    c89vsprintf.o(.text) refers (Special) to _printf_lld.o(.ARM.Collect$$_printf_percent$$0000000E) for _printf_lld
    c89vsprintf.o(.text) refers (Special) to _printf_lli.o(.ARM.Collect$$_printf_percent$$0000000D) for _printf_lli
    c89vsprintf.o(.text) refers (Special) to _printf_llo.o(.ARM.Collect$$_printf_percent$$00000010) for _printf_llo
    c89vsprintf.o(.text) refers (Special) to _printf_llu.o(.ARM.Collect$$_printf_percent$$0000000F) for _printf_llu
    c89vsprintf.o(.text) refers (Special) to _printf_llx.o(.ARM.Collect$$_printf_percent$$00000011) for _printf_llx
[...]
    libinit.o(.ARM.Collect$$libinit$$00000000) refers (Special) to libinit2.o(.ARM.Collect$$libinit$$0000000A) for __rt_lib_init_rand_1
    libinit.o(.ARM.Collect$$libinit$$00000000) refers (Special) to libinit2.o(.ARM.Collect$$libinit$$0000002F) for __rt_lib_init_return
    libinit.o(.ARM.Collect$$libinit$$00000000) refers (Special) to libinit2.o(.ARM.Collect$$libinit$$00000019) for __rt_lib_init_signal_1
    libinit.o(.ARM.Collect$$libinit$$00000000) refers (Special) to libinit2.o(.ARM.Collect$$libinit$$00000021) for __rt_lib_init_stdio_1
    libinit.o(.ARM.Collect$$libinit$$00000000) refers (Special) to libinit2.o(.ARM.Collect$$libinit$$00000008) for __rt_lib_init_user_alloc_1
    libinit.o(.ARM.Collect$$libinit$$00000000) refers to fpinit.o(x$fpl$fpinit) for _fp_init
    istatus.o(x$fpl$ieeestatus) refers (Special) to usenofp.o(x$fpl$usenofp) for __I$use$fp
    fpclassify.o(i.__ARM_fpclassify) refers (Special) to usenofp.o(x$fpl$usenofp) for __I$use$fp
    libspace.o(.text) refers to libspace.o(.bss) for __libspace_start
    rtexit.o(.ARM.Collect$$rtexit$$00000000) refers (Special) to rtexit2.o(.ARM.Collect$$rtexit$$00000004) for __rt_exit_exit
    rtexit.o(.ARM.Collect$$rtexit$$00000000) refers (Special) to rtexit2.o(.ARM.Collect$$rtexit$$00000003) for __rt_exit_ls
    rtexit.o(.ARM.Collect$$rtexit$$00000000) refers (Special) to rtexit2.o(.ARM.Collect$$rtexit$$00000002) for __rt_exit_prels_1
    rtexit.o(.ARM.exidx) refers (Special) to rtexit2.o(.ARM.Collect$$rtexit$$00000004) for __rt_exit_exit
    rtexit.o(.ARM.exidx) refers (Special) to rtexit2.o(.ARM.Collect$$rtexit$$00000003) for __rt_exit_ls
    rtexit.o(.ARM.exidx) refers (Special) to rtexit2.o(.ARM.Collect$$rtexit$$00000002) for __rt_exit_prels_1
    rtexit.o(.ARM.exidx) refers to rtexit.o(.ARM.Collect$$rtexit$$00000000) for .ARM.Collect$$rtexit$$00000000
    lc_ctype_c.o(locale$$data) refers (Special) to libinit2.o(.ARM.Collect$$libinit$$0000000E) for __rt_lib_init_lc_ctype_2
    lc_ctype_c.o(locale$$code) refers (Special) to libinit2.o(.ARM.Collect$$libinit$$0000000E) for __rt_lib_init_lc_ctype_2
    lc_ctype_c.o(locale$$code) refers to strcmpv7m.o(.text) for strcmp
    lc_ctype_c.o(locale$$code) refers to lc_ctype_c.o(locale$$data) for __lcctype_c_name
    libinit2.o(.ARM.Collect$$libinit$$0000000B) refers (Weak) to rt_locale_intlibspace.o(.text) for __rt_locale
    libinit2.o(.ARM.Collect$$libinit$$0000000C) refers to libinit2.o(.ARM.Collect$$libinit$$0000000B) for .ARM.Collect$$libinit$$0000000B
    libinit2.o(.ARM.Collect$$libinit$$0000000E) refers to libinit2.o(.ARM.Collect$$libinit$$0000000B) for .ARM.Collect$$libinit$$0000000B
    libinit2.o(.ARM.Collect$$libinit$$0000000E) refers (Weak) to lc_ctype_c.o(locale$$code) for _get_lc_ctype
    libinit2.o(.ARM.Collect$$libinit$$00000010) refers to libinit2.o(.ARM.Collect$$libinit$$0000000B) for .ARM.Collect$$libinit$$0000000B
    libinit2.o(.ARM.Collect$$libinit$$00000012) refers to libinit2.o(.ARM.Collect$$libinit$$0000000B) for .ARM.Collect$$libinit$$0000000B
    libinit2.o(.ARM.Collect$$libinit$$00000012) refers (Weak) to lc_numeric_c.o(locale$$code) for _get_lc_numeric
    libinit2.o(.ARM.Collect$$libinit$$00000014) refers to libinit2.o(.ARM.Collect$$libinit$$0000000B) for .ARM.Collect$$libinit$$0000000B
    libinit2.o(.ARM.Collect$$libinit$$00000022) refers to argv_veneer.o(.emb_text) for __ARM_argv_veneer
    libinit2.o(.ARM.Collect$$libinit$$00000023) refers to argv_veneer.o(.emb_text) for __ARM_argv_veneer
    fpinit.o(x$fpl$fpinit) refers to rt_fp_status_addr_intlibspace.o(.text) for __rt_fp_status_addr
    rtexit2.o(.ARM.Collect$$rtexit$$00000003) refers to libshutdown.o(.ARM.Collect$$libshutdown$$00000000) for __rt_lib_shutdown
    rtexit2.o(.ARM.Collect$$rtexit$$00000004) refers to sys_exit.o(.text) for _sys_exit
    rtexit2.o(.ARM.exidx) refers to rtexit2.o(.ARM.Collect$$rtexit$$00000001) for .ARM.Collect$$rtexit$$00000001
    rtexit2.o(.ARM.exidx) refers to rtexit2.o(.ARM.Collect$$rtexit$$00000002) for .ARM.Collect$$rtexit$$00000002
    rtexit2.o(.ARM.exidx) refers to rtexit2.o(.ARM.Collect$$rtexit$$00000003) for .ARM.Collect$$rtexit$$00000003
    rtexit2.o(.ARM.exidx) refers to rtexit2.o(.ARM.Collect$$rtexit$$00000004) for .ARM.Collect$$rtexit$$00000004
    rt_fp_status_addr.o(.text) refers to rt_fp_status_addr.o(.bss) for __rt_fp_status_addr_data
    rt_fp_status_addr_intlibspace.o(.text) refers to libspace.o(.bss) for __libspace_start
    argv_veneer.o(.emb_text) refers to no_argv.o(.text) for __ARM_get_argv
    sys_exit.o(.text) refers to use_no_semi.o(.text) for __I$use$semihosting
    _get_argv_nomalloc.o(.text) refers (Special) to hrguard.o(.text) for __heap_region$guard
    _get_argv_nomalloc.o(.text) refers to defsig_rtmem_outer.o(.text) for __rt_SIGRTMEM
    _get_argv_nomalloc.o(.text) refers to sys_command.o(.text) for _sys_command_string
    libshutdown.o(.ARM.Collect$$libshutdown$$00000000) refers (Special) to libshutdown2.o(.ARM.Collect$$libshutdown$$00000006) for __rt_lib_shutdown_fp_trap_1
    libshutdown.o(.ARM.Collect$$libshutdown$$00000000) refers (Special) to libshutdown2.o(.ARM.Collect$$libshutdown$$0000000E) for __rt_lib_shutdown_heap_1
    libshutdown.o(.ARM.Collect$$libshutdown$$00000000) refers (Special) to libshutdown2.o(.ARM.Collect$$libshutdown$$0000000F) for __rt_lib_shutdown_return
    libshutdown.o(.ARM.Collect$$libshutdown$$00000000) refers (Special) to libshutdown2.o(.ARM.Collect$$libshutdown$$00000009) for __rt_lib_shutdown_signal_1
    libshutdown.o(.ARM.Collect$$libshutdown$$00000000) refers (Special) to libshutdown2.o(.ARM.Collect$$libshutdown$$00000003) for __rt_lib_shutdown_stdio_1
    libshutdown.o(.ARM.Collect$$libshutdown$$00000000) refers (Special) to libshutdown2.o(.ARM.Collect$$libshutdown$$0000000B) for __rt_lib_shutdown_user_alloc_1
    sys_command.o(.text) refers (Special) to use_no_semi.o(.text) for __I$use$semihosting
    defsig_rtmem_outer.o(.text) refers to defsig_rtmem_inner.o(.text) for __rt_SIGRTMEM_inner
    defsig_rtmem_outer.o(.text) refers to defsig_exit.o(.text) for __sig_exit
    defsig_rtmem_formal.o(.text) refers to rt_raise.o(.text) for __rt_raise
    rt_raise.o(.text) refers to __raise.o(.text) for __raise
    rt_raise.o(.text) refers to sys_exit.o(.text) for _sys_exit
    defsig_exit.o(.text) refers to sys_exit.o(.text) for _sys_exit
    defsig_rtmem_inner.o(.text) refers to defsig_general.o(.text) for __default_signal_display
    __raise.o(.text) refers to defsig.o(CL$$defsig) for __default_signal_handler
    defsig_general.o(.text) refers to sys_wrch.o(.text) for _ttywrch
    sys_wrch.o(.text) refers (Special) to use_no_semi.o(.text) for __I$use$semihosting
    defsig.o(CL$$defsig) refers to defsig_rtmem_inner.o(.text) for __rt_SIGRTMEM_inner
    defsig_abrt_inner.o(.text) refers to defsig_general.o(.text) for __default_signal_display
    defsig_fpe_inner.o(.text) refers to defsig_general.o(.text) for __default_signal_display
    defsig_rtred_inner.o(.text) refers to defsig_general.o(.text) for __default_signal_display
    defsig_stak_inner.o(.text) refers to defsig_general.o(.text) for __default_signal_display
    defsig_pvfn_inner.o(.text) refers to defsig_general.o(.text) for __default_signal_display
    defsig_cppl_inner.o(.text) refers to defsig_general.o(.text) for __default_signal_display
    defsig_segv_inner.o(.text) refers to defsig_general.o(.text) for __default_signal_display
    defsig_other.o(.text) refers to defsig_general.o(.text) for __default_signal_display


==============================================================================

Removing Unused input sections from the image.

    Removing core_cm3.o(.emb_text), (32 bytes).

1 unused section(s) (total 32 bytes) removed from the image.

==============================================================================

Image Symbol Table

    Local Symbols

    Symbol Name                              Value     Ov Type        Size  Object(Section)

    RESET                                    0x00000000   Section      204  startup_lpc17xx.o(RESET)
    ../../angel/boardlib.s                   0x00000000   Number         0  boardshut.o ABSOLUTE
    ../../angel/boardlib.s                   0x00000000   Number         0  boardinit1.o ABSOLUTE
    ../../angel/boardlib.s                   0x00000000   Number         0  boardinit3.o ABSOLUTE
    ../../angel/boardlib.s                   0x00000000   Number         0  boardinit2.o ABSOLUTE
    ../../angel/handlers.s                   0x00000000   Number         0  __scatter_copy.o ABSOLUTE
    ../../angel/kernel.s                     0x00000000   Number         0  rtentry4.o ABSOLUTE
    ../../angel/kernel.s                     0x00000000   Number         0  rtentry.o ABSOLUTE
    ../../angel/kernel.s                     0x00000000   Number         0  rtentry2.o ABSOLUTE
    ../../angel/kernel.s                     0x00000000   Number         0  rtexit.o ABSOLUTE
    ../../angel/kernel.s                     0x00000000   Number         0  rtexit2.o ABSOLUTE
    ../../angel/rt.s                         0x00000000   Number         0  rt_fp_status_addr.o ABSOLUTE
    ../../angel/rt.s                         0x00000000   Number         0  rt_raise.o ABSOLUTE
    ../../angel/rt.s                         0x00000000   Number         0  rt_ctype_table.o ABSOLUTE
    ../../angel/rt.s                         0x00000000   Number         0  rt_locale.o ABSOLUTE
    ../../angel/rt.s                         0x00000000   Number         0  rt_locale_intlibspace.o ABSOLUTE
    ../../angel/rt.s                         0x00000000   Number         0  rt_fp_status_addr_intlibspace.o ABSOLUTE
    ../../angel/scatter.s                    0x00000000   Number         0  __scatter.o ABSOLUTE
    ../../angel/startup.s                    0x00000000   Number         0  __main.o ABSOLUTE
    ../../angel/sys.s                        0x00000000   Number         0  sys_exit.o ABSOLUTE
    ../../angel/sys.s                        0x00000000   Number         0  sys_stackheap_outer.o ABSOLUTE
    ../../angel/sys.s                        0x00000000   Number         0  libspace.o ABSOLUTE
    ../../angel/sys.s                        0x00000000   Number         0  use_no_semi.o ABSOLUTE
    ../../angel/sysapp.c                     0x00000000   Number         0  sys_command.o ABSOLUTE
    ../../angel/sysapp.c                     0x00000000   Number         0  sys_wrch.o ABSOLUTE
    ../../armsys.c                           0x00000000   Number         0  _get_argv_nomalloc.o ABSOLUTE
    ../../armsys.c                           0x00000000   Number         0  argv_veneer.o ABSOLUTE
    ../../armsys.c                           0x00000000   Number         0  no_argv.o ABSOLUTE
    ../../armsys.c                           0x00000000   Number         0  argv_veneer.o ABSOLUTE
    ../../bigflt.c                           0x00000000   Number         0  bigflt0.o ABSOLUTE
    ../../btod.s                             0x00000000   Number         0  btod.o ABSOLUTE
    ../../division_7m.s                      0x00000000   Number         0  rtudiv10.o ABSOLUTE
    ../../fpclassify.c                       0x00000000   Number         0  fpclassify.o ABSOLUTE
    ../../fpinit.s                           0x00000000   Number         0  fpinit.o ABSOLUTE
    ../../heapalloc.c                        0x00000000   Number         0  hrguard.o ABSOLUTE
    ../../heapaux.c                          0x00000000   Number         0  heapauxi.o ABSOLUTE
    ../../istatus.s                          0x00000000   Number         0  istatus.o ABSOLUTE
    ../../libinit.s                          0x00000000   Number         0  libinit2.o ABSOLUTE
    ../../libinit.s                          0x00000000   Number         0  libshutdown2.o ABSOLUTE
    ../../libinit.s                          0x00000000   Number         0  libshutdown.o ABSOLUTE
    ../../libinit.s                          0x00000000   Number         0  libinit.o ABSOLUTE
    ../../locale.c                           0x00000000   Number         0  _wcrtomb.o ABSOLUTE
    ../../locale.s                           0x00000000   Number         0  lc_ctype_c.o ABSOLUTE
    ../../locale.s                           0x00000000   Number         0  lc_numeric_c.o ABSOLUTE
    ../../longlong.s                         0x00000000   Number         0  lludiv10.o ABSOLUTE
    ../../memcpset.s                         0x00000000   Number         0  strcmpv7m.o ABSOLUTE
    ../../misc.s                             0x00000000   Number         0  printf_stubs.o ABSOLUTE
    ../../printf.c                           0x00000000   Number         0  _printf_hex_ptr.o ABSOLUTE
    ../../printf.c                           0x00000000   Number         0  _printf_oct_int_ll.o ABSOLUTE
    ../../printf.c                           0x00000000   Number         0  __printf.o ABSOLUTE
    ../../printf.c                           0x00000000   Number         0  _printf_pad.o ABSOLUTE
    ../../printf.c                           0x00000000   Number         0  _printf_oct_int.o ABSOLUTE
    ../../printf.c                           0x00000000   Number         0  _printf_truncate.o ABSOLUTE
    ../../printf.c                           0x00000000   Number         0  _printf_str.o ABSOLUTE
    ../../printf.c                           0x00000000   Number         0  _printf_hex_int_ptr.o ABSOLUTE
    ../../printf.c                           0x00000000   Number         0  _printf_dec.o ABSOLUTE
    ../../printf.c                           0x00000000   Number         0  _printf_charcount.o ABSOLUTE
    ../../printf.c                           0x00000000   Number         0  _printf_hex_int_ll_ptr.o ABSOLUTE
    ../../printf.c                           0x00000000   Number         0  _printf_char_common.o ABSOLUTE
    ../../printf.c                           0x00000000   Number         0  _printf_hex_ll_ptr.o ABSOLUTE
    ../../printf.c                           0x00000000   Number         0  __printf_flags_ss_wp.o ABSOLUTE
    ../../printf.c                           0x00000000   Number         0  _printf_wctomb.o ABSOLUTE
    ../../printf.c                           0x00000000   Number         0  __printf_flags.o ABSOLUTE
    ../../printf.c                           0x00000000   Number         0  _printf_oct_ll.o ABSOLUTE
    ../../printf.c                           0x00000000   Number         0  __printf_ss_wp.o ABSOLUTE
    ../../printf.c                           0x00000000   Number         0  __printf_ss.o ABSOLUTE
    ../../printf.c                           0x00000000   Number         0  __printf_flags_ss.o ABSOLUTE
    ../../printf.c                           0x00000000   Number         0  _printf_wchar.o ABSOLUTE
    ../../printf.c                           0x00000000   Number         0  __printf_flags_wp.o ABSOLUTE
    ../../printf.c                           0x00000000   Number         0  _printf_char.o ABSOLUTE
    ../../printf.c                           0x00000000   Number         0  __printf_wp.o ABSOLUTE
    ../../printf.c                           0x00000000   Number         0  c89vsprintf.o ABSOLUTE
    ../../printf.c                           0x00000000   Number         0  _printf_hex_ll.o ABSOLUTE
    ../../printf.c                           0x00000000   Number         0  _printf_hex_int.o ABSOLUTE
    ../../printf.c                           0x00000000   Number         0  _printf_hex_int_ll.o ABSOLUTE
    ../../printf.c                           0x00000000   Number         0  _printf_intcommon.o ABSOLUTE
    ../../printf.c                           0x00000000   Number         0  _printf_fp_infnan.o ABSOLUTE
    ../../printf.c                           0x00000000   Number         0  _printf_fp_dec.o ABSOLUTE
    ../../printf.c                           0x00000000   Number         0  _printf_longlong_dec.o ABSOLUTE
    ../../printf.c                           0x00000000   Number         0  __printf_nopercent.o ABSOLUTE
    ../../printf.c                           0x00000000   Number         0  _sputc.o ABSOLUTE
    ../../printf1.s                          0x00000000   Number         0  printf1.o ABSOLUTE
    ../../printf_percent.s                   0x00000000   Number         0  _printf_c.o ABSOLUTE
    ../../printf_percent.s                   0x00000000   Number         0  _printf_d.o ABSOLUTE
    ../../printf_percent.s                   0x00000000   Number         0  _printf_llo.o ABSOLUTE
    ../../printf_percent.s                   0x00000000   Number         0  _printf_u.o ABSOLUTE
    ../../printf_percent.s                   0x00000000   Number         0  _printf_s.o ABSOLUTE
    ../../printf_percent.s                   0x00000000   Number         0  _printf_f.o ABSOLUTE
    ../../printf_percent.s                   0x00000000   Number         0  _printf_e.o ABSOLUTE
    ../../printf_percent.s                   0x00000000   Number         0  _printf_llx.o ABSOLUTE
    ../../printf_percent.s                   0x00000000   Number         0  _printf_n.o ABSOLUTE
    ../../printf_percent.s                   0x00000000   Number         0  _printf_a.o ABSOLUTE
    ../../printf_percent.s                   0x00000000   Number         0  _printf_g.o ABSOLUTE
    ../../printf_percent.s                   0x00000000   Number         0  _printf_percent.o ABSOLUTE
    ../../printf_percent.s                   0x00000000   Number         0  _printf_x.o ABSOLUTE
    ../../printf_percent.s                   0x00000000   Number         0  _printf_lli.o ABSOLUTE
    ../../printf_percent.s                   0x00000000   Number         0  _printf_p.o ABSOLUTE
    ../../printf_percent.s                   0x00000000   Number         0  _printf_lld.o ABSOLUTE
    ../../printf_percent.s                   0x00000000   Number         0  _printf_ls.o ABSOLUTE
    ../../printf_percent.s                   0x00000000   Number         0  _printf_llu.o ABSOLUTE
    ../../printf_percent.s                   0x00000000   Number         0  _printf_o.o ABSOLUTE
    ../../printf_percent.s                   0x00000000   Number         0  _printf_ll.o ABSOLUTE
    ../../printf_percent.s                   0x00000000   Number         0  _printf_percent_end.o ABSOLUTE
    ../../printf_percent.s                   0x00000000   Number         0  _printf_l.o ABSOLUTE
    ../../printf_percent.s                   0x00000000   Number         0  _printf_i.o ABSOLUTE
    ../../printf_percent.s                   0x00000000   Number         0  _printf_lc.o ABSOLUTE
    ../../signal.c                           0x00000000   Number         0  defsig_stak_inner.o ABSOLUTE
    ../../signal.c                           0x00000000   Number         0  defsig_pvfn_inner.o ABSOLUTE
    ../../signal.c                           0x00000000   Number         0  defsig_exit.o ABSOLUTE
    ../../signal.c                           0x00000000   Number         0  defsig_cppl_inner.o ABSOLUTE
    ../../signal.c                           0x00000000   Number         0  defsig_segv_inner.o ABSOLUTE
    ../../signal.c                           0x00000000   Number         0  defsig_other.o ABSOLUTE
    ../../signal.c                           0x00000000   Number         0  defsig_rtred_inner.o ABSOLUTE
    ../../signal.c                           0x00000000   Number         0  defsig_rtmem_outer.o ABSOLUTE
    ../../signal.c                           0x00000000   Number         0  defsig_rtmem_formal.o ABSOLUTE
    ../../signal.c                           0x00000000   Number         0  defsig_rtmem_inner.o ABSOLUTE
    ../../signal.c                           0x00000000   Number         0  __raise.o ABSOLUTE
    ../../signal.c                           0x00000000   Number         0  defsig_general.o ABSOLUTE
    ../../signal.c                           0x00000000   Number         0  defsig_abrt_inner.o ABSOLUTE
    ../../signal.c                           0x00000000   Number         0  defsig_fpe_inner.o ABSOLUTE
    ../../signal.s                           0x00000000   Number         0  defsig.o ABSOLUTE
    ../../stdlib.c                           0x00000000   Number         0  exit.o ABSOLUTE
    ../../usenofp.s                          0x00000000   Number         0  usenofp.o ABSOLUTE
    ..\common\src\startup_LPC17xx.s          0x00000000   Number         0  startup_lpc17xx.o ABSOLUTE
    UsbHost\Fat\usbhost_fat.c                0x00000000   Number         0  usbhost_fat.o ABSOLUTE
    UsbHost\Host\usbhost_lpc17xx.c           0x00000000   Number         0  usbhost_lpc17xx.o ABSOLUTE
    UsbHost\Main\usbhost_main.c              0x00000000   Number         0  usbhost_main.o ABSOLUTE
    UsbHost\MassStorage\usbhost_ms.c         0x00000000   Number         0  usbhost_ms.o ABSOLUTE
    UsbHost\Uart\usbhost_uart.c              0x00000000   Number         0  usbhost_uart.o ABSOLUTE
    common\\src\\core_cm3.c                  0x00000000   Number         0  core_cm3.o ABSOLUTE
    common\src\core_cm3.c                    0x00000000   Number         0  core_cm3.o ABSOLUTE
    common\src\system_LPC17xx.c              0x00000000   Number         0  system_lpc17xx.o ABSOLUTE
    dc.s                                     0x00000000   Number         0  dc.o ABSOLUTE
    !!!main                                  0x000000cc   Section        8  __main.o(!!!main)
    !!!scatter                               0x000000d4   Section       52  __scatter.o(!!!scatter)
    !!handler_copy                           0x00000108   Section       26  __scatter_copy.o(!!handler_copy)
    .ARM.Collect$$_printf_percent$$00000000  0x00000122   Section        0  _printf_percent.o(.ARM.Collect$$_printf_percent$$00000000)
    .ARM.Collect$$_printf_percent$$00000001  0x00000122   Section        6  _printf_n.o(.ARM.Collect$$_printf_percent$$00000001)
    .ARM.Collect$$_printf_percent$$00000002  0x00000128   Section        6  _printf_p.o(.ARM.Collect$$_printf_percent$$00000002)
    .ARM.Collect$$_printf_percent$$00000003  0x0000012e   Section        6  _printf_f.o(.ARM.Collect$$_printf_percent$$00000003)
    .ARM.Collect$$_printf_percent$$00000004  0x00000134   Section        6  _printf_e.o(.ARM.Collect$$_printf_percent$$00000004)
    .ARM.Collect$$_printf_percent$$00000005  0x0000013a   Section        6  _printf_g.o(.ARM.Collect$$_printf_percent$$00000005)
    .ARM.Collect$$_printf_percent$$00000006  0x00000140   Section        6  _printf_a.o(.ARM.Collect$$_printf_percent$$00000006)
    .ARM.Collect$$_printf_percent$$00000007  0x00000146   Section       10  _printf_ll.o(.ARM.Collect$$_printf_percent$$00000007)
    .ARM.Collect$$_printf_percent$$00000008  0x00000150   Section        6  _printf_i.o(.ARM.Collect$$_printf_percent$$00000008)
    .ARM.Collect$$_printf_percent$$00000009  0x00000156   Section        6  _printf_d.o(.ARM.Collect$$_printf_percent$$00000009)
    .ARM.Collect$$_printf_percent$$0000000A  0x0000015c   Section        6  _printf_u.o(.ARM.Collect$$_printf_percent$$0000000A)
    .ARM.Collect$$_printf_percent$$0000000B  0x00000162   Section        6  _printf_o.o(.ARM.Collect$$_printf_percent$$0000000B)
    .ARM.Collect$$_printf_percent$$0000000C  0x00000168   Section        6  _printf_x.o(.ARM.Collect$$_printf_percent$$0000000C)
    .ARM.Collect$$_printf_percent$$0000000D  0x0000016e   Section        6  _printf_lli.o(.ARM.Collect$$_printf_percent$$0000000D)
    .ARM.Collect$$_printf_percent$$0000000E  0x00000174   Section        6  _printf_lld.o(.ARM.Collect$$_printf_percent$$0000000E)
    .ARM.Collect$$_printf_percent$$0000000F  0x0000017a   Section        6  _printf_llu.o(.ARM.Collect$$_printf_percent$$0000000F)
    .ARM.Collect$$_printf_percent$$00000010  0x00000180   Section        6  _printf_llo.o(.ARM.Collect$$_printf_percent$$00000010)
    .ARM.Collect$$_printf_percent$$00000011  0x00000186   Section        6  _printf_llx.o(.ARM.Collect$$_printf_percent$$00000011)
    .ARM.Collect$$_printf_percent$$00000012  0x0000018c   Section       10  _printf_l.o(.ARM.Collect$$_printf_percent$$00000012)
    .ARM.Collect$$_printf_percent$$00000013  0x00000196   Section        6  _printf_c.o(.ARM.Collect$$_printf_percent$$00000013)
    .ARM.Collect$$_printf_percent$$00000014  0x0000019c   Section        6  _printf_s.o(.ARM.Collect$$_printf_percent$$00000014)
    .ARM.Collect$$_printf_percent$$00000015  0x000001a2   Section        6  _printf_lc.o(.ARM.Collect$$_printf_percent$$00000015)
    .ARM.Collect$$_printf_percent$$00000016  0x000001a8   Section        6  _printf_ls.o(.ARM.Collect$$_printf_percent$$00000016)
    .ARM.Collect$$_printf_percent$$00000017  0x000001ae   Section        4  _printf_percent_end.o(.ARM.Collect$$_printf_percent$$00000017)
    .ARM.Collect$$libinit$$00000000          0x000001b2   Section        6  libinit.o(.ARM.Collect$$libinit$$00000000)
    .ARM.Collect$$libinit$$00000006          0x000001b8   Section        0  libinit2.o(.ARM.Collect$$libinit$$00000006)
    .ARM.Collect$$libinit$$00000008          0x000001b8   Section        0  libinit2.o(.ARM.Collect$$libinit$$00000008)
    .ARM.Collect$$libinit$$0000000A          0x000001b8   Section        0  libinit2.o(.ARM.Collect$$libinit$$0000000A)
    .ARM.Collect$$libinit$$0000000B          0x000001b8   Section        6  libinit2.o(.ARM.Collect$$libinit$$0000000B)
    .ARM.Collect$$libinit$$0000000D          0x000001be   Section        0  libinit2.o(.ARM.Collect$$libinit$$0000000D)
    .ARM.Collect$$libinit$$0000000E          0x000001be   Section       12  libinit2.o(.ARM.Collect$$libinit$$0000000E)
    .ARM.Collect$$libinit$$0000000F          0x000001ca   Section        0  libinit2.o(.ARM.Collect$$libinit$$0000000F)
    .ARM.Collect$$libinit$$00000011          0x000001ca   Section        0  libinit2.o(.ARM.Collect$$libinit$$00000011)
    .ARM.Collect$$libinit$$00000012          0x000001ca   Section       10  libinit2.o(.ARM.Collect$$libinit$$00000012)
    .ARM.Collect$$libinit$$00000013          0x000001d4   Section        0  libinit2.o(.ARM.Collect$$libinit$$00000013)
    .ARM.Collect$$libinit$$00000015          0x000001d4   Section        0  libinit2.o(.ARM.Collect$$libinit$$00000015)
    .ARM.Collect$$libinit$$00000017          0x000001d4   Section        0  libinit2.o(.ARM.Collect$$libinit$$00000017)
    .ARM.Collect$$libinit$$00000019          0x000001d4   Section        0  libinit2.o(.ARM.Collect$$libinit$$00000019)
    .ARM.Collect$$libinit$$0000001B          0x000001d4   Section        0  libinit2.o(.ARM.Collect$$libinit$$0000001B)
    .ARM.Collect$$libinit$$0000001D          0x000001d4   Section        0  libinit2.o(.ARM.Collect$$libinit$$0000001D)
    .ARM.Collect$$libinit$$0000001F          0x000001d4   Section        0  libinit2.o(.ARM.Collect$$libinit$$0000001F)
    .ARM.Collect$$libinit$$00000021          0x000001d4   Section        0  libinit2.o(.ARM.Collect$$libinit$$00000021)
    .ARM.Collect$$libinit$$00000028          0x000001d4   Section        0  libinit2.o(.ARM.Collect$$libinit$$00000028)
    .ARM.Collect$$libinit$$0000002A          0x000001d4   Section        0  libinit2.o(.ARM.Collect$$libinit$$0000002A)
    .ARM.Collect$$libinit$$0000002C          0x000001d4   Section        0  libinit2.o(.ARM.Collect$$libinit$$0000002C)
    .ARM.Collect$$libinit$$0000002E          0x000001d4   Section        0  libinit2.o(.ARM.Collect$$libinit$$0000002E)
    .ARM.Collect$$libinit$$0000002F          0x000001d4   Section        2  libinit2.o(.ARM.Collect$$libinit$$0000002F)
    .ARM.Collect$$libshutdown$$00000000      0x000001d6   Section        2  libshutdown.o(.ARM.Collect$$libshutdown$$00000000)
    .ARM.Collect$$libshutdown$$00000003      0x000001d8   Section        0  libshutdown2.o(.ARM.Collect$$libshutdown$$00000003)
    .ARM.Collect$$libshutdown$$00000006      0x000001d8   Section        0  libshutdown2.o(.ARM.Collect$$libshutdown$$00000006)
    .ARM.Collect$$libshutdown$$00000009      0x000001d8   Section        0  libshutdown2.o(.ARM.Collect$$libshutdown$$00000009)
    .ARM.Collect$$libshutdown$$0000000B      0x000001d8   Section        0  libshutdown2.o(.ARM.Collect$$libshutdown$$0000000B)
    .ARM.Collect$$libshutdown$$0000000E      0x000001d8   Section        0  libshutdown2.o(.ARM.Collect$$libshutdown$$0000000E)
    .ARM.Collect$$libshutdown$$0000000F      0x000001d8   Section        2  libshutdown2.o(.ARM.Collect$$libshutdown$$0000000F)
    .ARM.Collect$$rtentry$$00000000          0x000001da   Section        0  rtentry.o(.ARM.Collect$$rtentry$$00000000)
    .ARM.Collect$$rtentry$$00000002          0x000001da   Section        0  rtentry2.o(.ARM.Collect$$rtentry$$00000002)
    .ARM.Collect$$rtentry$$00000004          0x000001da   Section        6  rtentry4.o(.ARM.Collect$$rtentry$$00000004)
    .ARM.Collect$$rtentry$$00000009          0x000001e0   Section        0  rtentry2.o(.ARM.Collect$$rtentry$$00000009)
    .ARM.Collect$$rtentry$$0000000A          0x000001e0   Section        4  rtentry2.o(.ARM.Collect$$rtentry$$0000000A)
    .ARM.Collect$$rtentry$$0000000C          0x000001e4   Section        0  rtentry2.o(.ARM.Collect$$rtentry$$0000000C)
    .ARM.Collect$$rtentry$$0000000D          0x000001e4   Section        8  rtentry2.o(.ARM.Collect$$rtentry$$0000000D)
    .ARM.Collect$$rtexit$$00000000           0x000001ec   Section        2  rtexit.o(.ARM.Collect$$rtexit$$00000000)
    .ARM.Collect$$rtexit$$00000002           0x000001ee   Section        0  rtexit2.o(.ARM.Collect$$rtexit$$00000002)
    .ARM.Collect$$rtexit$$00000003           0x000001ee   Section        4  rtexit2.o(.ARM.Collect$$rtexit$$00000003)
    .ARM.Collect$$rtexit$$00000004           0x000001f2   Section        6  rtexit2.o(.ARM.Collect$$rtexit$$00000004)
    .text                                    0x000001f8   Section        0  usbhost_uart.o(.text)
    .text                                    0x000002cc   Section        0  c89vsprintf.o(.text)
    .text                                    0x000002f4   Section        0  heapauxi.o(.text)
    .text                                    0x000002fa   Section        2  use_no_semi.o(.text)
    .ARM.__at_0x02FC                         0x000002fc   Section        4  startup_lpc17xx.o(.ARM.__at_0x02FC)
    .text                                    0x00000300   Section        0  system_lpc17xx.o(.text)
    .text                                    0x0000055c   Section        0  usbhost_fat.o(.text)
    .text                                    0x0000109c   Section        0  usbhost_ms.o(.text)
    .text                                    0x0000162c   Section        0  usbhost_lpc17xx.o(.text)
    .text                                    0x00001e20   Section        0  usbhost_main.o(.text)
    .text                                    0x00002058   Section       52  startup_lpc17xx.o(.text)
    .text                                    0x0000208c   Section        0  _printf_pad.o(.text)
    .text                                    0x000020dc   Section        0  _printf_truncate.o(.text)
    .text                                    0x00002100   Section        0  _printf_str.o(.text)
    .text                                    0x00002154   Section        0  _printf_dec.o(.text)
    .text                                    0x000021c8   Section        0  _printf_charcount.o(.text)
    .text                                    0x000021f0   Section        0  _printf_char_common.o(.text)
    _printf_input_char                       0x000021f1   Thumb Code    10  _printf_char_common.o(.text)
    .text                                    0x00002220   Section        0  _sputc.o(.text)
    .text                                    0x0000222c   Section        0  _printf_wctomb.o(.text)
    .text                                    0x000022e4   Section        0  _printf_longlong_dec.o(.text)
    .text                                    0x00002374   Section        0  _printf_oct_int_ll.o(.text)
    _printf_longlong_oct_internal            0x00002375   Thumb Code     0  _printf_oct_int_ll.o(.text)
    .text                                    0x00002400   Section        0  _printf_hex_int_ll_ptr.o(.text)
    _printf_hex_common                       0x00002401   Thumb Code     0  _printf_hex_int_ll_ptr.o(.text)
    .text                                    0x000024b4   Section        0  __printf_flags_ss_wp.o(.text)
    .text                                    0x00002654   Section      138  lludiv10.o(.text)
    .text                                    0x000026de   Section        0  _printf_intcommon.o(.text)
    .text                                    0x00002792   Section        0  _printf_fp_dec.o(.text)
    _fp_digits                               0x00002795   Thumb Code   492  _printf_fp_dec.o(.text)
    .text                                    0x00002bf2   Section        0  _printf_char.o(.text)
    .text                                    0x00002c1e   Section        0  _printf_wchar.o(.text)
    .text                                    0x00002c4a   Section        0  _wcrtomb.o(.text)
    .text                                    0x00002c8a   Section       16  rtudiv10.o(.text)
    .text                                    0x00002c9a   Section       74  sys_stackheap_outer.o(.text)
    .text                                    0x00002ce4   Section       16  rt_ctype_table.o(.text)
    .text                                    0x00002cf4   Section       12  rt_locale_intlibspace.o(.text)
    .text                                    0x00002d00   Section        0  _printf_fp_infnan.o(.text)
    .text                                    0x00002d7c   Section        0  bigflt0.o(.text)
    .text                                    0x00002e50   Section        0  exit.o(.text)
    .text                                    0x00002e5c   Section        8  libspace.o(.text)
    .text                                    0x00002e64   Section      128  strcmpv7m.o(.text)
    .text                                    0x00002ee4   Section       12  rt_fp_status_addr_intlibspace.o(.text)
    .text                                    0x00002ef0   Section       20  sys_exit.o(.text)
    CL$$btod_d2e                             0x00002f04   Section       62  btod.o(CL$$btod_d2e)
    CL$$btod_d2e_denorm_low                  0x00002f42   Section       70  btod.o(CL$$btod_d2e_denorm_low)
    CL$$btod_d2e_norm_op1                    0x00002f88   Section       96  btod.o(CL$$btod_d2e_norm_op1)
    CL$$btod_div_common                      0x00002fe8   Section      824  btod.o(CL$$btod_div_common)
    CL$$btod_e2e                             0x00003320   Section      198  btod.o(CL$$btod_e2e)
    CL$$btod_ediv                            0x000033e6   Section       40  btod.o(CL$$btod_ediv)
    CL$$btod_emul                            0x0000340e   Section       40  btod.o(CL$$btod_emul)
    CL$$btod_mult_common                     0x00003436   Section      580  btod.o(CL$$btod_mult_common)
    i.__ARM_fpclassify                       0x0000367a   Section        0  fpclassify.o(i.__ARM_fpclassify)
    locale$$code                             0x000036a4   Section       44  lc_numeric_c.o(locale$$code)
    locale$$code                             0x000036d0   Section       44  lc_ctype_c.o(locale$$code)
    x$fpl$fpinit                             0x000036fc   Section       14  fpinit.o(x$fpl$fpinit)
    x$fpl$printf1                            0x0000370a   Section        4  printf1.o(x$fpl$printf1)
    .constdata                               0x0000370e   Section        9  usbhost_fat.o(.constdata)
    x$fpl$usenofp                            0x0000370e   Section        0  usenofp.o(x$fpl$usenofp)
    __FUNCTION__                             0x0000370e   Data           9  usbhost_fat.o(.constdata)
    .constdata                               0x00003717   Section        8  usbhost_ms.o(.constdata)
    __FUNCTION__                             0x00003717   Data           8  usbhost_ms.o(.constdata)
    .constdata                               0x0000371f   Section       13  usbhost_lpc17xx.o(.constdata)
    __FUNCTION__                             0x0000371f   Data          13  usbhost_lpc17xx.o(.constdata)
    .constdata                               0x0000372c   Section        8  _printf_wctomb.o(.constdata)
    initial_mbstate                          0x0000372c   Data           8  _printf_wctomb.o(.constdata)
    .constdata                               0x00003734   Section       40  _printf_hex_int_ll_ptr.o(.constdata)
    uc_hextab                                0x00003734   Data          20  _printf_hex_int_ll_ptr.o(.constdata)
    lc_hextab                                0x00003748   Data          20  _printf_hex_int_ll_ptr.o(.constdata)
    .constdata                               0x0000375c   Section       17  __printf_flags_ss_wp.o(.constdata)
    maptable                                 0x0000375c   Data          17  __printf_flags_ss_wp.o(.constdata)
    .constdata                               0x00003770   Section      148  bigflt0.o(.constdata)
    tenpwrs_x                                0x00003770   Data          60  bigflt0.o(.constdata)
    tenpwrs_i                                0x000037ac   Data          64  bigflt0.o(.constdata)
    locale$$data                             0x00003814   Section       28  lc_numeric_c.o(locale$$data)
    __lcnum_c_name                           0x00003818   Data           2  lc_numeric_c.o(locale$$data)
    __lcnum_c_start                          0x00003820   Data           0  lc_numeric_c.o(locale$$data)
    __lcnum_c_point                          0x0000382c   Data           0  lc_numeric_c.o(locale$$data)
    __lcnum_c_thousands                      0x0000382e   Data           0  lc_numeric_c.o(locale$$data)
    __lcnum_c_grouping                       0x0000382f   Data           0  lc_numeric_c.o(locale$$data)
    locale$$data                             0x00003830   Section      272  lc_ctype_c.o(locale$$data)
    __lcnum_c_end                            0x00003830   Data           0  lc_numeric_c.o(locale$$data)
    __lcctype_c_name                         0x00003834   Data           2  lc_ctype_c.o(locale$$data)
    __lcctype_c_start                        0x0000383c   Data           0  lc_ctype_c.o(locale$$data)
    __lcctype_c_end                          0x00003940   Data           0  lc_ctype_c.o(locale$$data)
    .data                                    0x10000000   Section        4  system_lpc17xx.o(.data)
    .data                                    0x10000004   Section        8  usbhost_ms.o(.data)
    tag_cnt                                  0x10000004   Data           4  usbhost_ms.o(.data)
    .data                                    0x1000000c   Section       56  usbhost_lpc17xx.o(.data)
    .bss                                     0x10000044   Section       41  usbhost_uart.o(.bss)
    buffer                                   0x10000044   Data          41  usbhost_uart.o(.bss)
    .bss                                     0x10000070   Section       88  usbhost_fat.o(.bss)
    FAT_BootSec                              0x10000070   Data          40  usbhost_fat.o(.bss)
    FAT_FileEntry                            0x10000098   Data          48  usbhost_fat.o(.bss)
    .bss                                     0x100000c8   Section       96  libspace.o(.bss)
    HEAP                                     0x10000128   Section        0  startup_lpc17xx.o(HEAP)
    STACK                                    0x10000128   Section      512  startup_lpc17xx.o(STACK)
    Heap_Mem                                 0x10000128   Data           0  startup_lpc17xx.o(HEAP)
    Stack_Mem                                0x10000128   Data         512  startup_lpc17xx.o(STACK)
    __initial_sp                             0x10000328   Data           0  startup_lpc17xx.o(STACK)

    Global Symbols

    Symbol Name                              Value     Ov Type        Size  Object(Section)

    BuildAttributes$$THM_ISAv4$P$D$K$B$S$PE$A:L22UL41UL21$X:L11$S22US41US21$IEEE1$IW$USESV6$~STKCKD$USESV7$~SHL$OTIME$ROPI$IEEEJ$EBA8$UX$STANDARDLIB$REQ8$PRES8$EABIv2 0x00000000   Number         0  anon$$obj.o ABSOLUTE
    __ARM_use_no_argv                        0x00000000   Number         0  usbhost_main.o ABSOLUTE
    __Vectors                                0x00000000   Data           4  startup_lpc17xx.o(RESET)
    _printf_flags                            0x00000000   Number         0  printf_stubs.o ABSOLUTE
    _printf_return_value                     0x00000000   Number         0  printf_stubs.o ABSOLUTE
    _printf_sizespec                         0x00000000   Number         0  printf_stubs.o ABSOLUTE
    _printf_widthprec                        0x00000000   Number         0  printf_stubs.o ABSOLUTE
    __ARM_exceptions_init                     - Undefined Weak Reference
    __alloca_initialize                       - Undefined Weak Reference
    __cpp_initialize__aeabi_                  - Undefined Weak Reference
    __cxa_finalize                            - Undefined Weak Reference
    __sigvec_lookup                           - Undefined Weak Reference
    _atexit_init                              - Undefined Weak Reference
    _call_atexit_fns                          - Undefined Weak Reference
    _clock_init                               - Undefined Weak Reference
    _fp_trap_init                             - Undefined Weak Reference
    _fp_trap_shutdown                         - Undefined Weak Reference
    _get_lc_collate                           - Undefined Weak Reference
    _get_lc_monetary                          - Undefined Weak Reference
    _get_lc_time                              - Undefined Weak Reference
    _getenv_init                              - Undefined Weak Reference
    _handle_redirection                       - Undefined Weak Reference
    _init_alloc                               - Undefined Weak Reference
    _init_user_alloc                          - Undefined Weak Reference
    _initio                                   - Undefined Weak Reference
    _printf_fp_hex                            - Undefined Weak Reference
    _printf_mbtowc                            - Undefined Weak Reference
    _printf_wc                                - Undefined Weak Reference
    _rand_init                                - Undefined Weak Reference
    _signal_finish                            - Undefined Weak Reference
    _signal_init                              - Undefined Weak Reference
    _terminate_alloc                          - Undefined Weak Reference
    _terminate_user_alloc                     - Undefined Weak Reference
    _terminateio                              - Undefined Weak Reference
    __main                                   0x000000cd   Thumb Code     8  __main.o(!!!main)
    __scatterload                            0x000000d5   Thumb Code     0  __scatter.o(!!!scatter)
    __scatterload_rt2                        0x000000d5   Thumb Code    44  __scatter.o(!!!scatter)
    __scatterload_rt2_thumb_only             0x000000d5   Thumb Code     0  __scatter.o(!!!scatter)
    __scatterload_null                       0x000000e3   Thumb Code     0  __scatter.o(!!!scatter)
    __scatterload_copy                       0x00000109   Thumb Code    26  __scatter_copy.o(!!handler_copy)
    _printf_n                                0x00000123   Thumb Code     0  _printf_n.o(.ARM.Collect$$_printf_percent$$00000001)
    _printf_percent                          0x00000123   Thumb Code     0  _printf_percent.o(.ARM.Collect$$_printf_percent$$00000000)
    _printf_p                                0x00000129   Thumb Code     0  _printf_p.o(.ARM.Collect$$_printf_percent$$00000002)
    _printf_f                                0x0000012f   Thumb Code     0  _printf_f.o(.ARM.Collect$$_printf_percent$$00000003)
    _printf_e                                0x00000135   Thumb Code     0  _printf_e.o(.ARM.Collect$$_printf_percent$$00000004)
    _printf_g                                0x0000013b   Thumb Code     0  _printf_g.o(.ARM.Collect$$_printf_percent$$00000005)
    _printf_a                                0x00000141   Thumb Code     0  _printf_a.o(.ARM.Collect$$_printf_percent$$00000006)
    _printf_ll                               0x00000147   Thumb Code     0  _printf_ll.o(.ARM.Collect$$_printf_percent$$00000007)
    _printf_i                                0x00000151   Thumb Code     0  _printf_i.o(.ARM.Collect$$_printf_percent$$00000008)
    _printf_d                                0x00000157   Thumb Code     0  _printf_d.o(.ARM.Collect$$_printf_percent$$00000009)
    _printf_u                                0x0000015d   Thumb Code     0  _printf_u.o(.ARM.Collect$$_printf_percent$$0000000A)
    _printf_o                                0x00000163   Thumb Code     0  _printf_o.o(.ARM.Collect$$_printf_percent$$0000000B)
    _printf_x                                0x00000169   Thumb Code     0  _printf_x.o(.ARM.Collect$$_printf_percent$$0000000C)
    _printf_lli                              0x0000016f   Thumb Code     0  _printf_lli.o(.ARM.Collect$$_printf_percent$$0000000D)
    _printf_lld                              0x00000175   Thumb Code     0  _printf_lld.o(.ARM.Collect$$_printf_percent$$0000000E)
    _printf_llu                              0x0000017b   Thumb Code     0  _printf_llu.o(.ARM.Collect$$_printf_percent$$0000000F)
    _printf_llo                              0x00000181   Thumb Code     0  _printf_llo.o(.ARM.Collect$$_printf_percent$$00000010)
    _printf_llx                              0x00000187   Thumb Code     0  _printf_llx.o(.ARM.Collect$$_printf_percent$$00000011)
    _printf_l                                0x0000018d   Thumb Code     0  _printf_l.o(.ARM.Collect$$_printf_percent$$00000012)
    _printf_c                                0x00000197   Thumb Code     0  _printf_c.o(.ARM.Collect$$_printf_percent$$00000013)
    _printf_s                                0x0000019d   Thumb Code     0  _printf_s.o(.ARM.Collect$$_printf_percent$$00000014)
    _printf_lc                               0x000001a3   Thumb Code     0  _printf_lc.o(.ARM.Collect$$_printf_percent$$00000015)
    _printf_ls                               0x000001a9   Thumb Code     0  _printf_ls.o(.ARM.Collect$$_printf_percent$$00000016)
    _printf_percent_end                      0x000001af   Thumb Code     0  _printf_percent_end.o(.ARM.Collect$$_printf_percent$$00000017)
    __rt_lib_init                            0x000001b3   Thumb Code     0  libinit.o(.ARM.Collect$$libinit$$00000000)
    __rt_lib_init_heap_1                     0x000001b9   Thumb Code     0  libinit2.o(.ARM.Collect$$libinit$$00000006)
    __rt_lib_init_lc_common                  0x000001b9   Thumb Code     0  libinit2.o(.ARM.Collect$$libinit$$0000000B)
    __rt_lib_init_rand_1                     0x000001b9   Thumb Code     0  libinit2.o(.ARM.Collect$$libinit$$0000000A)
    __rt_lib_init_user_alloc_1               0x000001b9   Thumb Code     0  libinit2.o(.ARM.Collect$$libinit$$00000008)
    __rt_lib_init_lc_collate_1               0x000001bf   Thumb Code     0  libinit2.o(.ARM.Collect$$libinit$$0000000D)
    __rt_lib_init_lc_ctype_2                 0x000001bf   Thumb Code     0  libinit2.o(.ARM.Collect$$libinit$$0000000E)
    __rt_lib_init_lc_ctype_1                 0x000001cb   Thumb Code     0  libinit2.o(.ARM.Collect$$libinit$$0000000F)
    __rt_lib_init_lc_monetary_1              0x000001cb   Thumb Code     0  libinit2.o(.ARM.Collect$$libinit$$00000011)
    __rt_lib_init_lc_numeric_2               0x000001cb   Thumb Code     0  libinit2.o(.ARM.Collect$$libinit$$00000012)
    __rt_lib_init_alloca_1                   0x000001d5   Thumb Code     0  libinit2.o(.ARM.Collect$$libinit$$0000002A)
    __rt_lib_init_argv_1                     0x000001d5   Thumb Code     0  libinit2.o(.ARM.Collect$$libinit$$00000028)
    __rt_lib_init_atexit_1                   0x000001d5   Thumb Code     0  libinit2.o(.ARM.Collect$$libinit$$00000017)
    __rt_lib_init_clock_1                    0x000001d5   Thumb Code     0  libinit2.o(.ARM.Collect$$libinit$$0000001D)
    __rt_lib_init_cpp_1                      0x000001d5   Thumb Code     0  libinit2.o(.ARM.Collect$$libinit$$0000002E)
    __rt_lib_init_exceptions_1               0x000001d5   Thumb Code     0  libinit2.o(.ARM.Collect$$libinit$$0000002C)
    __rt_lib_init_fp_trap_1                  0x000001d5   Thumb Code     0  libinit2.o(.ARM.Collect$$libinit$$0000001B)
    __rt_lib_init_getenv_1                   0x000001d5   Thumb Code     0  libinit2.o(.ARM.Collect$$libinit$$0000001F)
    __rt_lib_init_lc_numeric_1               0x000001d5   Thumb Code     0  libinit2.o(.ARM.Collect$$libinit$$00000013)
    __rt_lib_init_lc_time_1                  0x000001d5   Thumb Code     0  libinit2.o(.ARM.Collect$$libinit$$00000015)
    __rt_lib_init_return                     0x000001d5   Thumb Code     0  libinit2.o(.ARM.Collect$$libinit$$0000002F)
    __rt_lib_init_signal_1                   0x000001d5   Thumb Code     0  libinit2.o(.ARM.Collect$$libinit$$00000019)
    __rt_lib_init_stdio_1                    0x000001d5   Thumb Code     0  libinit2.o(.ARM.Collect$$libinit$$00000021)
    __rt_lib_shutdown                        0x000001d7   Thumb Code     0  libshutdown.o(.ARM.Collect$$libshutdown$$00000000)
    __rt_lib_shutdown_fp_trap_1              0x000001d9   Thumb Code     0  libshutdown2.o(.ARM.Collect$$libshutdown$$00000006)
    __rt_lib_shutdown_heap_1                 0x000001d9   Thumb Code     0  libshutdown2.o(.ARM.Collect$$libshutdown$$0000000E)
    __rt_lib_shutdown_return                 0x000001d9   Thumb Code     0  libshutdown2.o(.ARM.Collect$$libshutdown$$0000000F)
    __rt_lib_shutdown_signal_1               0x000001d9   Thumb Code     0  libshutdown2.o(.ARM.Collect$$libshutdown$$00000009)
    __rt_lib_shutdown_stdio_1                0x000001d9   Thumb Code     0  libshutdown2.o(.ARM.Collect$$libshutdown$$00000003)
    __rt_lib_shutdown_user_alloc_1           0x000001d9   Thumb Code     0  libshutdown2.o(.ARM.Collect$$libshutdown$$0000000B)
    __rt_entry                               0x000001db   Thumb Code     0  rtentry.o(.ARM.Collect$$rtentry$$00000000)
    __rt_entry_presh_1                       0x000001db   Thumb Code     0  rtentry2.o(.ARM.Collect$$rtentry$$00000002)
    __rt_entry_sh                            0x000001db   Thumb Code     0  rtentry4.o(.ARM.Collect$$rtentry$$00000004)
    __rt_entry_li                            0x000001e1   Thumb Code     0  rtentry2.o(.ARM.Collect$$rtentry$$0000000A)
    __rt_entry_postsh_1                      0x000001e1   Thumb Code     0  rtentry2.o(.ARM.Collect$$rtentry$$00000009)
    __rt_entry_main                          0x000001e5   Thumb Code     0  rtentry2.o(.ARM.Collect$$rtentry$$0000000D)
    __rt_entry_postli_1                      0x000001e5   Thumb Code     0  rtentry2.o(.ARM.Collect$$rtentry$$0000000C)
    __rt_exit                                0x000001ed   Thumb Code     0  rtexit.o(.ARM.Collect$$rtexit$$00000000)
    __rt_exit_ls                             0x000001ef   Thumb Code     0  rtexit2.o(.ARM.Collect$$rtexit$$00000003)
    __rt_exit_prels_1                        0x000001ef   Thumb Code     0  rtexit2.o(.ARM.Collect$$rtexit$$00000002)
    __rt_exit_exit                           0x000001f3   Thumb Code     0  rtexit2.o(.ARM.Collect$$rtexit$$00000004)
    UART_Init                                0x000001f9   Thumb Code    98  usbhost_uart.o(.text)
    UART_PrintChar                           0x0000025b   Thumb Code    18  usbhost_uart.o(.text)
    UART_PrintStr                            0x0000026d   Thumb Code    44  usbhost_uart.o(.text)
    UART_Printf                              0x00000299   Thumb Code    30  usbhost_uart.o(.text)
    __c89vsprintf                            0x000002cd   Thumb Code    34  c89vsprintf.o(.text)
    __use_two_region_memory                  0x000002f5   Thumb Code     2  heapauxi.o(.text)
    __rt_heap_escrow$2region                 0x000002f7   Thumb Code     2  heapauxi.o(.text)
    __rt_heap_expand$2region                 0x000002f9   Thumb Code     2  heapauxi.o(.text)
    __I$use$semihosting                      0x000002fb   Thumb Code     0  use_no_semi.o(.text)
    __use_no_semihosting_swi                 0x000002fb   Thumb Code     2  use_no_semi.o(.text)
    SystemInit                               0x00000301   Thumb Code   532  system_lpc17xx.o(.text)
    FAT_GetFATType                           0x0000055d   Thumb Code    48  usbhost_fat.o(.text)
    FAT_Init                                 0x0000058d   Thumb Code   342  usbhost_fat.o(.text)
    FAT_PutSFN                               0x000006e3   Thumb Code   172  usbhost_fat.o(.text)
    FAT_ChkEntType                           0x0000078f   Thumb Code    34  usbhost_fat.o(.text)
    FAT_GetFreeEntry                         0x000007b1   Thumb Code   106  usbhost_fat.o(.text)
    FAT_StrCaseCmp                           0x0000081b   Thumb Code    72  usbhost_fat.o(.text)
    FAT_GetSfnExt                            0x00000863   Thumb Code    52  usbhost_fat.o(.text)
    FAT_GetSfnName                           0x00000897   Thumb Code    40  usbhost_fat.o(.text)
    FAT_GetSFN                               0x000008bf   Thumb Code    64  usbhost_fat.o(.text)
    FAT_FindEntry                            0x000008ff   Thumb Code   206  usbhost_fat.o(.text)
    FAT_CreateEntry                          0x000009cd   Thumb Code    48  usbhost_fat.o(.text)
    FILE_Open                                0x000009fd   Thumb Code   114  usbhost_fat.o(.text)
    FAT_ClusRead                             0x00000a6f   Thumb Code   278  usbhost_fat.o(.text)
    FAT_GetNextClus                          0x00000b85   Thumb Code    82  usbhost_fat.o(.text)
    FILE_Read                                0x00000bd7   Thumb Code   276  usbhost_fat.o(.text)
    FAT_UpdateFAT                            0x00000ceb   Thumb Code    78  usbhost_fat.o(.text)
    FAT_GetFreeClus                          0x00000d39   Thumb Code   100  usbhost_fat.o(.text)
    FAT_ClusWrite                            0x00000d9d   Thumb Code   304  usbhost_fat.o(.text)
    FAT_GetEndClus                           0x00000ecd   Thumb Code    28  usbhost_fat.o(.text)
    FILE_Write                               0x00000ee9   Thumb Code   302  usbhost_fat.o(.text)
    FAT_UpdateEntry                          0x00001017   Thumb Code    50  usbhost_fat.o(.text)
    FILE_Close                               0x00001049   Thumb Code    74  usbhost_fat.o(.text)
    Fill_MSCommand                           0x0000109d   Thumb Code   218  usbhost_ms.o(.text)
    MS_Inquire                               0x00001177   Thumb Code   138  usbhost_ms.o(.text)
    MS_ReadCapacity                          0x00001201   Thumb Code   132  usbhost_ms.o(.text)
    MS_GetSenseInfo                          0x00001285   Thumb Code   104  usbhost_ms.o(.text)
    MS_TestUnitReady                         0x000012ed   Thumb Code    80  usbhost_ms.o(.text)
    MS_GetMaxLUN                             0x0000133d   Thumb Code    30  usbhost_ms.o(.text)
    MS_Init                                  0x0000135b   Thumb Code    98  usbhost_ms.o(.text)
    MS_ParseConfiguration                    0x000013bd   Thumb Code   340  usbhost_ms.o(.text)
    MS_BulkRecv                              0x00001511   Thumb Code   148  usbhost_ms.o(.text)
    MS_BulkSend                              0x000015a5   Thumb Code   120  usbhost_ms.o(.text)
    Host_DelayUS                             0x0000162d   Thumb Code    14  usbhost_lpc17xx.o(.text)
    Host_DelayMS                             0x0000163b   Thumb Code    24  usbhost_lpc17xx.o(.text)
    Host_HCCAInit                            0x00001653   Thumb Code    26  usbhost_lpc17xx.o(.text)
    Host_TDInit                              0x0000166d   Thumb Code    12  usbhost_lpc17xx.o(.text)
    Host_EDInit                              0x00001679   Thumb Code    12  usbhost_lpc17xx.o(.text)
    Host_Init                                0x00001685   Thumb Code   346  usbhost_lpc17xx.o(.text)
    USB_IRQHandler                           0x000017df   Thumb Code   184  usbhost_lpc17xx.o(.text)
    Host_WDHWait                             0x00001897   Thumb Code    18  usbhost_lpc17xx.o(.text)
    Host_ProcessTD                           0x000018a9   Thumb Code   206  usbhost_lpc17xx.o(.text)
    WriteLE16U                               0x00001977   Thumb Code    16  usbhost_lpc17xx.o(.text)
    Host_FillSetup                           0x00001987   Thumb Code    92  usbhost_lpc17xx.o(.text)
    Host_CtrlSend                            0x000019e3   Thumb Code   112  usbhost_lpc17xx.o(.text)
    ReadLE16U                                0x00001a53   Thumb Code   258  usbhost_lpc17xx.o(.text)
    Host_CtrlRecv                            0x00001b55   Thumb Code   112  usbhost_lpc17xx.o(.text)
    Host_EnumDev                             0x00001bc5   Thumb Code   356  usbhost_lpc17xx.o(.text)
    ReadLE32U                                0x00001d29   Thumb Code    32  usbhost_lpc17xx.o(.text)
    WriteLE32U                               0x00001d49   Thumb Code    28  usbhost_lpc17xx.o(.text)
    ReadBE32U                                0x00001d65   Thumb Code    32  usbhost_lpc17xx.o(.text)
    WriteBE32U                               0x00001d85   Thumb Code    28  usbhost_lpc17xx.o(.text)
    ReadBE16U                                0x00001da1   Thumb Code    22  usbhost_lpc17xx.o(.text)
    WriteBE16U                               0x00001db7   Thumb Code    16  usbhost_lpc17xx.o(.text)
    Main_Copy                                0x00001e21   Thumb Code   118  usbhost_main.o(.text)
    main                                     0x00001e97   Thumb Code    74  usbhost_main.o(.text)
    Main_Read                                0x00001ee1   Thumb Code    72  usbhost_main.o(.text)
    Main_Write                               0x00001f29   Thumb Code   128  usbhost_main.o(.text)
    Reset_Handler                            0x00002059   Thumb Code     4  startup_lpc17xx.o(.text)
    NMI_Handler                              0x0000205d   Thumb Code     2  startup_lpc17xx.o(.text)
    HardFault_Handler                        0x0000205f   Thumb Code     2  startup_lpc17xx.o(.text)
    MemManage_Handler                        0x00002061   Thumb Code     2  startup_lpc17xx.o(.text)
    BusFault_Handler                         0x00002063   Thumb Code     2  startup_lpc17xx.o(.text)
    UsageFault_Handler                       0x00002065   Thumb Code     2  startup_lpc17xx.o(.text)
    SVC_Handler                              0x00002067   Thumb Code     2  startup_lpc17xx.o(.text)
    DebugMon_Handler                         0x00002069   Thumb Code     2  startup_lpc17xx.o(.text)
    PendSV_Handler                           0x0000206b   Thumb Code     2  startup_lpc17xx.o(.text)
    SysTick_Handler                          0x0000206d   Thumb Code     2  startup_lpc17xx.o(.text)
    ADC_IRQHandler                           0x0000206f   Thumb Code     0  startup_lpc17xx.o(.text)
    BOD_IRQHandler                           0x0000206f   Thumb Code     0  startup_lpc17xx.o(.text)
    CANActivity_IRQHandler                   0x0000206f   Thumb Code     0  startup_lpc17xx.o(.text)
    CAN_IRQHandler                           0x0000206f   Thumb Code     0  startup_lpc17xx.o(.text)
    DMA_IRQHandler                           0x0000206f   Thumb Code     0  startup_lpc17xx.o(.text)
    EINT0_IRQHandler                         0x0000206f   Thumb Code     0  startup_lpc17xx.o(.text)
    EINT1_IRQHandler                         0x0000206f   Thumb Code     0  startup_lpc17xx.o(.text)
    EINT2_IRQHandler                         0x0000206f   Thumb Code     0  startup_lpc17xx.o(.text)
    EINT3_IRQHandler                         0x0000206f   Thumb Code     0  startup_lpc17xx.o(.text)
    ENET_IRQHandler                          0x0000206f   Thumb Code     0  startup_lpc17xx.o(.text)
    I2C0_IRQHandler                          0x0000206f   Thumb Code     0  startup_lpc17xx.o(.text)
    I2C1_IRQHandler                          0x0000206f   Thumb Code     0  startup_lpc17xx.o(.text)
    I2C2_IRQHandler                          0x0000206f   Thumb Code     0  startup_lpc17xx.o(.text)
    I2S_IRQHandler                           0x0000206f   Thumb Code     0  startup_lpc17xx.o(.text)
    MCPWM_IRQHandler                         0x0000206f   Thumb Code     0  startup_lpc17xx.o(.text)
    PLL0_IRQHandler                          0x0000206f   Thumb Code     0  startup_lpc17xx.o(.text)
    PLL1_IRQHandler                          0x0000206f   Thumb Code     0  startup_lpc17xx.o(.text)
    PWM1_IRQHandler                          0x0000206f   Thumb Code     0  startup_lpc17xx.o(.text)
    QEI_IRQHandler                           0x0000206f   Thumb Code     0  startup_lpc17xx.o(.text)
    RIT_IRQHandler                           0x0000206f   Thumb Code     0  startup_lpc17xx.o(.text)
    RTC_IRQHandler                           0x0000206f   Thumb Code     0  startup_lpc17xx.o(.text)
    SPI_IRQHandler                           0x0000206f   Thumb Code     0  startup_lpc17xx.o(.text)
    SSP0_IRQHandler                          0x0000206f   Thumb Code     0  startup_lpc17xx.o(.text)
    SSP1_IRQHandler                          0x0000206f   Thumb Code     0  startup_lpc17xx.o(.text)
    TIMER0_IRQHandler                        0x0000206f   Thumb Code     0  startup_lpc17xx.o(.text)
    TIMER1_IRQHandler                        0x0000206f   Thumb Code     0  startup_lpc17xx.o(.text)
    TIMER2_IRQHandler                        0x0000206f   Thumb Code     0  startup_lpc17xx.o(.text)
    TIMER3_IRQHandler                        0x0000206f   Thumb Code     0  startup_lpc17xx.o(.text)
    UART0_IRQHandler                         0x0000206f   Thumb Code     0  startup_lpc17xx.o(.text)
    UART1_IRQHandler                         0x0000206f   Thumb Code     0  startup_lpc17xx.o(.text)
    UART2_IRQHandler                         0x0000206f   Thumb Code     0  startup_lpc17xx.o(.text)
    UART3_IRQHandler                         0x0000206f   Thumb Code     0  startup_lpc17xx.o(.text)
    USBActivity_IRQHandler                   0x0000206f   Thumb Code     0  startup_lpc17xx.o(.text)
    WDT_IRQHandler                           0x0000206f   Thumb Code     0  startup_lpc17xx.o(.text)
    __user_initial_stackheap                 0x00002071   Thumb Code     0  startup_lpc17xx.o(.text)
    _printf_pre_padding                      0x0000208d   Thumb Code    44  _printf_pad.o(.text)
    _printf_post_padding                     0x000020b9   Thumb Code    36  _printf_pad.o(.text)
    _printf_truncate_signed                  0x000020dd   Thumb Code    18  _printf_truncate.o(.text)
    _printf_truncate_unsigned                0x000020ef   Thumb Code    18  _printf_truncate.o(.text)
    _printf_str                              0x00002101   Thumb Code    82  _printf_str.o(.text)
    _printf_int_dec                          0x00002155   Thumb Code    98  _printf_dec.o(.text)
    _printf_charcount                        0x000021c9   Thumb Code    40  _printf_charcount.o(.text)
    _printf_char_common                      0x000021fb   Thumb Code    34  _printf_char_common.o(.text)
    _sputc                                   0x00002221   Thumb Code    10  _sputc.o(.text)
    _printf_wctomb                           0x0000222d   Thumb Code   180  _printf_wctomb.o(.text)
    _printf_longlong_dec                     0x000022e5   Thumb Code   128  _printf_longlong_dec.o(.text)
    _printf_longlong_oct                     0x00002375   Thumb Code    98  _printf_oct_int_ll.o(.text)
    _printf_int_oct                          0x000023d7   Thumb Code    24  _printf_oct_int_ll.o(.text)
    _printf_ll_oct                           0x000023ef   Thumb Code    10  _printf_oct_int_ll.o(.text)
    _printf_longlong_hex                     0x00002401   Thumb Code   118  _printf_hex_int_ll_ptr.o(.text)
    _printf_int_hex                          0x00002477   Thumb Code    28  _printf_hex_int_ll_ptr.o(.text)
    _printf_ll_hex                           0x00002493   Thumb Code    10  _printf_hex_int_ll_ptr.o(.text)
    _printf_hex_ptr                          0x0000249d   Thumb Code    18  _printf_hex_int_ll_ptr.o(.text)
    __printf                                 0x000024b5   Thumb Code   412  __printf_flags_ss_wp.o(.text)
    _ll_udiv10                               0x00002655   Thumb Code   138  lludiv10.o(.text)
    _printf_int_common                       0x000026df   Thumb Code   180  _printf_intcommon.o(.text)
    __lib_sel_fp_printf                      0x00002793   Thumb Code     2  _printf_fp_dec.o(.text)
    _printf_fp_dec_real                      0x00002981   Thumb Code   626  _printf_fp_dec.o(.text)
    _printf_cs_common                        0x00002bf3   Thumb Code    20  _printf_char.o(.text)
    _printf_char                             0x00002c07   Thumb Code    16  _printf_char.o(.text)
    _printf_string                           0x00002c17   Thumb Code     8  _printf_char.o(.text)
    _printf_lcs_common                       0x00002c1f   Thumb Code    20  _printf_wchar.o(.text)
    _printf_wchar                            0x00002c33   Thumb Code    16  _printf_wchar.o(.text)
    _printf_wstring                          0x00002c43   Thumb Code     8  _printf_wchar.o(.text)
    _wcrtomb                                 0x00002c4b   Thumb Code    64  _wcrtomb.o(.text)
    __rt_udiv10                              0x00002c8b   Thumb Code    16  rtudiv10.o(.text)
    __user_setup_stackheap                   0x00002c9b   Thumb Code    74  sys_stackheap_outer.o(.text)
    __rt_ctype_table                         0x00002ce5   Thumb Code    16  rt_ctype_table.o(.text)
    __rt_locale                              0x00002cf5   Thumb Code    12  rt_locale_intlibspace.o(.text)
    _printf_fp_infnan                        0x00002d01   Thumb Code   108  _printf_fp_infnan.o(.text)
    _btod_etento                             0x00002d7d   Thumb Code   206  bigflt0.o(.text)
    exit                                     0x00002e51   Thumb Code    12  exit.o(.text)
    __user_libspace                          0x00002e5d   Thumb Code     8  libspace.o(.text)
    __user_perproc_libspace                  0x00002e5d   Thumb Code     0  libspace.o(.text)
    __user_perthread_libspace                0x00002e5d   Thumb Code     0  libspace.o(.text)
    strcmp                                   0x00002e65   Thumb Code   128  strcmpv7m.o(.text)
    __rt_fp_status_addr                      0x00002ee5   Thumb Code    12  rt_fp_status_addr_intlibspace.o(.text)
    _sys_exit                                0x00002ef1   Thumb Code    16  sys_exit.o(.text)
    _btod_d2e                                0x00002f05   Thumb Code    62  btod.o(CL$$btod_d2e)
    _d2e_denorm_low                          0x00002f43   Thumb Code    70  btod.o(CL$$btod_d2e_denorm_low)
    _d2e_norm_op1                            0x00002f89   Thumb Code    96  btod.o(CL$$btod_d2e_norm_op1)
    __btod_div_common                        0x00002fe9   Thumb Code   696  btod.o(CL$$btod_div_common)
    _e2e                                     0x00003321   Thumb Code   198  btod.o(CL$$btod_e2e)
    _btod_ediv                               0x000033e7   Thumb Code    40  btod.o(CL$$btod_ediv)
    _btod_emul                               0x0000340f   Thumb Code    40  btod.o(CL$$btod_emul)
    __btod_mult_common                       0x00003437   Thumb Code   580  btod.o(CL$$btod_mult_common)
    __ARM_fpclassify                         0x0000367b   Thumb Code    40  fpclassify.o(i.__ARM_fpclassify)
    _get_lc_numeric                          0x000036a5   Thumb Code    44  lc_numeric_c.o(locale$$code)
    _get_lc_ctype                            0x000036d1   Thumb Code    44  lc_ctype_c.o(locale$$code)
    _fp_init                                 0x000036fd   Thumb Code    14  fpinit.o(x$fpl$fpinit)
    __fplib_config_pureend_doubles           0x00003709   Thumb Code     0  fpinit.o(x$fpl$fpinit)
    _printf_fp_dec                           0x0000370b   Thumb Code     4  printf1.o(x$fpl$printf1)
    __I$use$fp                               0x0000370f   Thumb Code     0  usenofp.o(x$fpl$usenofp)
    Region$$Table$$Base                      0x00003804   Number         0  anon$$obj.o(Region$$Table)
    Region$$Table$$Limit                     0x00003814   Number         0  anon$$obj.o(Region$$Table)
    __ctype                                  0x0000383d   Data           0  lc_ctype_c.o(locale$$data)
    SystemFrequency                          0x10000000   Data           4  system_lpc17xx.o(.data)
    MS_BlkSize                               0x10000008   Data           4  usbhost_ms.o(.data)
    HOST_RhscIntr                            0x1000000c   Data           4  usbhost_lpc17xx.o(.data)
    HOST_WdhIntr                             0x10000010   Data           4  usbhost_lpc17xx.o(.data)
    HOST_TDControlStatus                     0x10000014   Data           1  usbhost_lpc17xx.o(.data)
    gUSBConnected                            0x10000018   Data           4  usbhost_lpc17xx.o(.data)
    EDCtrl                                   0x1000001c   Data           4  usbhost_lpc17xx.o(.data)
    EDBulkIn                                 0x10000020   Data           4  usbhost_lpc17xx.o(.data)
    EDBulkOut                                0x10000024   Data           4  usbhost_lpc17xx.o(.data)
    TDHead                                   0x10000028   Data           4  usbhost_lpc17xx.o(.data)
    TDTail                                   0x1000002c   Data           4  usbhost_lpc17xx.o(.data)
    Hcca                                     0x10000030   Data           4  usbhost_lpc17xx.o(.data)
    TDBufNonVol                              0x10000034   Data           4  usbhost_lpc17xx.o(.data)
    TDBuffer                                 0x10000038   Data           4  usbhost_lpc17xx.o(.data)
    FATBuffer                                0x1000003c   Data           4  usbhost_lpc17xx.o(.data)
    UserBuffer                               0x10000040   Data           4  usbhost_lpc17xx.o(.data)
    __libspace_start                         0x100000c8   Data          96  libspace.o(.bss)
    __temporary_stack_top$libspace           0x10000128   Data           0  libspace.o(.bss)



==============================================================================

Memory Map of the image

  Image Entry point : 0x000000cd

  Load Region LR_IROM1 (Base: 0x00000000, Size: 0x00003984, Max: 0x00080000, ABSOLUTE)

    Execution Region ER_IROM1 (Base: 0x00000000, Size: 0x00003940, Max: 0x00080000, ABSOLUTE)

    Base Addr    Size         Type   Attr      Idx    E Section Name        Object

    0x00000000   0x000000cc   Data   RO          170    RESET               startup_lpc17xx.o
    0x000000cc   0x00000008   Code   RO          184  * !!!main             __main.o(c_w.l)
    0x000000d4   0x00000034   Code   RO          501    !!!scatter          __scatter.o(c_w.l)
    0x00000108   0x0000001a   Code   RO          503    !!handler_copy      __scatter_copy.o(c_w.l)
    0x00000122   0x00000000   Code   RO          267    .ARM.Collect$$_printf_percent$$00000000  _printf_percent.o(c_w.l)
    0x00000122   0x00000006   Code   RO          256    .ARM.Collect$$_printf_percent$$00000001  _printf_n.o(c_w.l)
    0x00000128   0x00000006   Code   RO          258    .ARM.Collect$$_printf_percent$$00000002  _printf_p.o(c_w.l)
    0x0000012e   0x00000006   Code   RO          263    .ARM.Collect$$_printf_percent$$00000003  _printf_f.o(c_w.l)
    0x00000134   0x00000006   Code   RO          264    .ARM.Collect$$_printf_percent$$00000004  _printf_e.o(c_w.l)
    0x0000013a   0x00000006   Code   RO          265    .ARM.Collect$$_printf_percent$$00000005  _printf_g.o(c_w.l)
    0x00000140   0x00000006   Code   RO          266    .ARM.Collect$$_printf_percent$$00000006  _printf_a.o(c_w.l)
    0x00000146   0x0000000a   Code   RO          271    .ARM.Collect$$_printf_percent$$00000007  _printf_ll.o(c_w.l)
    0x00000150   0x00000006   Code   RO          260    .ARM.Collect$$_printf_percent$$00000008  _printf_i.o(c_w.l)
    0x00000156   0x00000006   Code   RO          261    .ARM.Collect$$_printf_percent$$00000009  _printf_d.o(c_w.l)
    0x0000015c   0x00000006   Code   RO          262    .ARM.Collect$$_printf_percent$$0000000A  _printf_u.o(c_w.l)
    0x00000162   0x00000006   Code   RO          259    .ARM.Collect$$_printf_percent$$0000000B  _printf_o.o(c_w.l)
    0x00000168   0x00000006   Code   RO          257    .ARM.Collect$$_printf_percent$$0000000C  _printf_x.o(c_w.l)
    0x0000016e   0x00000006   Code   RO          268    .ARM.Collect$$_printf_percent$$0000000D  _printf_lli.o(c_w.l)
    0x00000174   0x00000006   Code   RO          269    .ARM.Collect$$_printf_percent$$0000000E  _printf_lld.o(c_w.l)
    0x0000017a   0x00000006   Code   RO          270    .ARM.Collect$$_printf_percent$$0000000F  _printf_llu.o(c_w.l)
    0x00000180   0x00000006   Code   RO          275    .ARM.Collect$$_printf_percent$$00000010  _printf_llo.o(c_w.l)
    0x00000186   0x00000006   Code   RO          276    .ARM.Collect$$_printf_percent$$00000011  _printf_llx.o(c_w.l)
    0x0000018c   0x0000000a   Code   RO          272    .ARM.Collect$$_printf_percent$$00000012  _printf_l.o(c_w.l)
    0x00000196   0x00000006   Code   RO          254    .ARM.Collect$$_printf_percent$$00000013  _printf_c.o(c_w.l)
    0x0000019c   0x00000006   Code   RO          255    .ARM.Collect$$_printf_percent$$00000014  _printf_s.o(c_w.l)
    0x000001a2   0x00000006   Code   RO          273    .ARM.Collect$$_printf_percent$$00000015  _printf_lc.o(c_w.l)
    0x000001a8   0x00000006   Code   RO          274    .ARM.Collect$$_printf_percent$$00000016  _printf_ls.o(c_w.l)
    0x000001ae   0x00000004   Code   RO          309    .ARM.Collect$$_printf_percent$$00000017  _printf_percent_end.o(c_w.l)
    0x000001b2   0x00000006   Code   RO          361    .ARM.Collect$$libinit$$00000000  libinit.o(c_w.l)
    0x000001b8   0x00000000   Code   RO          379    .ARM.Collect$$libinit$$00000006  libinit2.o(c_w.l)
    0x000001b8   0x00000000   Code   RO          381    .ARM.Collect$$libinit$$00000008  libinit2.o(c_w.l)
    0x000001b8   0x00000000   Code   RO          383    .ARM.Collect$$libinit$$0000000A  libinit2.o(c_w.l)
    0x000001b8   0x00000006   Code   RO          384    .ARM.Collect$$libinit$$0000000B  libinit2.o(c_w.l)
    0x000001be   0x00000000   Code   RO          386    .ARM.Collect$$libinit$$0000000D  libinit2.o(c_w.l)
    0x000001be   0x0000000c   Code   RO          387    .ARM.Collect$$libinit$$0000000E  libinit2.o(c_w.l)
    0x000001ca   0x00000000   Code   RO          388    .ARM.Collect$$libinit$$0000000F  libinit2.o(c_w.l)
    0x000001ca   0x00000000   Code   RO          390    .ARM.Collect$$libinit$$00000011  libinit2.o(c_w.l)
    0x000001ca   0x0000000a   Code   RO          391    .ARM.Collect$$libinit$$00000012  libinit2.o(c_w.l)
    0x000001d4   0x00000000   Code   RO          392    .ARM.Collect$$libinit$$00000013  libinit2.o(c_w.l)
    0x000001d4   0x00000000   Code   RO          394    .ARM.Collect$$libinit$$00000015  libinit2.o(c_w.l)
    0x000001d4   0x00000000   Code   RO          396    .ARM.Collect$$libinit$$00000017  libinit2.o(c_w.l)
    0x000001d4   0x00000000   Code   RO          398    .ARM.Collect$$libinit$$00000019  libinit2.o(c_w.l)
    0x000001d4   0x00000000   Code   RO          400    .ARM.Collect$$libinit$$0000001B  libinit2.o(c_w.l)
    0x000001d4   0x00000000   Code   RO          402    .ARM.Collect$$libinit$$0000001D  libinit2.o(c_w.l)
    0x000001d4   0x00000000   Code   RO          404    .ARM.Collect$$libinit$$0000001F  libinit2.o(c_w.l)
    0x000001d4   0x00000000   Code   RO          406    .ARM.Collect$$libinit$$00000021  libinit2.o(c_w.l)
    0x000001d4   0x00000000   Code   RO          410    .ARM.Collect$$libinit$$00000028  libinit2.o(c_w.l)
    0x000001d4   0x00000000   Code   RO          412    .ARM.Collect$$libinit$$0000002A  libinit2.o(c_w.l)
    0x000001d4   0x00000000   Code   RO          414    .ARM.Collect$$libinit$$0000002C  libinit2.o(c_w.l)
    0x000001d4   0x00000000   Code   RO          416    .ARM.Collect$$libinit$$0000002E  libinit2.o(c_w.l)
    0x000001d4   0x00000002   Code   RO          417    .ARM.Collect$$libinit$$0000002F  libinit2.o(c_w.l)
    0x000001d6   0x00000002   Code   RO          443    .ARM.Collect$$libshutdown$$00000000  libshutdown.o(c_w.l)
    0x000001d8   0x00000000   Code   RO          456    .ARM.Collect$$libshutdown$$00000003  libshutdown2.o(c_w.l)
    0x000001d8   0x00000000   Code   RO          459    .ARM.Collect$$libshutdown$$00000006  libshutdown2.o(c_w.l)
    0x000001d8   0x00000000   Code   RO          462    .ARM.Collect$$libshutdown$$00000009  libshutdown2.o(c_w.l)
    0x000001d8   0x00000000   Code   RO          464    .ARM.Collect$$libshutdown$$0000000B  libshutdown2.o(c_w.l)
    0x000001d8   0x00000000   Code   RO          467    .ARM.Collect$$libshutdown$$0000000E  libshutdown2.o(c_w.l)
    0x000001d8   0x00000002   Code   RO          468    .ARM.Collect$$libshutdown$$0000000F  libshutdown2.o(c_w.l)
    0x000001da   0x00000000   Code   RO          186    .ARM.Collect$$rtentry$$00000000  rtentry.o(c_w.l)
    0x000001da   0x00000000   Code   RO          280    .ARM.Collect$$rtentry$$00000002  rtentry2.o(c_w.l)
    0x000001da   0x00000006   Code   RO          295    .ARM.Collect$$rtentry$$00000004  rtentry4.o(c_w.l)
    0x000001e0   0x00000000   Code   RO          282    .ARM.Collect$$rtentry$$00000009  rtentry2.o(c_w.l)
    0x000001e0   0x00000004   Code   RO          283    .ARM.Collect$$rtentry$$0000000A  rtentry2.o(c_w.l)
    0x000001e4   0x00000000   Code   RO          285    .ARM.Collect$$rtentry$$0000000C  rtentry2.o(c_w.l)
    0x000001e4   0x00000008   Code   RO          286    .ARM.Collect$$rtentry$$0000000D  rtentry2.o(c_w.l)
    0x000001ec   0x00000002   Code   RO          370    .ARM.Collect$$rtexit$$00000000  rtexit.o(c_w.l)
    0x000001ee   0x00000000   Code   RO          421    .ARM.Collect$$rtexit$$00000002  rtexit2.o(c_w.l)
    0x000001ee   0x00000004   Code   RO          422    .ARM.Collect$$rtexit$$00000003  rtexit2.o(c_w.l)
    0x000001f2   0x00000006   Code   RO          423    .ARM.Collect$$rtexit$$00000004  rtexit2.o(c_w.l)
    0x000001f8   0x000000d4   Code   RO           41    .text               usbhost_uart.o
    0x000002cc   0x00000028   Code   RO          180    .text               c89vsprintf.o(c_w.l)
    0x000002f4   0x00000006   Code   RO          182    .text               heapauxi.o(c_w.l)
    0x000002fa   0x00000002   Code   RO          446    .text               use_no_semi.o(c_w.l)
    0x000002fc   0x00000004   Code   RO          171    .ARM.__at_0x02FC    startup_lpc17xx.o
    0x00000300   0x0000025c   Code   RO           17    .text               system_lpc17xx.o
    0x0000055c   0x00000b40   Code   RO           84    .text               usbhost_fat.o
    0x0000109c   0x00000590   Code   RO          112    .text               usbhost_ms.o
    0x0000162c   0x000007f4   Code   RO          131    .text               usbhost_lpc17xx.o
    0x00001e20   0x00000238   Code   RO          153    .text               usbhost_main.o
    0x00002058   0x00000034   Code   RO          172    .text               startup_lpc17xx.o
    0x0000208c   0x00000050   Code   RO          190    .text               _printf_pad.o(c_w.l)
    0x000020dc   0x00000024   Code   RO          192    .text               _printf_truncate.o(c_w.l)
    0x00002100   0x00000052   Code   RO          194    .text               _printf_str.o(c_w.l)
    0x00002152   0x00000002   PAD
    0x00002154   0x00000074   Code   RO          196    .text               _printf_dec.o(c_w.l)
    0x000021c8   0x00000028   Code   RO          198    .text               _printf_charcount.o(c_w.l)
    0x000021f0   0x00000030   Code   RO          200    .text               _printf_char_common.o(c_w.l)
    0x00002220   0x0000000a   Code   RO          202    .text               _sputc.o(c_w.l)
    0x0000222a   0x00000002   PAD
    0x0000222c   0x000000b8   Code   RO          204    .text               _printf_wctomb.o(c_w.l)
    0x000022e4   0x00000090   Code   RO          207    .text               _printf_longlong_dec.o(c_w.l)
    0x00002374   0x0000008c   Code   RO          213    .text               _printf_oct_int_ll.o(c_w.l)
    0x00002400   0x000000b4   Code   RO          233    .text               _printf_hex_int_ll_ptr.o(c_w.l)
    0x000024b4   0x000001a0   Code   RO          251    .text               __printf_flags_ss_wp.o(c_w.l)
    0x00002654   0x0000008a   Code   RO          297    .text               lludiv10.o(c_w.l)
    0x000026de   0x000000b4   Code   RO          299    .text               _printf_intcommon.o(c_w.l)
    0x00002792   0x00000460   Code   RO          301    .text               _printf_fp_dec.o(c_w.l)
    0x00002bf2   0x0000002c   Code   RO          305    .text               _printf_char.o(c_w.l)
    0x00002c1e   0x0000002c   Code   RO          307    .text               _printf_wchar.o(c_w.l)
    0x00002c4a   0x00000040   Code   RO          310    .text               _wcrtomb.o(c_w.l)
    0x00002c8a   0x00000010   Code   RO          312    .text               rtudiv10.o(c_w.l)
    0x00002c9a   0x0000004a   Code   RO          314    .text               sys_stackheap_outer.o(c_w.l)
    0x00002ce4   0x00000010   Code   RO          316    .text               rt_ctype_table.o(c_w.l)
    0x00002cf4   0x0000000c   Code   RO          321    .text               rt_locale_intlibspace.o(c_w.l)
    0x00002d00   0x0000007c   Code   RO          323    .text               _printf_fp_infnan.o(c_w.l)
    0x00002d7c   0x000000d4   Code   RO          325    .text               bigflt0.o(c_w.l)
    0x00002e50   0x0000000c   Code   RO          353    .text               exit.o(c_w.l)
    0x00002e5c   0x00000008   Code   RO          367    .text               libspace.o(c_w.l)
    0x00002e64   0x00000080   Code   RO          375    .text               strcmpv7m.o(c_w.l)
    0x00002ee4   0x0000000c   Code   RO          431    .text               rt_fp_status_addr_intlibspace.o(c_w.l)
    0x00002ef0   0x00000014   Code   RO          435    .text               sys_exit.o(c_w.l)
    0x00002f04   0x0000003e   Code   RO          328    CL$$btod_d2e        btod.o(c_w.l)
    0x00002f42   0x00000046   Code   RO          330    CL$$btod_d2e_denorm_low  btod.o(c_w.l)
    0x00002f88   0x00000060   Code   RO          329    CL$$btod_d2e_norm_op1  btod.o(c_w.l)
    0x00002fe8   0x00000338   Code   RO          338    CL$$btod_div_common  btod.o(c_w.l)
    0x00003320   0x000000c6   Code   RO          335    CL$$btod_e2e        btod.o(c_w.l)
    0x000033e6   0x00000028   Code   RO          332    CL$$btod_ediv       btod.o(c_w.l)
    0x0000340e   0x00000028   Code   RO          331    CL$$btod_emul       btod.o(c_w.l)
    0x00003436   0x00000244   Code   RO          337    CL$$btod_mult_common  btod.o(c_w.l)
    0x0000367a   0x00000028   Code   RO          365    i.__ARM_fpclassify  fpclassify.o(m_ws.l)
    0x000036a2   0x00000002   PAD
    0x000036a4   0x0000002c   Code   RO          351    locale$$code        lc_numeric_c.o(c_w.l)
    0x000036d0   0x0000002c   Code   RO          373    locale$$code        lc_ctype_c.o(c_w.l)
    0x000036fc   0x0000000e   Code   RO          418    x$fpl$fpinit        fpinit.o(fz_ws.l)
    0x0000370a   0x00000004   Code   RO          277    x$fpl$printf1       printf1.o(fz_ws.l)
    0x0000370e   0x00000000   Code   RO          364    x$fpl$usenofp       usenofp.o(fz_ws.l)
    0x0000370e   0x00000009   Data   RO           86    .constdata          usbhost_fat.o
    0x00003717   0x00000008   Data   RO          113    .constdata          usbhost_ms.o
    0x0000371f   0x0000000d   Data   RO          132    .constdata          usbhost_lpc17xx.o
    0x0000372c   0x00000008   Data   RO          205    .constdata          _printf_wctomb.o(c_w.l)
    0x00003734   0x00000028   Data   RO          234    .constdata          _printf_hex_int_ll_ptr.o(c_w.l)
    0x0000375c   0x00000011   Data   RO          252    .constdata          __printf_flags_ss_wp.o(c_w.l)
    0x0000376d   0x00000003   PAD
    0x00003770   0x00000094   Data   RO          326    .constdata          bigflt0.o(c_w.l)
    0x00003804   0x00000010   Data   RO          499    Region$$Table       anon$$obj.o
    0x00003814   0x0000001c   Data   RO          350    locale$$data        lc_numeric_c.o(c_w.l)
    0x00003830   0x00000110   Data   RO          372    locale$$data        lc_ctype_c.o(c_w.l)


    Execution Region RW_IRAM1 (Base: 0x10000000, Size: 0x00000328, Max: 0x00008000, ABSOLUTE, UNINIT)

    Base Addr    Size         Type   Attr      Idx    E Section Name        Object

    0x10000000   0x00000004   Data   RW           18    .data               system_lpc17xx.o
    0x10000004   0x00000008   Data   RW          114    .data               usbhost_ms.o
    0x1000000c   0x00000038   Data   RW          133    .data               usbhost_lpc17xx.o
    0x10000044   0x00000029   Zero   RW           42    .bss                usbhost_uart.o
    0x1000006d   0x00000003   PAD
    0x10000070   0x00000058   Zero   RW           85    .bss                usbhost_fat.o
    0x100000c8   0x00000060   Zero   RW          368    .bss                libspace.o(c_w.l)
    0x10000128   0x00000000   Zero   RW          169    HEAP                startup_lpc17xx.o
    0x10000128   0x00000200   Zero   RW          168    STACK               startup_lpc17xx.o


==============================================================================

Image component sizes


      Code (inc. data)   RO Data    RW Data    ZI Data      Debug   Object Name

         0          0          0          0          0       4180   core_cm3.o
        56         22        204          0        512        716   startup_lpc17xx.o
       604         72          0          4          0      17295   system_lpc17xx.o
      2880         68          9          0         88       9872   usbhost_fat.o
      2036        326         13         56          0      14418   usbhost_lpc17xx.o
       568        176          0          0          0       1574   usbhost_main.o
      1424        140          8          8          0       5049   usbhost_ms.o
       212         22          0          0         41       1925   usbhost_uart.o

    ----------------------------------------------------------------------
      7780        826        250         68        644      55029   Object Totals
         0          0         16          0          0          0   (incl. Generated)
         0          0          0          0          3          3   (incl. Padding)

    ----------------------------------------------------------------------

      Code (inc. data)   RO Data    RW Data    ZI Data      Debug   Library Member Name

         8          0          0          0          0         68   __main.o
       416          4         17          0          0         88   __printf_flags_ss_wp.o
        52          8          0          0          0          0   __scatter.o
        26          0          0          0          0          0   __scatter_copy.o
         6          0          0          0          0          0   _printf_a.o
         6          0          0          0          0          0   _printf_c.o
        44          0          0          0          0        108   _printf_char.o
        48          4          0          0          0         96   _printf_char_common.o
        40          0          0          0          0         68   _printf_charcount.o
         6          0          0          0          0          0   _printf_d.o
       116         18          0          0          0         92   _printf_dec.o
         6          0          0          0          0          0   _printf_e.o
         6          0          0          0          0          0   _printf_f.o
      1120          0          0          0          0        204   _printf_fp_dec.o
       124         16          0          0          0         84   _printf_fp_infnan.o
         6          0          0          0          0          0   _printf_g.o
       180          6         40          0          0        164   _printf_hex_int_ll_ptr.o
         6          0          0          0          0          0   _printf_i.o
       180          0          0          0          0         88   _printf_intcommon.o
        10          0          0          0          0          0   _printf_l.o
         6          0          0          0          0          0   _printf_lc.o
        10          0          0          0          0          0   _printf_ll.o
         6          0          0          0          0          0   _printf_lld.o
         6          0          0          0          0          0   _printf_lli.o
         6          0          0          0          0          0   _printf_llo.o
         6          0          0          0          0          0   _printf_llu.o
         6          0          0          0          0          0   _printf_llx.o
       144         16          0          0          0         96   _printf_longlong_dec.o
         6          0          0          0          0          0   _printf_ls.o
         6          0          0          0          0          0   _printf_n.o
         6          0          0          0          0          0   _printf_o.o
       140          8          0          0          0        136   _printf_oct_int_ll.o
         6          0          0          0          0          0   _printf_p.o
        80          0          0          0          0        104   _printf_pad.o
         0          0          0          0          0          0   _printf_percent.o
         4          0          0          0          0          0   _printf_percent_end.o
         6          0          0          0          0          0   _printf_s.o
        82          0          0          0          0         80   _printf_str.o
        36          0          0          0          0         84   _printf_truncate.o
         6          0          0          0          0          0   _printf_u.o
        44          0          0          0          0        108   _printf_wchar.o
       184          4          8          0          0         88   _printf_wctomb.o
         6          0          0          0          0          0   _printf_x.o
        10          0          0          0          0         68   _sputc.o
        64          0          0          0          0         88   _wcrtomb.o
       212          6        148          0          0         92   bigflt0.o
      1910        128          0          0          0        660   btod.o
        40          6          0          0          0         76   c89vsprintf.o
        12          0          0          0          0         68   exit.o
        40          0          0          0          0         68   fpclassify.o
        14          0          0          0          0         76   fpinit.o
         6          0          0          0          0        148   heapauxi.o
        44         10        272          0          0         76   lc_ctype_c.o
        44         10         28          0          0         76   lc_numeric_c.o
         6          0          0          0          0          0   libinit.o
        30          0          0          0          0          0   libinit2.o
         2          0          0          0          0          0   libshutdown.o
         2          0          0          0          0          0   libshutdown2.o
         8          4          0          0         96         68   libspace.o
       138          0          0          0          0         76   lludiv10.o
         4          0          0          0          0         68   printf1.o
        16          6          0          0          0         76   rt_ctype_table.o
        12          6          0          0          0         68   rt_fp_status_addr_intlibspace.o
        12          6          0          0          0         68   rt_locale_intlibspace.o
         0          0          0          0          0          0   rtentry.o
        12          0          0          0          0          0   rtentry2.o
         6          0          0          0          0          0   rtentry4.o
         2          0          0          0          0          0   rtexit.o
        10          0          0          0          0          0   rtexit2.o
        16          0          0          0          0         68   rtudiv10.o
       128          2          0          0          0         68   strcmpv7m.o
        20         10          0          0          0         68   sys_exit.o
        74          0          0          0          0         80   sys_stackheap_outer.o
         2          0          0          0          0         68   use_no_semi.o
         0          0          0          0          0          0   usenofp.o

    ----------------------------------------------------------------------
      6110        278        516          0         96       4028   Library Totals
         6          0          3          0          0          0   (incl. Padding)

    ----------------------------------------------------------------------

      Code (inc. data)   RO Data    RW Data    ZI Data      Debug   Library Name

      6046        278        513          0         96       3816   c_w.l
        18          0          0          0          0        144   fz_ws.l
        40          0          0          0          0         68   m_ws.l

    ----------------------------------------------------------------------
      6110        278        516          0         96       4028   Library Totals

    ----------------------------------------------------------------------

==============================================================================


      Code (inc. data)   RO Data    RW Data    ZI Data      Debug   

     13890       1104        766         68        740      56360   Grand Totals
     13890       1104        766         68        740      56360   ELF Image Totals
     13890       1104        766         68          0          0   ROM Totals

==============================================================================

    Total RO  Size (Code + RO Data)                14656 (  14.31kB)
    Total RW  Size (RW Data + ZI Data)               808 (   0.79kB)
    Total ROM Size (Code + RO Data + RW Data)      14724 (  14.38kB)

==============================================================================

