<html>
<body>
<pre>
<h1>µVision Build Log</h1>
<h2>Project:</h2>
E:\embedPrjs\keil_examples\PWM\PWM.uvproj
Project File Date:  05/10/2012

<h2>Output:</h2>
Rebuild target 'FLASH'
assembling startup_LPC17xx.s...
compiling system_LPC17xx.c...
compiling pwm.c...
compiling pwmtest.c...
linking...
Program Size: Code=1352 RO-data=236 RW-data=12 ZI-data=612  
FromELF: creating hex file...
".\FLASH\PWM.axf" - 0 Error(s), 0 Warning(s).
Load "E:\\embedPrjs\\keil_examples\\PWM\\FLASH\\PWM.AXF" 
Flash Write Done: 1600 bytes programmed.
Flash Verify Done: 1600 bytes verified.
Rebuild target 'FLASH'
assembling startup_LPC17xx.s...
compiling system_LPC17xx.c...
compiling pwm.c...
compiling pwmtest.c...
linking...
Program Size: Code=1352 RO-data=236 RW-data=12 ZI-data=612  
FromELF: creating hex file...
".\FLASH\PWM.axf" - 0 Error(s), 0 Warning(s).
Load "E:\\embedPrjs\\keil_examples\\PWM\\FLASH\\PWM.AXF" 
Flash Write Done: 1600 bytes programmed.
Flash Verify Done: 1600 bytes verified.
