ARM Linker, 4.1 [Build 713] [Standard]

==============================================================================

Section Cross References

    startup_lpc17xx.o(STACK) refers (Special) to heapauxi.o(.text) for __use_two_region_memory
    startup_lpc17xx.o(HEAP) refers (Special) to heapauxi.o(.text) for __use_two_region_memory
    startup_lpc17xx.o(RESET) refers (Special) to heapauxi.o(.text) for __use_two_region_memory
    startup_lpc17xx.o(RESET) refers to startup_lpc17xx.o(STACK) for __initial_sp
    startup_lpc17xx.o(RESET) refers to startup_lpc17xx.o(.text) for Reset_Handler
    startup_lpc17xx.o(RESET) refers to timer.o(.text) for TIMER0_IRQHandler
    startup_lpc17xx.o(RESET) refers to mcpwm.o(.text) for MCPWM_IRQHandler
    startup_lpc17xx.o(.text) refers (Special) to heapauxi.o(.text) for __use_two_region_memory
    startup_lpc17xx.o(.text) refers to system_lpc17xx.o(.text) for SystemInit
    startup_lpc17xx.o(.text) refers to __main.o(!!!main) for __main
    startup_lpc17xx.o(.text) refers to startup_lpc17xx.o(HEAP) for Heap_Mem
    startup_lpc17xx.o(.text) refers to startup_lpc17xx.o(STACK) for Stack_Mem
    system_lpc17xx.o(.text) refers to system_lpc17xx.o(.data) for SystemFrequency
    mcpwmtest.o(.text) refers to system_lpc17xx.o(.text) for SystemClockUpdate
    mcpwmtest.o(.text) refers to mcpwm.o(.text) for MCPWM_Init
    mcpwmtest.o(.text) refers to timer.o(.text) for delayMs
    timer.o(.text) refers to timer.o(.data) for timer0_counter
    __main.o(!!!main) refers to rtentry.o(.ARM.Collect$$rtentry$$00000000) for __rt_entry
    rtentry.o(.ARM.Collect$$rtentry$$00000000) refers (Special) to rtentry2.o(.ARM.Collect$$rtentry$$0000000A) for __rt_entry_li
    rtentry.o(.ARM.Collect$$rtentry$$00000000) refers (Special) to rtentry2.o(.ARM.Collect$$rtentry$$0000000D) for __rt_entry_main
    rtentry.o(.ARM.Collect$$rtentry$$00000000) refers (Special) to rtentry2.o(.ARM.Collect$$rtentry$$0000000C) for __rt_entry_postli_1
    rtentry.o(.ARM.Collect$$rtentry$$00000000) refers (Special) to rtentry2.o(.ARM.Collect$$rtentry$$00000009) for __rt_entry_postsh_1
    rtentry.o(.ARM.Collect$$rtentry$$00000000) refers (Special) to rtentry2.o(.ARM.Collect$$rtentry$$00000002) for __rt_entry_presh_1
    rtentry.o(.ARM.Collect$$rtentry$$00000000) refers (Special) to rtentry4.o(.ARM.Collect$$rtentry$$00000004) for __rt_entry_sh
    rtentry.o(.ARM.exidx) refers (Special) to rtentry2.o(.ARM.Collect$$rtentry$$0000000A) for __rt_entry_li
    rtentry.o(.ARM.exidx) refers (Special) to rtentry2.o(.ARM.Collect$$rtentry$$0000000D) for __rt_entry_main
    rtentry.o(.ARM.exidx) refers (Special) to rtentry2.o(.ARM.Collect$$rtentry$$0000000C) for __rt_entry_postli_1
    rtentry.o(.ARM.exidx) refers (Special) to rtentry2.o(.ARM.Collect$$rtentry$$00000009) for __rt_entry_postsh_1
    rtentry.o(.ARM.exidx) refers (Special) to rtentry2.o(.ARM.Collect$$rtentry$$00000002) for __rt_entry_presh_1
    rtentry.o(.ARM.exidx) refers (Special) to rtentry4.o(.ARM.Collect$$rtentry$$00000004) for __rt_entry_sh
    rtentry.o(.ARM.exidx) refers to rtentry.o(.ARM.Collect$$rtentry$$00000000) for .ARM.Collect$$rtentry$$00000000
    rtentry2.o(.ARM.Collect$$rtentry$$00000008) refers to boardinit2.o(.text) for _platform_post_stackheap_init
    rtentry2.o(.ARM.Collect$$rtentry$$0000000A) refers to libinit.o(.ARM.Collect$$libinit$$00000000) for __rt_lib_init
    rtentry2.o(.ARM.Collect$$rtentry$$0000000B) refers to boardinit3.o(.text) for _platform_post_lib_init
    rtentry2.o(.ARM.Collect$$rtentry$$0000000D) refers to mcpwmtest.o(.text) for main
    rtentry2.o(.ARM.Collect$$rtentry$$0000000D) refers to exit.o(.text) for exit
    rtentry2.o(.ARM.exidx) refers to rtentry2.o(.ARM.Collect$$rtentry$$00000001) for .ARM.Collect$$rtentry$$00000001
    rtentry2.o(.ARM.exidx) refers to rtentry2.o(.ARM.Collect$$rtentry$$00000002) for .ARM.Collect$$rtentry$$00000002
    rtentry2.o(.ARM.exidx) refers to rtentry2.o(.ARM.Collect$$rtentry$$00000008) for .ARM.Collect$$rtentry$$00000008
    rtentry2.o(.ARM.exidx) refers to rtentry2.o(.ARM.Collect$$rtentry$$00000009) for .ARM.Collect$$rtentry$$00000009
    rtentry2.o(.ARM.exidx) refers to rtentry2.o(.ARM.Collect$$rtentry$$0000000A) for .ARM.Collect$$rtentry$$0000000A
    rtentry2.o(.ARM.exidx) refers to rtentry2.o(.ARM.Collect$$rtentry$$0000000B) for .ARM.Collect$$rtentry$$0000000B
    rtentry2.o(.ARM.exidx) refers to rtentry2.o(.ARM.Collect$$rtentry$$0000000C) for .ARM.Collect$$rtentry$$0000000C
    rtentry2.o(.ARM.exidx) refers to rtentry2.o(.ARM.Collect$$rtentry$$0000000D) for .ARM.Collect$$rtentry$$0000000D
    rtentry4.o(.ARM.Collect$$rtentry$$00000004) refers to sys_stackheap_outer.o(.text) for __user_setup_stackheap
    rtentry4.o(.ARM.exidx) refers to rtentry4.o(.ARM.Collect$$rtentry$$00000004) for .ARM.Collect$$rtentry$$00000004
    sys_stackheap_outer.o(.text) refers to libspace.o(.text) for __user_perproc_libspace
    sys_stackheap_outer.o(.text) refers to startup_lpc17xx.o(.text) for __user_initial_stackheap
    exit.o(.text) refers to rtexit.o(.ARM.Collect$$rtexit$$00000000) for __rt_exit
    libinit.o(.ARM.Collect$$libinit$$00000000) refers (Special) to libinit2.o(.ARM.Collect$$libinit$$0000002A) for __rt_lib_init_alloca_1
    libinit.o(.ARM.Collect$$libinit$$00000000) refers (Special) to libinit2.o(.ARM.Collect$$libinit$$00000028) for __rt_lib_init_argv_1
    libinit.o(.ARM.Collect$$libinit$$00000000) refers (Special) to libinit2.o(.ARM.Collect$$libinit$$00000017) for __rt_lib_init_atexit_1
    libinit.o(.ARM.Collect$$libinit$$00000000) refers (Special) to libinit2.o(.ARM.Collect$$libinit$$0000001D) for __rt_lib_init_clock_1
    libinit.o(.ARM.Collect$$libinit$$00000000) refers (Special) to libinit2.o(.ARM.Collect$$libinit$$0000002E) for __rt_lib_init_cpp_1
    libinit.o(.ARM.Collect$$libinit$$00000000) refers (Special) to libinit2.o(.ARM.Collect$$libinit$$0000002C) for __rt_lib_init_exceptions_1
    libinit.o(.ARM.Collect$$libinit$$00000000) refers (Special) to libinit2.o(.ARM.Collect$$libinit$$0000001B) for __rt_lib_init_fp_trap_1
    libinit.o(.ARM.Collect$$libinit$$00000000) refers (Special) to libinit2.o(.ARM.Collect$$libinit$$0000001F) for __rt_lib_init_getenv_1
    libinit.o(.ARM.Collect$$libinit$$00000000) refers (Special) to libinit2.o(.ARM.Collect$$libinit$$00000006) for __rt_lib_init_heap_1
    libinit.o(.ARM.Collect$$libinit$$00000000) refers (Special) to libinit2.o(.ARM.Collect$$libinit$$0000000D) for __rt_lib_init_lc_collate_1
    libinit.o(.ARM.Collect$$libinit$$00000000) refers (Special) to libinit2.o(.ARM.Collect$$libinit$$0000000F) for __rt_lib_init_lc_ctype_1
    libinit.o(.ARM.Collect$$libinit$$00000000) refers (Special) to libinit2.o(.ARM.Collect$$libinit$$00000011) for __rt_lib_init_lc_monetary_1
    libinit.o(.ARM.Collect$$libinit$$00000000) refers (Special) to libinit2.o(.ARM.Collect$$libinit$$00000013) for __rt_lib_init_lc_numeric_1
    libinit.o(.ARM.Collect$$libinit$$00000000) refers (Special) to libinit2.o(.ARM.Collect$$libinit$$00000015) for __rt_lib_init_lc_time_1
    libinit.o(.ARM.Collect$$libinit$$00000000) refers (Special) to libinit2.o(.ARM.Collect$$libinit$$0000000A) for __rt_lib_init_rand_1
    libinit.o(.ARM.Collect$$libinit$$00000000) refers (Special) to libinit2.o(.ARM.Collect$$libinit$$0000002F) for __rt_lib_init_return
    libinit.o(.ARM.Collect$$libinit$$00000000) refers (Special) to libinit2.o(.ARM.Collect$$libinit$$00000019) for __rt_lib_init_signal_1
    libinit.o(.ARM.Collect$$libinit$$00000000) refers (Special) to libinit2.o(.ARM.Collect$$libinit$$00000021) for __rt_lib_init_stdio_1
    libinit.o(.ARM.Collect$$libinit$$00000000) refers (Special) to libinit2.o(.ARM.Collect$$libinit$$00000008) for __rt_lib_init_user_alloc_1
    libinit.o(.ARM.Collect$$libinit$$00000000) refers to fpinit.o(x$fpl$fpinit) for _fp_init
    libspace.o(.text) refers to libspace.o(.bss) for __libspace_start
    rtexit.o(.ARM.Collect$$rtexit$$00000000) refers (Special) to rtexit2.o(.ARM.Collect$$rtexit$$00000004) for __rt_exit_exit
    rtexit.o(.ARM.Collect$$rtexit$$00000000) refers (Special) to rtexit2.o(.ARM.Collect$$rtexit$$00000003) for __rt_exit_ls
    rtexit.o(.ARM.Collect$$rtexit$$00000000) refers (Special) to rtexit2.o(.ARM.Collect$$rtexit$$00000002) for __rt_exit_prels_1
    rtexit.o(.ARM.exidx) refers (Special) to rtexit2.o(.ARM.Collect$$rtexit$$00000004) for __rt_exit_exit
    rtexit.o(.ARM.exidx) refers (Special) to rtexit2.o(.ARM.Collect$$rtexit$$00000003) for __rt_exit_ls
    rtexit.o(.ARM.exidx) refers (Special) to rtexit2.o(.ARM.Collect$$rtexit$$00000002) for __rt_exit_prels_1
    rtexit.o(.ARM.exidx) refers to rtexit.o(.ARM.Collect$$rtexit$$00000000) for .ARM.Collect$$rtexit$$00000000
    libinit2.o(.ARM.Collect$$libinit$$0000000C) refers to libinit2.o(.ARM.Collect$$libinit$$0000000B) for .ARM.Collect$$libinit$$0000000B
    libinit2.o(.ARM.Collect$$libinit$$0000000E) refers to libinit2.o(.ARM.Collect$$libinit$$0000000B) for .ARM.Collect$$libinit$$0000000B
    libinit2.o(.ARM.Collect$$libinit$$00000010) refers to libinit2.o(.ARM.Collect$$libinit$$0000000B) for .ARM.Collect$$libinit$$0000000B
    libinit2.o(.ARM.Collect$$libinit$$00000012) refers to libinit2.o(.ARM.Collect$$libinit$$0000000B) for .ARM.Collect$$libinit$$0000000B
    libinit2.o(.ARM.Collect$$libinit$$00000014) refers to libinit2.o(.ARM.Collect$$libinit$$0000000B) for .ARM.Collect$$libinit$$0000000B
    libinit2.o(.ARM.Collect$$libinit$$00000022) refers to argv_veneer.o(.emb_text) for __ARM_argv_veneer
    libinit2.o(.ARM.Collect$$libinit$$00000023) refers to argv_veneer.o(.emb_text) for __ARM_argv_veneer
    fpinit.o(x$fpl$fpinit) refers to rt_fp_status_addr_intlibspace.o(.text) for __rt_fp_status_addr
    rtexit2.o(.ARM.Collect$$rtexit$$00000003) refers to libshutdown.o(.ARM.Collect$$libshutdown$$00000000) for __rt_lib_shutdown
    rtexit2.o(.ARM.Collect$$rtexit$$00000004) refers to sys_exit.o(.text) for _sys_exit
    rtexit2.o(.ARM.exidx) refers to rtexit2.o(.ARM.Collect$$rtexit$$00000001) for .ARM.Collect$$rtexit$$00000001
    rtexit2.o(.ARM.exidx) refers to rtexit2.o(.ARM.Collect$$rtexit$$00000002) for .ARM.Collect$$rtexit$$00000002
    rtexit2.o(.ARM.exidx) refers to rtexit2.o(.ARM.Collect$$rtexit$$00000003) for .ARM.Collect$$rtexit$$00000003
    rtexit2.o(.ARM.exidx) refers to rtexit2.o(.ARM.Collect$$rtexit$$00000004) for .ARM.Collect$$rtexit$$00000004
    rt_fp_status_addr.o(.text) refers to rt_fp_status_addr.o(.bss) for __rt_fp_status_addr_data
    rt_fp_status_addr_intlibspace.o(.text) refers to libspace.o(.bss) for __libspace_start
    argv_veneer.o(.emb_text) refers to no_argv.o(.text) for __ARM_get_argv
    sys_exit.o(.text) refers (Special) to use_no_semi.o(.text) for __I$use$semihosting
    sys_exit.o(.text) refers (Special) to indicate_semi.o(.text) for __semihosting_library_function
    _get_argv_nomalloc.o(.text) refers (Special) to hrguard.o(.text) for __heap_region$guard
    _get_argv_nomalloc.o(.text) refers to defsig_rtmem_outer.o(.text) for __rt_SIGRTMEM
    _get_argv_nomalloc.o(.text) refers to sys_command.o(.text) for _sys_command_string
    libshutdown.o(.ARM.Collect$$libshutdown$$00000000) refers (Special) to libshutdown2.o(.ARM.Collect$$libshutdown$$00000006) for __rt_lib_shutdown_fp_trap_1
    libshutdown.o(.ARM.Collect$$libshutdown$$00000000) refers (Special) to libshutdown2.o(.ARM.Collect$$libshutdown$$0000000E) for __rt_lib_shutdown_heap_1
    libshutdown.o(.ARM.Collect$$libshutdown$$00000000) refers (Special) to libshutdown2.o(.ARM.Collect$$libshutdown$$0000000F) for __rt_lib_shutdown_return
    libshutdown.o(.ARM.Collect$$libshutdown$$00000000) refers (Special) to libshutdown2.o(.ARM.Collect$$libshutdown$$00000009) for __rt_lib_shutdown_signal_1
    libshutdown.o(.ARM.Collect$$libshutdown$$00000000) refers (Special) to libshutdown2.o(.ARM.Collect$$libshutdown$$00000003) for __rt_lib_shutdown_stdio_1
    libshutdown.o(.ARM.Collect$$libshutdown$$00000000) refers (Special) to libshutdown2.o(.ARM.Collect$$libshutdown$$0000000B) for __rt_lib_shutdown_user_alloc_1
    sys_command.o(.text) refers (Special) to use_no_semi.o(.text) for __I$use$semihosting
    sys_command.o(.text) refers (Special) to indicate_semi.o(.text) for __semihosting_library_function
    defsig_rtmem_outer.o(.text) refers to defsig_rtmem_inner.o(.text) for __rt_SIGRTMEM_inner
    defsig_rtmem_outer.o(.text) refers to defsig_exit.o(.text) for __sig_exit
    defsig_rtmem_formal.o(.text) refers to rt_raise.o(.text) for __rt_raise
    rt_raise.o(.text) refers to __raise.o(.text) for __raise
    rt_raise.o(.text) refers to sys_exit.o(.text) for _sys_exit
    defsig_exit.o(.text) refers to sys_exit.o(.text) for _sys_exit
    defsig_rtmem_inner.o(.text) refers to defsig_general.o(.text) for __default_signal_display
    __raise.o(.text) refers to defsig.o(CL$$defsig) for __default_signal_handler
    defsig_general.o(.text) refers to sys_wrch.o(.text) for _ttywrch
    sys_wrch.o(.text) refers (Special) to use_no_semi.o(.text) for __I$use$semihosting
    sys_wrch.o(.text) refers (Special) to indicate_semi.o(.text) for __semihosting_library_function
    defsig.o(CL$$defsig) refers to defsig_rtmem_inner.o(.text) for __rt_SIGRTMEM_inner
    defsig_abrt_inner.o(.text) refers to defsig_general.o(.text) for __default_signal_display
    defsig_fpe_inner.o(.text) refers to defsig_general.o(.text) for __default_signal_display
    defsig_rtred_inner.o(.text) refers to defsig_general.o(.text) for __default_signal_display
    defsig_stak_inner.o(.text) refers to defsig_general.o(.text) for __default_signal_display
    defsig_pvfn_inner.o(.text) refers to defsig_general.o(.text) for __default_signal_display
    defsig_cppl_inner.o(.text) refers to defsig_general.o(.text) for __default_signal_display
    defsig_segv_inner.o(.text) refers to defsig_general.o(.text) for __default_signal_display
    defsig_other.o(.text) refers to defsig_general.o(.text) for __default_signal_display


==============================================================================

Removing Unused input sections from the image.

    Removing core_cm3.o(.emb_text), (32 bytes).

1 unused section(s) (total 32 bytes) removed from the image.

==============================================================================

Image Symbol Table

    Local Symbols

    Symbol Name                              Value     Ov Type        Size  Object(Section)

    RESET                                    0x00000000   Section      204  startup_lpc17xx.o(RESET)
    ../../angel/boardlib.s                   0x00000000   Number         0  boardinit2.o ABSOLUTE
    ../../angel/boardlib.s                   0x00000000   Number         0  boardshut.o ABSOLUTE
    ../../angel/boardlib.s                   0x00000000   Number         0  boardinit1.o ABSOLUTE
    ../../angel/boardlib.s                   0x00000000   Number         0  boardinit3.o ABSOLUTE
    ../../angel/handlers.s                   0x00000000   Number         0  __scatter_zi.o ABSOLUTE
    ../../angel/handlers.s                   0x00000000   Number         0  __scatter_copy.o ABSOLUTE
    ../../angel/kernel.s                     0x00000000   Number         0  rtentry4.o ABSOLUTE
    ../../angel/kernel.s                     0x00000000   Number         0  rtexit2.o ABSOLUTE
    ../../angel/kernel.s                     0x00000000   Number         0  rtentry2.o ABSOLUTE
    ../../angel/kernel.s                     0x00000000   Number         0  rtentry.o ABSOLUTE
    ../../angel/kernel.s                     0x00000000   Number         0  rtexit.o ABSOLUTE
    ../../angel/rt.s                         0x00000000   Number         0  rt_fp_status_addr.o ABSOLUTE
    ../../angel/rt.s                         0x00000000   Number         0  rt_fp_status_addr_intlibspace.o ABSOLUTE
    ../../angel/rt.s                         0x00000000   Number         0  rt_raise.o ABSOLUTE
    ../../angel/scatter.s                    0x00000000   Number         0  __scatter.o ABSOLUTE
    ../../angel/startup.s                    0x00000000   Number         0  __main.o ABSOLUTE
    ../../angel/sys.s                        0x00000000   Number         0  sys_stackheap_outer.o ABSOLUTE
    ../../angel/sys.s                        0x00000000   Number         0  use_no_semi.o ABSOLUTE
    ../../angel/sys.s                        0x00000000   Number         0  libspace.o ABSOLUTE
    ../../angel/sys.s                        0x00000000   Number         0  indicate_semi.o ABSOLUTE
    ../../angel/sysapp.c                     0x00000000   Number         0  sys_exit.o ABSOLUTE
    ../../angel/sysapp.c                     0x00000000   Number         0  sys_command.o ABSOLUTE
    ../../angel/sysapp.c                     0x00000000   Number         0  sys_wrch.o ABSOLUTE
    ../../armsys.c                           0x00000000   Number         0  no_argv.o ABSOLUTE
    ../../armsys.c                           0x00000000   Number         0  _get_argv_nomalloc.o ABSOLUTE
    ../../armsys.c                           0x00000000   Number         0  argv_veneer.o ABSOLUTE
    ../../armsys.c                           0x00000000   Number         0  argv_veneer.o ABSOLUTE
    ../../fpinit.s                           0x00000000   Number         0  fpinit.o ABSOLUTE
    ../../heapalloc.c                        0x00000000   Number         0  hrguard.o ABSOLUTE
    ../../heapaux.c                          0x00000000   Number         0  heapauxi.o ABSOLUTE
    ../../libinit.s                          0x00000000   Number         0  libshutdown.o ABSOLUTE
    ../../libinit.s                          0x00000000   Number         0  libinit.o ABSOLUTE
    ../../libinit.s                          0x00000000   Number         0  libshutdown2.o ABSOLUTE
    ../../libinit.s                          0x00000000   Number         0  libinit2.o ABSOLUTE
    ../../signal.c                           0x00000000   Number         0  defsig_abrt_inner.o ABSOLUTE
    ../../signal.c                           0x00000000   Number         0  defsig_general.o ABSOLUTE
    ../../signal.c                           0x00000000   Number         0  __raise.o ABSOLUTE
    ../../signal.c                           0x00000000   Number         0  defsig_rtmem_inner.o ABSOLUTE
    ../../signal.c                           0x00000000   Number         0  defsig_exit.o ABSOLUTE
    ../../signal.c                           0x00000000   Number         0  defsig_pvfn_inner.o ABSOLUTE
    ../../signal.c                           0x00000000   Number         0  defsig_rtred_inner.o ABSOLUTE
    ../../signal.c                           0x00000000   Number         0  defsig_rtmem_formal.o ABSOLUTE
    ../../signal.c                           0x00000000   Number         0  defsig_cppl_inner.o ABSOLUTE
    ../../signal.c                           0x00000000   Number         0  defsig_segv_inner.o ABSOLUTE
    ../../signal.c                           0x00000000   Number         0  defsig_other.o ABSOLUTE
    ../../signal.c                           0x00000000   Number         0  defsig_fpe_inner.o ABSOLUTE
    ../../signal.c                           0x00000000   Number         0  defsig_rtmem_outer.o ABSOLUTE
    ../../signal.c                           0x00000000   Number         0  defsig_stak_inner.o ABSOLUTE
    ../../signal.s                           0x00000000   Number         0  defsig.o ABSOLUTE
    ../../stdlib.c                           0x00000000   Number         0  exit.o ABSOLUTE
    ..\\common\\src\\core_cm3.c              0x00000000   Number         0  core_cm3.o ABSOLUTE
    ..\common\src\core_cm3.c                 0x00000000   Number         0  core_cm3.o ABSOLUTE
    ..\common\src\startup_LPC17xx.s          0x00000000   Number         0  startup_lpc17xx.o ABSOLUTE
    ..\common\src\system_LPC17xx.c           0x00000000   Number         0  system_lpc17xx.o ABSOLUTE
    MCPWMtest.c                              0x00000000   Number         0  mcpwmtest.o ABSOLUTE
    dc.s                                     0x00000000   Number         0  dc.o ABSOLUTE
    mcpwm.c                                  0x00000000   Number         0  mcpwm.o ABSOLUTE
    timer.c                                  0x00000000   Number         0  timer.o ABSOLUTE
    !!!main                                  0x000000cc   Section        8  __main.o(!!!main)
    !!!scatter                               0x000000d4   Section       52  __scatter.o(!!!scatter)
    !!handler_copy                           0x00000108   Section       26  __scatter_copy.o(!!handler_copy)
    !!handler_zi                             0x00000124   Section       28  __scatter_zi.o(!!handler_zi)
    .ARM.Collect$$libinit$$00000000          0x00000140   Section        6  libinit.o(.ARM.Collect$$libinit$$00000000)
    .ARM.Collect$$libinit$$00000006          0x00000146   Section        0  libinit2.o(.ARM.Collect$$libinit$$00000006)
    .ARM.Collect$$libinit$$00000008          0x00000146   Section        0  libinit2.o(.ARM.Collect$$libinit$$00000008)
    .ARM.Collect$$libinit$$0000000A          0x00000146   Section        0  libinit2.o(.ARM.Collect$$libinit$$0000000A)
    .ARM.Collect$$libinit$$0000000D          0x00000146   Section        0  libinit2.o(.ARM.Collect$$libinit$$0000000D)
    .ARM.Collect$$libinit$$0000000F          0x00000146   Section        0  libinit2.o(.ARM.Collect$$libinit$$0000000F)
    .ARM.Collect$$libinit$$00000011          0x00000146   Section        0  libinit2.o(.ARM.Collect$$libinit$$00000011)
    .ARM.Collect$$libinit$$00000013          0x00000146   Section        0  libinit2.o(.ARM.Collect$$libinit$$00000013)
    .ARM.Collect$$libinit$$00000015          0x00000146   Section        0  libinit2.o(.ARM.Collect$$libinit$$00000015)
    .ARM.Collect$$libinit$$00000017          0x00000146   Section        0  libinit2.o(.ARM.Collect$$libinit$$00000017)
    .ARM.Collect$$libinit$$00000019          0x00000146   Section        0  libinit2.o(.ARM.Collect$$libinit$$00000019)
    .ARM.Collect$$libinit$$0000001B          0x00000146   Section        0  libinit2.o(.ARM.Collect$$libinit$$0000001B)
    .ARM.Collect$$libinit$$0000001D          0x00000146   Section        0  libinit2.o(.ARM.Collect$$libinit$$0000001D)
    .ARM.Collect$$libinit$$0000001F          0x00000146   Section        0  libinit2.o(.ARM.Collect$$libinit$$0000001F)
    .ARM.Collect$$libinit$$00000021          0x00000146   Section        0  libinit2.o(.ARM.Collect$$libinit$$00000021)
    .ARM.Collect$$libinit$$00000028          0x00000146   Section        0  libinit2.o(.ARM.Collect$$libinit$$00000028)
    .ARM.Collect$$libinit$$0000002A          0x00000146   Section        0  libinit2.o(.ARM.Collect$$libinit$$0000002A)
    .ARM.Collect$$libinit$$0000002C          0x00000146   Section        0  libinit2.o(.ARM.Collect$$libinit$$0000002C)
    .ARM.Collect$$libinit$$0000002E          0x00000146   Section        0  libinit2.o(.ARM.Collect$$libinit$$0000002E)
    .ARM.Collect$$libinit$$0000002F          0x00000146   Section        2  libinit2.o(.ARM.Collect$$libinit$$0000002F)
    .ARM.Collect$$libshutdown$$00000000      0x00000148   Section        2  libshutdown.o(.ARM.Collect$$libshutdown$$00000000)
    .ARM.Collect$$libshutdown$$00000003      0x0000014a   Section        0  libshutdown2.o(.ARM.Collect$$libshutdown$$00000003)
    .ARM.Collect$$libshutdown$$00000006      0x0000014a   Section        0  libshutdown2.o(.ARM.Collect$$libshutdown$$00000006)
    .ARM.Collect$$libshutdown$$00000009      0x0000014a   Section        0  libshutdown2.o(.ARM.Collect$$libshutdown$$00000009)
    .ARM.Collect$$libshutdown$$0000000B      0x0000014a   Section        0  libshutdown2.o(.ARM.Collect$$libshutdown$$0000000B)
    .ARM.Collect$$libshutdown$$0000000E      0x0000014a   Section        0  libshutdown2.o(.ARM.Collect$$libshutdown$$0000000E)
    .ARM.Collect$$libshutdown$$0000000F      0x0000014a   Section        2  libshutdown2.o(.ARM.Collect$$libshutdown$$0000000F)
    .ARM.Collect$$rtentry$$00000000          0x0000014c   Section        0  rtentry.o(.ARM.Collect$$rtentry$$00000000)
    .ARM.Collect$$rtentry$$00000002          0x0000014c   Section        0  rtentry2.o(.ARM.Collect$$rtentry$$00000002)
    .ARM.Collect$$rtentry$$00000004          0x0000014c   Section        6  rtentry4.o(.ARM.Collect$$rtentry$$00000004)
    .ARM.Collect$$rtentry$$00000009          0x00000152   Section        0  rtentry2.o(.ARM.Collect$$rtentry$$00000009)
    .ARM.Collect$$rtentry$$0000000A          0x00000152   Section        4  rtentry2.o(.ARM.Collect$$rtentry$$0000000A)
    .ARM.Collect$$rtentry$$0000000C          0x00000156   Section        0  rtentry2.o(.ARM.Collect$$rtentry$$0000000C)
    .ARM.Collect$$rtentry$$0000000D          0x00000156   Section        8  rtentry2.o(.ARM.Collect$$rtentry$$0000000D)
    .ARM.Collect$$rtexit$$00000000           0x0000015e   Section        2  rtexit.o(.ARM.Collect$$rtexit$$00000000)
    .ARM.Collect$$rtexit$$00000002           0x00000160   Section        0  rtexit2.o(.ARM.Collect$$rtexit$$00000002)
    .ARM.Collect$$rtexit$$00000003           0x00000160   Section        4  rtexit2.o(.ARM.Collect$$rtexit$$00000003)
    .ARM.Collect$$rtexit$$00000004           0x00000164   Section        6  rtexit2.o(.ARM.Collect$$rtexit$$00000004)
    .text                                    0x0000016c   Section       60  startup_lpc17xx.o(.text)
    .text                                    0x000001a8   Section        0  system_lpc17xx.o(.text)
    .text                                    0x0000042c   Section        0  mcpwm.o(.text)
    NVIC_EnableIRQ                           0x000007dd   Thumb Code    30  mcpwm.o(.text)
    .text                                    0x00000834   Section        0  mcpwmtest.o(.text)
    .text                                    0x000008f0   Section        0  timer.o(.text)
    NVIC_EnableIRQ                           0x00000a39   Thumb Code    30  timer.o(.text)
    .text                                    0x00000a64   Section        0  heapauxi.o(.text)
    .text                                    0x00000a6a   Section       74  sys_stackheap_outer.o(.text)
    .text                                    0x00000ab4   Section        0  exit.o(.text)
    .text                                    0x00000ac0   Section        8  libspace.o(.text)
    .text                                    0x00000ac8   Section        8  rt_fp_status_addr_intlibspace.o(.text)
    .text                                    0x00000ad0   Section        0  sys_exit.o(.text)
    .text                                    0x00000adc   Section        2  use_no_semi.o(.text)
    .text                                    0x00000ade   Section        0  indicate_semi.o(.text)
    x$fpl$fpinit                             0x00000ade   Section       14  fpinit.o(x$fpl$fpinit)
    .data                                    0x10000000   Section        4  system_lpc17xx.o(.data)
    .data                                    0x10000004   Section        8  timer.o(.data)
    .bss                                     0x1000000c   Section       96  libspace.o(.bss)
    HEAP                                     0x10000070   Section        0  startup_lpc17xx.o(HEAP)
    STACK                                    0x10000070   Section      512  startup_lpc17xx.o(STACK)
    Heap_Mem                                 0x10000070   Data           0  startup_lpc17xx.o(HEAP)
    Stack_Mem                                0x10000070   Data         512  startup_lpc17xx.o(STACK)
    __initial_sp                             0x10000270   Data           0  startup_lpc17xx.o(STACK)

    Global Symbols

    Symbol Name                              Value     Ov Type        Size  Object(Section)

    BuildAttributes$$THM_ISAv4$P$D$K$B$S$PE$A:L22UL41UL21$X:L11$S22US41US21$IEEE1$IW$USESV6$~STKCKD$USESV7$~SHL$OSPACE$ROPI$EBA8$UX$STANDARDLIB$REQ8$PRES8$EABIv2 0x00000000   Number         0  anon$$obj.o ABSOLUTE
    __ARM_use_no_argv                        0x00000000   Number         0  mcpwmtest.o ABSOLUTE
    __Vectors                                0x00000000   Data           4  startup_lpc17xx.o(RESET)
    __ARM_exceptions_init                     - Undefined Weak Reference
    __alloca_initialize                       - Undefined Weak Reference
    __cpp_initialize__aeabi_                  - Undefined Weak Reference
    __cxa_finalize                            - Undefined Weak Reference
    __rt_locale                               - Undefined Weak Reference
    __sigvec_lookup                           - Undefined Weak Reference
    _atexit_init                              - Undefined Weak Reference
    _call_atexit_fns                          - Undefined Weak Reference
    _clock_init                               - Undefined Weak Reference
    _fp_trap_init                             - Undefined Weak Reference
    _fp_trap_shutdown                         - Undefined Weak Reference
    _get_lc_collate                           - Undefined Weak Reference
    _get_lc_ctype                             - Undefined Weak Reference
    _get_lc_monetary                          - Undefined Weak Reference
    _get_lc_numeric                           - Undefined Weak Reference
    _get_lc_time                              - Undefined Weak Reference
    _getenv_init                              - Undefined Weak Reference
    _handle_redirection                       - Undefined Weak Reference
    _init_alloc                               - Undefined Weak Reference
    _init_user_alloc                          - Undefined Weak Reference
    _initio                                   - Undefined Weak Reference
    _rand_init                                - Undefined Weak Reference
    _signal_finish                            - Undefined Weak Reference
    _signal_init                              - Undefined Weak Reference
    _terminate_alloc                          - Undefined Weak Reference
    _terminate_user_alloc                     - Undefined Weak Reference
    _terminateio                              - Undefined Weak Reference
    __main                                   0x000000cd   Thumb Code     8  __main.o(!!!main)
    __scatterload                            0x000000d5   Thumb Code     0  __scatter.o(!!!scatter)
    __scatterload_rt2                        0x000000d5   Thumb Code    44  __scatter.o(!!!scatter)
    __scatterload_rt2_thumb_only             0x000000d5   Thumb Code     0  __scatter.o(!!!scatter)
    __scatterload_null                       0x000000e3   Thumb Code     0  __scatter.o(!!!scatter)
    __scatterload_copy                       0x00000109   Thumb Code    26  __scatter_copy.o(!!handler_copy)
    __scatterload_zeroinit                   0x00000125   Thumb Code    28  __scatter_zi.o(!!handler_zi)
    __rt_lib_init                            0x00000141   Thumb Code     0  libinit.o(.ARM.Collect$$libinit$$00000000)
    __rt_lib_init_alloca_1                   0x00000147   Thumb Code     0  libinit2.o(.ARM.Collect$$libinit$$0000002A)
    __rt_lib_init_argv_1                     0x00000147   Thumb Code     0  libinit2.o(.ARM.Collect$$libinit$$00000028)
    __rt_lib_init_atexit_1                   0x00000147   Thumb Code     0  libinit2.o(.ARM.Collect$$libinit$$00000017)
    __rt_lib_init_clock_1                    0x00000147   Thumb Code     0  libinit2.o(.ARM.Collect$$libinit$$0000001D)
    __rt_lib_init_cpp_1                      0x00000147   Thumb Code     0  libinit2.o(.ARM.Collect$$libinit$$0000002E)
    __rt_lib_init_exceptions_1               0x00000147   Thumb Code     0  libinit2.o(.ARM.Collect$$libinit$$0000002C)
    __rt_lib_init_fp_trap_1                  0x00000147   Thumb Code     0  libinit2.o(.ARM.Collect$$libinit$$0000001B)
    __rt_lib_init_getenv_1                   0x00000147   Thumb Code     0  libinit2.o(.ARM.Collect$$libinit$$0000001F)
    __rt_lib_init_heap_1                     0x00000147   Thumb Code     0  libinit2.o(.ARM.Collect$$libinit$$00000006)
    __rt_lib_init_lc_collate_1               0x00000147   Thumb Code     0  libinit2.o(.ARM.Collect$$libinit$$0000000D)
    __rt_lib_init_lc_ctype_1                 0x00000147   Thumb Code     0  libinit2.o(.ARM.Collect$$libinit$$0000000F)
    __rt_lib_init_lc_monetary_1              0x00000147   Thumb Code     0  libinit2.o(.ARM.Collect$$libinit$$00000011)
    __rt_lib_init_lc_numeric_1               0x00000147   Thumb Code     0  libinit2.o(.ARM.Collect$$libinit$$00000013)
    __rt_lib_init_lc_time_1                  0x00000147   Thumb Code     0  libinit2.o(.ARM.Collect$$libinit$$00000015)
    __rt_lib_init_rand_1                     0x00000147   Thumb Code     0  libinit2.o(.ARM.Collect$$libinit$$0000000A)
    __rt_lib_init_return                     0x00000147   Thumb Code     0  libinit2.o(.ARM.Collect$$libinit$$0000002F)
    __rt_lib_init_signal_1                   0x00000147   Thumb Code     0  libinit2.o(.ARM.Collect$$libinit$$00000019)
    __rt_lib_init_stdio_1                    0x00000147   Thumb Code     0  libinit2.o(.ARM.Collect$$libinit$$00000021)
    __rt_lib_init_user_alloc_1               0x00000147   Thumb Code     0  libinit2.o(.ARM.Collect$$libinit$$00000008)
    __rt_lib_shutdown                        0x00000149   Thumb Code     0  libshutdown.o(.ARM.Collect$$libshutdown$$00000000)
    __rt_lib_shutdown_fp_trap_1              0x0000014b   Thumb Code     0  libshutdown2.o(.ARM.Collect$$libshutdown$$00000006)
    __rt_lib_shutdown_heap_1                 0x0000014b   Thumb Code     0  libshutdown2.o(.ARM.Collect$$libshutdown$$0000000E)
    __rt_lib_shutdown_return                 0x0000014b   Thumb Code     0  libshutdown2.o(.ARM.Collect$$libshutdown$$0000000F)
    __rt_lib_shutdown_signal_1               0x0000014b   Thumb Code     0  libshutdown2.o(.ARM.Collect$$libshutdown$$00000009)
    __rt_lib_shutdown_stdio_1                0x0000014b   Thumb Code     0  libshutdown2.o(.ARM.Collect$$libshutdown$$00000003)
    __rt_lib_shutdown_user_alloc_1           0x0000014b   Thumb Code     0  libshutdown2.o(.ARM.Collect$$libshutdown$$0000000B)
    __rt_entry                               0x0000014d   Thumb Code     0  rtentry.o(.ARM.Collect$$rtentry$$00000000)
    __rt_entry_presh_1                       0x0000014d   Thumb Code     0  rtentry2.o(.ARM.Collect$$rtentry$$00000002)
    __rt_entry_sh                            0x0000014d   Thumb Code     0  rtentry4.o(.ARM.Collect$$rtentry$$00000004)
    __rt_entry_li                            0x00000153   Thumb Code     0  rtentry2.o(.ARM.Collect$$rtentry$$0000000A)
    __rt_entry_postsh_1                      0x00000153   Thumb Code     0  rtentry2.o(.ARM.Collect$$rtentry$$00000009)
    __rt_entry_main                          0x00000157   Thumb Code     0  rtentry2.o(.ARM.Collect$$rtentry$$0000000D)
    __rt_entry_postli_1                      0x00000157   Thumb Code     0  rtentry2.o(.ARM.Collect$$rtentry$$0000000C)
    __rt_exit                                0x0000015f   Thumb Code     0  rtexit.o(.ARM.Collect$$rtexit$$00000000)
    __rt_exit_ls                             0x00000161   Thumb Code     0  rtexit2.o(.ARM.Collect$$rtexit$$00000003)
    __rt_exit_prels_1                        0x00000161   Thumb Code     0  rtexit2.o(.ARM.Collect$$rtexit$$00000002)
    __rt_exit_exit                           0x00000165   Thumb Code     0  rtexit2.o(.ARM.Collect$$rtexit$$00000004)
    Reset_Handler                            0x0000016d   Thumb Code     8  startup_lpc17xx.o(.text)
    NMI_Handler                              0x00000175   Thumb Code     2  startup_lpc17xx.o(.text)
    HardFault_Handler                        0x00000177   Thumb Code     2  startup_lpc17xx.o(.text)
    MemManage_Handler                        0x00000179   Thumb Code     2  startup_lpc17xx.o(.text)
    BusFault_Handler                         0x0000017b   Thumb Code     2  startup_lpc17xx.o(.text)
    UsageFault_Handler                       0x0000017d   Thumb Code     2  startup_lpc17xx.o(.text)
    SVC_Handler                              0x0000017f   Thumb Code     2  startup_lpc17xx.o(.text)
    DebugMon_Handler                         0x00000181   Thumb Code     2  startup_lpc17xx.o(.text)
    PendSV_Handler                           0x00000183   Thumb Code     2  startup_lpc17xx.o(.text)
    SysTick_Handler                          0x00000185   Thumb Code     2  startup_lpc17xx.o(.text)
    ADC_IRQHandler                           0x00000187   Thumb Code     0  startup_lpc17xx.o(.text)
    BOD_IRQHandler                           0x00000187   Thumb Code     0  startup_lpc17xx.o(.text)
    CANActivity_IRQHandler                   0x00000187   Thumb Code     0  startup_lpc17xx.o(.text)
    CAN_IRQHandler                           0x00000187   Thumb Code     0  startup_lpc17xx.o(.text)
    DMA_IRQHandler                           0x00000187   Thumb Code     0  startup_lpc17xx.o(.text)
    EINT0_IRQHandler                         0x00000187   Thumb Code     0  startup_lpc17xx.o(.text)
    EINT1_IRQHandler                         0x00000187   Thumb Code     0  startup_lpc17xx.o(.text)
    EINT2_IRQHandler                         0x00000187   Thumb Code     0  startup_lpc17xx.o(.text)
    EINT3_IRQHandler                         0x00000187   Thumb Code     0  startup_lpc17xx.o(.text)
    ENET_IRQHandler                          0x00000187   Thumb Code     0  startup_lpc17xx.o(.text)
    I2C0_IRQHandler                          0x00000187   Thumb Code     0  startup_lpc17xx.o(.text)
    I2C1_IRQHandler                          0x00000187   Thumb Code     0  startup_lpc17xx.o(.text)
    I2C2_IRQHandler                          0x00000187   Thumb Code     0  startup_lpc17xx.o(.text)
    I2S_IRQHandler                           0x00000187   Thumb Code     0  startup_lpc17xx.o(.text)
    PLL0_IRQHandler                          0x00000187   Thumb Code     0  startup_lpc17xx.o(.text)
    PLL1_IRQHandler                          0x00000187   Thumb Code     0  startup_lpc17xx.o(.text)
    PWM1_IRQHandler                          0x00000187   Thumb Code     0  startup_lpc17xx.o(.text)
    QEI_IRQHandler                           0x00000187   Thumb Code     0  startup_lpc17xx.o(.text)
    RIT_IRQHandler                           0x00000187   Thumb Code     0  startup_lpc17xx.o(.text)
    RTC_IRQHandler                           0x00000187   Thumb Code     0  startup_lpc17xx.o(.text)
    SPI_IRQHandler                           0x00000187   Thumb Code     0  startup_lpc17xx.o(.text)
    SSP0_IRQHandler                          0x00000187   Thumb Code     0  startup_lpc17xx.o(.text)
    SSP1_IRQHandler                          0x00000187   Thumb Code     0  startup_lpc17xx.o(.text)
    TIMER2_IRQHandler                        0x00000187   Thumb Code     0  startup_lpc17xx.o(.text)
    TIMER3_IRQHandler                        0x00000187   Thumb Code     0  startup_lpc17xx.o(.text)
    UART0_IRQHandler                         0x00000187   Thumb Code     0  startup_lpc17xx.o(.text)
    UART1_IRQHandler                         0x00000187   Thumb Code     0  startup_lpc17xx.o(.text)
    UART2_IRQHandler                         0x00000187   Thumb Code     0  startup_lpc17xx.o(.text)
    UART3_IRQHandler                         0x00000187   Thumb Code     0  startup_lpc17xx.o(.text)
    USBActivity_IRQHandler                   0x00000187   Thumb Code     0  startup_lpc17xx.o(.text)
    USB_IRQHandler                           0x00000187   Thumb Code     0  startup_lpc17xx.o(.text)
    WDT_IRQHandler                           0x00000187   Thumb Code     0  startup_lpc17xx.o(.text)
    __user_initial_stackheap                 0x00000189   Thumb Code     0  startup_lpc17xx.o(.text)
    SystemInit                               0x000001a9   Thumb Code   250  system_lpc17xx.o(.text)
    SystemClockUpdate                        0x000002a3   Thumb Code   320  system_lpc17xx.o(.text)
    MCPWM_IRQHandler                         0x0000042d   Thumb Code     8  mcpwm.o(.text)
    MCPWM_Init                               0x00000435   Thumb Code    64  mcpwm.o(.text)
    MCPWM_Config                             0x00000475   Thumb Code   462  mcpwm.o(.text)
    MCPWM_WriteToShadow                      0x00000643   Thumb Code    56  mcpwm.o(.text)
    MCPWM_CaptureEvent                       0x0000067b   Thumb Code   116  mcpwm.o(.text)
    MCPWM_countControl                       0x000006ef   Thumb Code    92  mcpwm.o(.text)
    MCPWM_Start                              0x0000074b   Thumb Code    38  mcpwm.o(.text)
    MCPWM_Stop                               0x00000771   Thumb Code    38  mcpwm.o(.text)
    MCPWM_acMode                             0x00000797   Thumb Code    22  mcpwm.o(.text)
    MCPWM_dcMode                             0x000007ad   Thumb Code    48  mcpwm.o(.text)
    main                                     0x00000835   Thumb Code   184  mcpwmtest.o(.text)
    delayMs                                  0x000008f1   Thumb Code   120  timer.o(.text)
    TIMER0_IRQHandler                        0x00000969   Thumb Code    24  timer.o(.text)
    TIMER1_IRQHandler                        0x00000981   Thumb Code    22  timer.o(.text)
    enable_timer                             0x00000997   Thumb Code    24  timer.o(.text)
    disable_timer                            0x000009af   Thumb Code    24  timer.o(.text)
    reset_timer                              0x000009c7   Thumb Code    30  timer.o(.text)
    init_timer                               0x000009e5   Thumb Code    84  timer.o(.text)
    __use_two_region_memory                  0x00000a65   Thumb Code     2  heapauxi.o(.text)
    __rt_heap_escrow$2region                 0x00000a67   Thumb Code     2  heapauxi.o(.text)
    __rt_heap_expand$2region                 0x00000a69   Thumb Code     2  heapauxi.o(.text)
    __user_setup_stackheap                   0x00000a6b   Thumb Code    74  sys_stackheap_outer.o(.text)
    exit                                     0x00000ab5   Thumb Code    12  exit.o(.text)
    __user_libspace                          0x00000ac1   Thumb Code     8  libspace.o(.text)
    __user_perproc_libspace                  0x00000ac1   Thumb Code     0  libspace.o(.text)
    __user_perthread_libspace                0x00000ac1   Thumb Code     0  libspace.o(.text)
    __rt_fp_status_addr                      0x00000ac9   Thumb Code     8  rt_fp_status_addr_intlibspace.o(.text)
    _sys_exit                                0x00000ad1   Thumb Code     8  sys_exit.o(.text)
    __I$use$semihosting                      0x00000add   Thumb Code     0  use_no_semi.o(.text)
    __use_no_semihosting_swi                 0x00000add   Thumb Code     2  use_no_semi.o(.text)
    __semihosting_library_function           0x00000adf   Thumb Code     0  indicate_semi.o(.text)
    _fp_init                                 0x00000adf   Thumb Code    14  fpinit.o(x$fpl$fpinit)
    __fplib_config_pureend_doubles           0x00000aeb   Thumb Code     0  fpinit.o(x$fpl$fpinit)
    Region$$Table$$Base                      0x00000aec   Number         0  anon$$obj.o(Region$$Table)
    Region$$Table$$Limit                     0x00000b0c   Number         0  anon$$obj.o(Region$$Table)
    SystemFrequency                          0x10000000   Data           4  system_lpc17xx.o(.data)
    timer0_counter                           0x10000004   Data           4  timer.o(.data)
    timer1_counter                           0x10000008   Data           4  timer.o(.data)
    __libspace_start                         0x1000000c   Data          96  libspace.o(.bss)
    __temporary_stack_top$libspace           0x1000006c   Data           0  libspace.o(.bss)



==============================================================================

Memory Map of the image

  Image Entry point : 0x000000cd

  Load Region LR_IROM1 (Base: 0x00000000, Size: 0x00000b18, Max: 0x00080000, ABSOLUTE)

    Execution Region ER_IROM1 (Base: 0x00000000, Size: 0x00000b0c, Max: 0x00080000, ABSOLUTE)

    Base Addr    Size         Type   Attr      Idx    E Section Name        Object

    0x00000000   0x000000cc   Data   RO            3    RESET               startup_lpc17xx.o
    0x000000cc   0x00000008   Code   RO          113  * !!!main             c_w.l(__main.o)
    0x000000d4   0x00000034   Code   RO          276    !!!scatter          c_w.l(__scatter.o)
    0x00000108   0x0000001a   Code   RO          278    !!handler_copy      c_w.l(__scatter_copy.o)
    0x00000122   0x00000002   PAD
    0x00000124   0x0000001c   Code   RO          280    !!handler_zi        c_w.l(__scatter_zi.o)
    0x00000140   0x00000006   Code   RO          145    .ARM.Collect$$libinit$$00000000  c_w.l(libinit.o)
    0x00000146   0x00000000   Code   RO          153    .ARM.Collect$$libinit$$00000006  c_w.l(libinit2.o)
    0x00000146   0x00000000   Code   RO          155    .ARM.Collect$$libinit$$00000008  c_w.l(libinit2.o)
    0x00000146   0x00000000   Code   RO          157    .ARM.Collect$$libinit$$0000000A  c_w.l(libinit2.o)
    0x00000146   0x00000000   Code   RO          160    .ARM.Collect$$libinit$$0000000D  c_w.l(libinit2.o)
    0x00000146   0x00000000   Code   RO          162    .ARM.Collect$$libinit$$0000000F  c_w.l(libinit2.o)
    0x00000146   0x00000000   Code   RO          164    .ARM.Collect$$libinit$$00000011  c_w.l(libinit2.o)
    0x00000146   0x00000000   Code   RO          166    .ARM.Collect$$libinit$$00000013  c_w.l(libinit2.o)
    0x00000146   0x00000000   Code   RO          168    .ARM.Collect$$libinit$$00000015  c_w.l(libinit2.o)
    0x00000146   0x00000000   Code   RO          170    .ARM.Collect$$libinit$$00000017  c_w.l(libinit2.o)
    0x00000146   0x00000000   Code   RO          172    .ARM.Collect$$libinit$$00000019  c_w.l(libinit2.o)
    0x00000146   0x00000000   Code   RO          174    .ARM.Collect$$libinit$$0000001B  c_w.l(libinit2.o)
    0x00000146   0x00000000   Code   RO          176    .ARM.Collect$$libinit$$0000001D  c_w.l(libinit2.o)
    0x00000146   0x00000000   Code   RO          178    .ARM.Collect$$libinit$$0000001F  c_w.l(libinit2.o)
    0x00000146   0x00000000   Code   RO          180    .ARM.Collect$$libinit$$00000021  c_w.l(libinit2.o)
    0x00000146   0x00000000   Code   RO          184    .ARM.Collect$$libinit$$00000028  c_w.l(libinit2.o)
    0x00000146   0x00000000   Code   RO          186    .ARM.Collect$$libinit$$0000002A  c_w.l(libinit2.o)
    0x00000146   0x00000000   Code   RO          188    .ARM.Collect$$libinit$$0000002C  c_w.l(libinit2.o)
    0x00000146   0x00000000   Code   RO          190    .ARM.Collect$$libinit$$0000002E  c_w.l(libinit2.o)
    0x00000146   0x00000002   Code   RO          191    .ARM.Collect$$libinit$$0000002F  c_w.l(libinit2.o)
    0x00000148   0x00000002   Code   RO          217    .ARM.Collect$$libshutdown$$00000000  c_w.l(libshutdown.o)
    0x0000014a   0x00000000   Code   RO          231    .ARM.Collect$$libshutdown$$00000003  c_w.l(libshutdown2.o)
    0x0000014a   0x00000000   Code   RO          234    .ARM.Collect$$libshutdown$$00000006  c_w.l(libshutdown2.o)
    0x0000014a   0x00000000   Code   RO          237    .ARM.Collect$$libshutdown$$00000009  c_w.l(libshutdown2.o)
    0x0000014a   0x00000000   Code   RO          239    .ARM.Collect$$libshutdown$$0000000B  c_w.l(libshutdown2.o)
    0x0000014a   0x00000000   Code   RO          242    .ARM.Collect$$libshutdown$$0000000E  c_w.l(libshutdown2.o)
    0x0000014a   0x00000002   Code   RO          243    .ARM.Collect$$libshutdown$$0000000F  c_w.l(libshutdown2.o)
    0x0000014c   0x00000000   Code   RO          115    .ARM.Collect$$rtentry$$00000000  c_w.l(rtentry.o)
    0x0000014c   0x00000000   Code   RO          118    .ARM.Collect$$rtentry$$00000002  c_w.l(rtentry2.o)
    0x0000014c   0x00000006   Code   RO          133    .ARM.Collect$$rtentry$$00000004  c_w.l(rtentry4.o)
    0x00000152   0x00000000   Code   RO          120    .ARM.Collect$$rtentry$$00000009  c_w.l(rtentry2.o)
    0x00000152   0x00000004   Code   RO          121    .ARM.Collect$$rtentry$$0000000A  c_w.l(rtentry2.o)
    0x00000156   0x00000000   Code   RO          123    .ARM.Collect$$rtentry$$0000000C  c_w.l(rtentry2.o)
    0x00000156   0x00000008   Code   RO          124    .ARM.Collect$$rtentry$$0000000D  c_w.l(rtentry2.o)
    0x0000015e   0x00000002   Code   RO          149    .ARM.Collect$$rtexit$$00000000  c_w.l(rtexit.o)
    0x00000160   0x00000000   Code   RO          195    .ARM.Collect$$rtexit$$00000002  c_w.l(rtexit2.o)
    0x00000160   0x00000004   Code   RO          196    .ARM.Collect$$rtexit$$00000003  c_w.l(rtexit2.o)
    0x00000164   0x00000006   Code   RO          197    .ARM.Collect$$rtexit$$00000004  c_w.l(rtexit2.o)
    0x0000016a   0x00000002   PAD
    0x0000016c   0x0000003c   Code   RO            4    .text               startup_lpc17xx.o
    0x000001a8   0x00000284   Code   RO           24    .text               system_lpc17xx.o
    0x0000042c   0x00000408   Code   RO           48    .text               mcpwm.o
    0x00000834   0x000000bc   Code   RO           73    .text               mcpwmtest.o
    0x000008f0   0x00000174   Code   RO           88    .text               timer.o
    0x00000a64   0x00000006   Code   RO          111    .text               c_w.l(heapauxi.o)
    0x00000a6a   0x0000004a   Code   RO          135    .text               c_w.l(sys_stackheap_outer.o)
    0x00000ab4   0x0000000c   Code   RO          137    .text               c_w.l(exit.o)
    0x00000ac0   0x00000008   Code   RO          146    .text               c_w.l(libspace.o)
    0x00000ac8   0x00000008   Code   RO          205    .text               c_w.l(rt_fp_status_addr_intlibspace.o)
    0x00000ad0   0x0000000c   Code   RO          209    .text               c_w.l(sys_exit.o)
    0x00000adc   0x00000002   Code   RO          220    .text               c_w.l(use_no_semi.o)
    0x00000ade   0x00000000   Code   RO          222    .text               c_w.l(indicate_semi.o)
    0x00000ade   0x0000000e   Code   RO          192    x$fpl$fpinit        fz_ws.l(fpinit.o)
    0x00000aec   0x00000020   Data   RO          274    Region$$Table       anon$$obj.o


    Execution Region RW_IRAM1 (Base: 0x10000000, Size: 0x00000270, Max: 0x00010000, ABSOLUTE)

    Base Addr    Size         Type   Attr      Idx    E Section Name        Object

    0x10000000   0x00000004   Data   RW           25    .data               system_lpc17xx.o
    0x10000004   0x00000008   Data   RW           89    .data               timer.o
    0x1000000c   0x00000060   Zero   RW          147    .bss                c_w.l(libspace.o)
    0x1000006c   0x00000004   PAD
    0x10000070   0x00000000   Zero   RW            2    HEAP                startup_lpc17xx.o
    0x10000070   0x00000200   Zero   RW            1    STACK               startup_lpc17xx.o


    Execution Region RW_IRAM2 (Base: 0x20000000, Size: 0x00000000, Max: 0x00008000, ABSOLUTE)

    **** No section assigned to this execution region ****


==============================================================================

Image component sizes


      Code (inc. data)   RO Data    RW Data    ZI Data      Debug   Object Name

         0          0          0          0          0       4164   core_cm3.o
      1032         58          0          0          0       8882   mcpwm.o
       188          4          0          0          0        591   mcpwmtest.o
        60         22        204          0        512        764   startup_lpc17xx.o
       644         74          0          4          0      15937   system_lpc17xx.o
       372         14          0          8          0      22004   timer.o

    ----------------------------------------------------------------------
      2296        172        236         12        512      52342   Object Totals
         0          0         32          0          0          0   (incl. Generated)
         0          0          0          0          0          0   (incl. Padding)

    ----------------------------------------------------------------------

      Code (inc. data)   RO Data    RW Data    ZI Data      Debug   Library Member Name

         8          0          0          0          0         68   __main.o
        52          8          0          0          0          0   __scatter.o
        26          0          0          0          0          0   __scatter_copy.o
        28          0          0          0          0          0   __scatter_zi.o
        12          0          0          0          0         72   exit.o
         6          0          0          0          0        152   heapauxi.o
         0          0          0          0          0          0   indicate_semi.o
         6          0          0          0          0          0   libinit.o
         2          0          0          0          0          0   libinit2.o
         2          0          0          0          0          0   libshutdown.o
         2          0          0          0          0          0   libshutdown2.o
         8          4          0          0         96         68   libspace.o
         8          4          0          0          0         68   rt_fp_status_addr_intlibspace.o
         0          0          0          0          0          0   rtentry.o
        12          0          0          0          0          0   rtentry2.o
         6          0          0          0          0          0   rtentry4.o
         2          0          0          0          0          0   rtexit.o
        10          0          0          0          0          0   rtexit2.o
        12          4          0          0          0         68   sys_exit.o
        74          0          0          0          0         80   sys_stackheap_outer.o
         2          0          0          0          0         68   use_no_semi.o
        14          0          0          0          0         76   fpinit.o

    ----------------------------------------------------------------------
       296         20          0          0        100        720   Library Totals
         4          0          0          0          4          0   (incl. Padding)

    ----------------------------------------------------------------------

      Code (inc. data)   RO Data    RW Data    ZI Data      Debug   Library Name

       278         20          0          0         96        644   c_w.l
        14          0          0          0          0         76   fz_ws.l

    ----------------------------------------------------------------------
       296         20          0          0        100        720   Library Totals

    ----------------------------------------------------------------------

==============================================================================


      Code (inc. data)   RO Data    RW Data    ZI Data      Debug   

      2592        192        236         12        612      52282   Grand Totals
      2592        192        236         12        612      52282   ELF Image Totals
      2592        192        236         12          0          0   ROM Totals

==============================================================================

    Total RO  Size (Code + RO Data)                 2828 (   2.76kB)
    Total RW  Size (RW Data + ZI Data)               624 (   0.61kB)
    Total ROM Size (Code + RO Data + RW Data)       2840 (   2.77kB)

==============================================================================

